Archive member included to satisfy reference by file (symbol)

/Applications/STM32CubeIDE 2.app/Contents/Eclipse/plugins/com.st.stm32cube.ide.mcu.externaltools.gnu-tools-for-stm32.10.3-2021.10.macos64_1.0.0.202111181127/tools/bin/../lib/gcc/arm-none-eabi/10.3.1/../../../../arm-none-eabi/lib/thumb/v7-m/nofp/libm.a(lib_a-s_cos.o)
                              ./Core/Src/lcdtp.o (cos)
/Applications/STM32CubeIDE 2.app/Contents/Eclipse/plugins/com.st.stm32cube.ide.mcu.externaltools.gnu-tools-for-stm32.10.3-2021.10.macos64_1.0.0.202111181127/tools/bin/../lib/gcc/arm-none-eabi/10.3.1/../../../../arm-none-eabi/lib/thumb/v7-m/nofp/libm.a(lib_a-s_sin.o)
                              ./Core/Src/lcdtp.o (sin)
/Applications/STM32CubeIDE 2.app/Contents/Eclipse/plugins/com.st.stm32cube.ide.mcu.externaltools.gnu-tools-for-stm32.10.3-2021.10.macos64_1.0.0.202111181127/tools/bin/../lib/gcc/arm-none-eabi/10.3.1/../../../../arm-none-eabi/lib/thumb/v7-m/nofp/libm.a(lib_a-e_rem_pio2.o)
                              /Applications/STM32CubeIDE 2.app/Contents/Eclipse/plugins/com.st.stm32cube.ide.mcu.externaltools.gnu-tools-for-stm32.10.3-2021.10.macos64_1.0.0.202111181127/tools/bin/../lib/gcc/arm-none-eabi/10.3.1/../../../../arm-none-eabi/lib/thumb/v7-m/nofp/libm.a(lib_a-s_cos.o) (__ieee754_rem_pio2)
/Applications/STM32CubeIDE 2.app/Contents/Eclipse/plugins/com.st.stm32cube.ide.mcu.externaltools.gnu-tools-for-stm32.10.3-2021.10.macos64_1.0.0.202111181127/tools/bin/../lib/gcc/arm-none-eabi/10.3.1/../../../../arm-none-eabi/lib/thumb/v7-m/nofp/libm.a(lib_a-k_cos.o)
                              /Applications/STM32CubeIDE 2.app/Contents/Eclipse/plugins/com.st.stm32cube.ide.mcu.externaltools.gnu-tools-for-stm32.10.3-2021.10.macos64_1.0.0.202111181127/tools/bin/../lib/gcc/arm-none-eabi/10.3.1/../../../../arm-none-eabi/lib/thumb/v7-m/nofp/libm.a(lib_a-s_cos.o) (__kernel_cos)
/Applications/STM32CubeIDE 2.app/Contents/Eclipse/plugins/com.st.stm32cube.ide.mcu.externaltools.gnu-tools-for-stm32.10.3-2021.10.macos64_1.0.0.202111181127/tools/bin/../lib/gcc/arm-none-eabi/10.3.1/../../../../arm-none-eabi/lib/thumb/v7-m/nofp/libm.a(lib_a-k_rem_pio2.o)
                              /Applications/STM32CubeIDE 2.app/Contents/Eclipse/plugins/com.st.stm32cube.ide.mcu.externaltools.gnu-tools-for-stm32.10.3-2021.10.macos64_1.0.0.202111181127/tools/bin/../lib/gcc/arm-none-eabi/10.3.1/../../../../arm-none-eabi/lib/thumb/v7-m/nofp/libm.a(lib_a-e_rem_pio2.o) (__kernel_rem_pio2)
/Applications/STM32CubeIDE 2.app/Contents/Eclipse/plugins/com.st.stm32cube.ide.mcu.externaltools.gnu-tools-for-stm32.10.3-2021.10.macos64_1.0.0.202111181127/tools/bin/../lib/gcc/arm-none-eabi/10.3.1/../../../../arm-none-eabi/lib/thumb/v7-m/nofp/libm.a(lib_a-k_sin.o)
                              /Applications/STM32CubeIDE 2.app/Contents/Eclipse/plugins/com.st.stm32cube.ide.mcu.externaltools.gnu-tools-for-stm32.10.3-2021.10.macos64_1.0.0.202111181127/tools/bin/../lib/gcc/arm-none-eabi/10.3.1/../../../../arm-none-eabi/lib/thumb/v7-m/nofp/libm.a(lib_a-s_cos.o) (__kernel_sin)
/Applications/STM32CubeIDE 2.app/Contents/Eclipse/plugins/com.st.stm32cube.ide.mcu.externaltools.gnu-tools-for-stm32.10.3-2021.10.macos64_1.0.0.202111181127/tools/bin/../lib/gcc/arm-none-eabi/10.3.1/../../../../arm-none-eabi/lib/thumb/v7-m/nofp/libm.a(lib_a-s_fabs.o)
                              /Applications/STM32CubeIDE 2.app/Contents/Eclipse/plugins/com.st.stm32cube.ide.mcu.externaltools.gnu-tools-for-stm32.10.3-2021.10.macos64_1.0.0.202111181127/tools/bin/../lib/gcc/arm-none-eabi/10.3.1/../../../../arm-none-eabi/lib/thumb/v7-m/nofp/libm.a(lib_a-e_rem_pio2.o) (fabs)
/Applications/STM32CubeIDE 2.app/Contents/Eclipse/plugins/com.st.stm32cube.ide.mcu.externaltools.gnu-tools-for-stm32.10.3-2021.10.macos64_1.0.0.202111181127/tools/bin/../lib/gcc/arm-none-eabi/10.3.1/../../../../arm-none-eabi/lib/thumb/v7-m/nofp/libm.a(lib_a-s_floor.o)
                              /Applications/STM32CubeIDE 2.app/Contents/Eclipse/plugins/com.st.stm32cube.ide.mcu.externaltools.gnu-tools-for-stm32.10.3-2021.10.macos64_1.0.0.202111181127/tools/bin/../lib/gcc/arm-none-eabi/10.3.1/../../../../arm-none-eabi/lib/thumb/v7-m/nofp/libm.a(lib_a-k_rem_pio2.o) (floor)
/Applications/STM32CubeIDE 2.app/Contents/Eclipse/plugins/com.st.stm32cube.ide.mcu.externaltools.gnu-tools-for-stm32.10.3-2021.10.macos64_1.0.0.202111181127/tools/bin/../lib/gcc/arm-none-eabi/10.3.1/../../../../arm-none-eabi/lib/thumb/v7-m/nofp/libm.a(lib_a-s_scalbn.o)
                              /Applications/STM32CubeIDE 2.app/Contents/Eclipse/plugins/com.st.stm32cube.ide.mcu.externaltools.gnu-tools-for-stm32.10.3-2021.10.macos64_1.0.0.202111181127/tools/bin/../lib/gcc/arm-none-eabi/10.3.1/../../../../arm-none-eabi/lib/thumb/v7-m/nofp/libm.a(lib_a-k_rem_pio2.o) (scalbn)
[...]
Memory Configuration

Name             Origin             Length             Attributes
RAM              0x0000000020000000 0x0000000000010000 xrw
FLASH            0x0000000008000000 0x0000000000080000 xr
*default*        0x0000000000000000 0xffffffffffffffff

Linker script and memory map

LOAD /Applications/STM32CubeIDE 2.app/Contents/Eclipse/plugins/com.st.stm32cube.ide.mcu.externaltools.gnu-tools-for-stm32.10.3-2021.10.macos64_1.0.0.202111181127/tools/bin/../lib/gcc/arm-none-eabi/10.3.1/thumb/v7-m/nofp/crti.o
LOAD /Applications/STM32CubeIDE 2.app/Contents/Eclipse/plugins/com.st.stm32cube.ide.mcu.externaltools.gnu-tools-for-stm32.10.3-2021.10.macos64_1.0.0.202111181127/tools/bin/../lib/gcc/arm-none-eabi/10.3.1/thumb/v7-m/nofp/crtbegin.o
LOAD /Applications/STM32CubeIDE 2.app/Contents/Eclipse/plugins/com.st.stm32cube.ide.mcu.externaltools.gnu-tools-for-stm32.10.3-2021.10.macos64_1.0.0.202111181127/tools/bin/../lib/gcc/arm-none-eabi/10.3.1/../../../../arm-none-eabi/lib/thumb/v7-m/nofp/crt0.o
LOAD ./Core/Src/UI.o
LOAD ./Core/Src/adc.o
LOAD ./Core/Src/alarm.o
LOAD ./Core/Src/bsp_usart.o
LOAD ./Core/Src/buzzer.o
LOAD ./Core/Src/dht11.o
LOAD ./Core/Src/esp8266.o
LOAD ./Core/Src/fsmc.o
LOAD ./Core/Src/gpio.o
LOAD ./Core/Src/interface.o
LOAD ./Core/Src/lcdtp.o
LOAD ./Core/Src/main.o
LOAD ./Core/Src/pet.o
LOAD ./Core/Src/printf.o
LOAD ./Core/Src/ring_buffer.o
LOAD ./Core/Src/rtc.o
LOAD ./Core/Src/stm32f1xx_hal_msp.o
LOAD ./Core/Src/stm32f1xx_it.o
LOAD ./Core/Src/syscalls.o
LOAD ./Core/Src/sysmem.o
LOAD ./Core/Src/system_stm32f1xx.o
LOAD ./Core/Src/tim.o
LOAD ./Core/Src/timer.o
LOAD ./Core/Src/usart.o
LOAD ./Core/Src/xpt2046.o
LOAD ./Core/Startup/startup_stm32f103vetx.o
LOAD ./Core/batch/cold1.o
LOAD ./Core/batch/cold2.o
LOAD ./Core/batch/happy1.o
LOAD ./Core/batch/hot1.o
LOAD ./Core/batch/hot2.o
LOAD ./Core/batch/normal.o
LOAD ./Core/batch/sleep1.o
LOAD ./Core/batch/sleep2.o
LOAD ./Core/batch/sleep3.o
LOAD ./Core/batch/sleep_water.o
LOAD ./Core/batch/water1.o
LOAD ./Core/batch/water1_night.o
LOAD ./Core/batch/water2.o
LOAD ./Core/batch/water2_night.o
LOAD ./Core/batch/water3.o
LOAD ./Core/batch/water3_night.o
LOAD ./Drivers/STM32F1xx_HAL_Driver/Src/stm32f1xx_hal.o
LOAD ./Drivers/STM32F1xx_HAL_Driver/Src/stm32f1xx_hal_adc.o
LOAD ./Drivers/STM32F1xx_HAL_Driver/Src/stm32f1xx_hal_adc_ex.o
LOAD ./Drivers/STM32F1xx_HAL_Driver/Src/stm32f1xx_hal_cortex.o
LOAD ./Drivers/STM32F1xx_HAL_Driver/Src/stm32f1xx_hal_dma.o
LOAD ./Drivers/STM32F1xx_HAL_Driver/Src/stm32f1xx_hal_flash.o
LOAD ./Drivers/STM32F1xx_HAL_Driver/Src/stm32f1xx_hal_flash_ex.o
LOAD ./Drivers/STM32F1xx_HAL_Driver/Src/stm32f1xx_hal_gpio.o
LOAD ./Drivers/STM32F1xx_HAL_Driver/Src/stm32f1xx_hal_gpio_ex.o
LOAD ./Drivers/STM32F1xx_HAL_Driver/Src/stm32f1xx_hal_pwr.o
LOAD ./Drivers/STM32F1xx_HAL_Driver/Src/stm32f1xx_hal_rcc.o
LOAD ./Drivers/STM32F1xx_HAL_Driver/Src/stm32f1xx_hal_rcc_ex.o
LOAD ./Drivers/STM32F1xx_HAL_Driver/Src/stm32f1xx_hal_rtc.o
LOAD ./Drivers/STM32F1xx_HAL_Driver/Src/stm32f1xx_hal_rtc_ex.o
LOAD ./Drivers/STM32F1xx_HAL_Driver/Src/stm32f1xx_hal_sram.o
LOAD ./Drivers/STM32F1xx_HAL_Driver/Src/stm32f1xx_hal_tim.o
LOAD ./Drivers/STM32F1xx_HAL_Driver/Src/stm32f1xx_hal_tim_ex.o
LOAD ./Drivers/STM32F1xx_HAL_Driver/Src/stm32f1xx_hal_uart.o
LOAD ./Drivers/STM32F1xx_HAL_Driver/Src/stm32f1xx_ll_fsmc.o
START GROUP
LOAD /Applications/STM32CubeIDE 2.app/Contents/Eclipse/plugins/com.st.stm32cube.ide.mcu.externaltools.gnu-tools-for-stm32.10.3-2021.10.macos64_1.0.0.202111181127/tools/bin/../lib/gcc/arm-none-eabi/10.3.1/../../../../arm-none-eabi/lib/thumb/v7-m/nofp/libstdc++_nano.a
LOAD /Applications/STM32CubeIDE 2.app/Contents/Eclipse/plugins/com.st.stm32cube.ide.mcu.externaltools.gnu-tools-for-stm32.10.3-2021.10.macos64_1.0.0.202111181127/tools/bin/../lib/gcc/arm-none-eabi/10.3.1/../../../../arm-none-eabi/lib/thumb/v7-m/nofp/libsupc++_nano.a
END GROUP
LOAD /Applications/STM32CubeIDE 2.app/Contents/Eclipse/plugins/com.st.stm32cube.ide.mcu.externaltools.gnu-tools-for-stm32.10.3-2021.10.macos64_1.0.0.202111181127/tools/bin/../lib/gcc/arm-none-eabi/10.3.1/../../../../arm-none-eabi/lib/thumb/v7-m/nofp/libstdc++_nano.a
LOAD /Applications/STM32CubeIDE 2.app/Contents/Eclipse/plugins/com.st.stm32cube.ide.mcu.externaltools.gnu-tools-for-stm32.10.3-2021.10.macos64_1.0.0.202111181127/tools/bin/../lib/gcc/arm-none-eabi/10.3.1/../../../../arm-none-eabi/lib/thumb/v7-m/nofp/libm.a
LOAD /Applications/STM32CubeIDE 2.app/Contents/Eclipse/plugins/com.st.stm32cube.ide.mcu.externaltools.gnu-tools-for-stm32.10.3-2021.10.macos64_1.0.0.202111181127/tools/bin/../lib/gcc/arm-none-eabi/10.3.1/../../../../arm-none-eabi/lib/thumb/v7-m/nofp/libc_nano.a
START GROUP
LOAD /Applications/STM32CubeIDE 2.app/Contents/Eclipse/plugins/com.st.stm32cube.ide.mcu.externaltools.gnu-tools-for-stm32.10.3-2021.10.macos64_1.0.0.202111181127/tools/bin/../lib/gcc/arm-none-eabi/10.3.1/thumb/v7-m/nofp/libgcc.a
LOAD /Applications/STM32CubeIDE 2.app/Contents/Eclipse/plugins/com.st.stm32cube.ide.mcu.externaltools.gnu-tools-for-stm32.10.3-2021.10.macos64_1.0.0.202111181127/tools/bin/../lib/gcc/arm-none-eabi/10.3.1/../../../../arm-none-eabi/lib/thumb/v7-m/nofp/libc_nano.a
END GROUP
START GROUP
LOAD /Applications/STM32CubeIDE 2.app/Contents/Eclipse/plugins/com.st.stm32cube.ide.mcu.externaltools.gnu-tools-for-stm32.10.3-2021.10.macos64_1.0.0.202111181127/tools/bin/../lib/gcc/arm-none-eabi/10.3.1/thumb/v7-m/nofp/libgcc.a
LOAD /Applications/STM32CubeIDE 2.app/Contents/Eclipse/plugins/com.st.stm32cube.ide.mcu.externaltools.gnu-tools-for-stm32.10.3-2021.10.macos64_1.0.0.202111181127/tools/bin/../lib/gcc/arm-none-eabi/10.3.1/../../../../arm-none-eabi/lib/thumb/v7-m/nofp/libc_nano.a
LOAD /Applications/STM32CubeIDE 2.app/Contents/Eclipse/plugins/com.st.stm32cube.ide.mcu.externaltools.gnu-tools-for-stm32.10.3-2021.10.macos64_1.0.0.202111181127/tools/bin/../lib/gcc/arm-none-eabi/10.3.1/../../../../arm-none-eabi/lib/thumb/v7-m/nofp/libnosys.a
END GROUP
START GROUP
LOAD /Applications/STM32CubeIDE 2.app/Contents/Eclipse/plugins/com.st.stm32cube.ide.mcu.externaltools.gnu-tools-for-stm32.10.3-2021.10.macos64_1.0.0.202111181127/tools/bin/../lib/gcc/arm-none-eabi/10.3.1/thumb/v7-m/nofp/libgcc.a
LOAD /Applications/STM32CubeIDE 2.app/Contents/Eclipse/plugins/com.st.stm32cube.ide.mcu.externaltools.gnu-tools-for-stm32.10.3-2021.10.macos64_1.0.0.202111181127/tools/bin/../lib/gcc/arm-none-eabi/10.3.1/../../../../arm-none-eabi/lib/thumb/v7-m/nofp/libc_nano.a
LOAD /Applications/STM32CubeIDE 2.app/Contents/Eclipse/plugins/com.st.stm32cube.ide.mcu.externaltools.gnu-tools-for-stm32.10.3-2021.10.macos64_1.0.0.202111181127/tools/bin/../lib/gcc/arm-none-eabi/10.3.1/../../../../arm-none-eabi/lib/thumb/v7-m/nofp/libnosys.a
END GROUP
LOAD /Applications/STM32CubeIDE 2.app/Contents/Eclipse/plugins/com.st.stm32cube.ide.mcu.externaltools.gnu-tools-for-stm32.10.3-2021.10.macos64_1.0.0.202111181127/tools/bin/../lib/gcc/arm-none-eabi/10.3.1/thumb/v7-m/nofp/crtend.o
LOAD /Applications/STM32CubeIDE 2.app/Contents/Eclipse/plugins/com.st.stm32cube.ide.mcu.externaltools.gnu-tools-for-stm32.10.3-2021.10.macos64_1.0.0.202111181127/tools/bin/../lib/gcc/arm-none-eabi/10.3.1/thumb/v7-m/nofp/crtn.o
                0x0000000020010000                _estack = (ORIGIN (RAM) + LENGTH (RAM))
                0x0000000000000200                _Min_Heap_Size = 0x200
                0x0000000000000400                _Min_Stack_Size = 0x400

.isr_vector     0x0000000008000000      0x1e4
                0x0000000008000000                . = ALIGN (0x4)
 *(.isr_vector)
 .isr_vector    0x0000000008000000      0x1e4 ./Core/Startup/startup_stm32f103vetx.o
                0x0000000008000000                g_pfnVectors
                0x00000000080001e4                . = ALIGN (0x4)

.text           0x00000000080001e4     0x6c10
                0x00000000080001e4                . = ALIGN (0x4)
 *(.text)
 .text          0x00000000080001e4       0x40 /Applications/STM32CubeIDE 2.app/Contents/Eclipse/plugins/com.st.stm32cube.ide.mcu.externaltools.gnu-tools-for-stm32.10.3-2021.10.macos64_1.0.0.202111181127/tools/bin/../lib/gcc/arm-none-eabi/10.3.1/thumb/v7-m/nofp/crtbegin.o
 .text          0x0000000008000224       0x10 /Applications/STM32CubeIDE 2.app/Contents/Eclipse/plugins/com.st.stm32cube.ide.mcu.externaltools.gnu-tools-for-stm32.10.3-2021.10.macos64_1.0.0.202111181127/tools/bin/../lib/gcc/arm-none-eabi/10.3.1/../../../../arm-none-eabi/lib/thumb/v7-m/nofp/libc_nano.a(lib_a-strlen.o)
                0x0000000008000224                strlen
 .text          0x0000000008000234      0x378 /Applications/STM32CubeIDE 2.app/Contents/Eclipse/plugins/com.st.stm32cube.ide.mcu.externaltools.gnu-tools-for-stm32.10.3-2021.10.macos64_1.0.0.202111181127/tools/bin/../lib/gcc/arm-none-eabi/10.3.1/thumb/v7-m/nofp/libgcc.a(_arm_addsubdf3.o)
                0x0000000008000234                __aeabi_drsub
                0x000000000800023c                __subdf3
                0x000000000800023c                __aeabi_dsub
                0x0000000008000240                __aeabi_dadd
                0x0000000008000240                __adddf3
                0x00000000080004b8                __aeabi_ui2d
                0x00000000080004b8                __floatunsidf
                0x00000000080004d8                __floatsidf
                0x00000000080004d8                __aeabi_i2d
                0x00000000080004fc                __extendsfdf2
                0x00000000080004fc                __aeabi_f2d
                0x0000000008000540                __aeabi_ul2d
                0x0000000008000540                __floatundidf
                0x0000000008000550                __aeabi_l2d
                0x0000000008000550                __floatdidf
 .text          0x00000000080005ac      0x424 /Applications/STM32CubeIDE 2.app/Contents/Eclipse/plugins/com.st.stm32cube.ide.mcu.externaltools.gnu-tools-for-stm32.10.3-2021.10.macos64_1.0.0.202111181127/tools/bin/../lib/gcc/arm-none-eabi/10.3.1/thumb/v7-m/nofp/libgcc.a(_arm_muldivdf3.o)
                0x00000000080005ac                __aeabi_dmul
                0x00000000080005ac                __muldf3
                0x0000000008000800                __aeabi_ddiv
                0x0000000008000800                __divdf3
 .text          0x00000000080009d0      0x110 /Applications/STM32CubeIDE 2.app/Contents/Eclipse/plugins/com.st.stm32cube.ide.mcu.externaltools.gnu-tools-for-stm32.10.3-2021.10.macos64_1.0.0.202111181127/tools/bin/../lib/gcc/arm-none-eabi/10.3.1/thumb/v7-m/nofp/libgcc.a(_arm_cmpdf2.o)
                0x00000000080009d0                __gedf2
                0x00000000080009d0                __gtdf2
                0x00000000080009d8                __ledf2
                0x00000000080009d8                __ltdf2
                0x00000000080009e0                __cmpdf2
                0x00000000080009e0                __eqdf2
                0x00000000080009e0                __nedf2
                0x0000000008000a5c                __aeabi_cdrcmple
                0x0000000008000a6c                __aeabi_cdcmple
                0x0000000008000a6c                __aeabi_cdcmpeq
                0x0000000008000a7c                __aeabi_dcmpeq
                0x0000000008000a90                __aeabi_dcmplt
                0x0000000008000aa4                __aeabi_dcmple
                0x0000000008000ab8                __aeabi_dcmpge
                0x0000000008000acc                __aeabi_dcmpgt
 .text          0x0000000008000ae0       0x40 /Applications/STM32CubeIDE 2.app/Contents/Eclipse/plugins/com.st.stm32cube.ide.mcu.externaltools.gnu-tools-for-stm32.10.3-2021.10.macos64_1.0.0.202111181127/tools/bin/../lib/gcc/arm-none-eabi/10.3.1/thumb/v7-m/nofp/libgcc.a(_arm_fixunsdfsi.o)
                0x0000000008000ae0                __fixunsdfsi
                0x0000000008000ae0                __aeabi_d2uiz
 *(.text*)
 .text.MX_ADC1_Init
                0x0000000008000b20       0x7c ./Core/Src/adc.o
                0x0000000008000b20                MX_ADC1_Init
 .text.HAL_ADC_MspInit
                0x0000000008000b9c       0x78 ./Core/Src/adc.o
                0x0000000008000b9c                HAL_ADC_MspInit
 .text.DEBUG_USART_Config
                0x0000000008000c14       0x54 ./Core/Src/bsp_usart.o
                0x0000000008000c14                DEBUG_USART_Config
 .text.MX_FSMC_Init
                0x0000000008000c68       0xc8 ./Core/Src/fsmc.o
                0x0000000008000c68                MX_FSMC_Init
 .text.HAL_FSMC_MspInit
                0x0000000008000d30       0x88 ./Core/Src/fsmc.o
 .text.HAL_SRAM_MspInit
                0x0000000008000db8       0x14 ./Core/Src/fsmc.o
                0x0000000008000db8                HAL_SRAM_MspInit
 .text.MX_GPIO_Init
                0x0000000008000dcc      0x1f4 ./Core/Src/gpio.o
                0x0000000008000dcc                MX_GPIO_Init
 .text._ZN8SERVO42C6getCHKEPhh
                0x0000000008000fc0       0x42 ./Core/Src/interface.o
                0x0000000008000fc0                SERVO42C::getCHK(unsigned char*, unsigned char)
 .text._ZN8SERVO42CC2EhP18UART_HandleTypeDef
                0x0000000008001002       0x38 ./Core/Src/interface.o
                0x0000000008001002                SERVO42C::SERVO42C(unsigned char, UART_HandleTypeDef*)
                0x0000000008001002                SERVO42C::SERVO42C(unsigned char, UART_HandleTypeDef*)
 .text._ZN8SERVO42C4stepEhhm
                0x000000000800103a       0x9c ./Core/Src/interface.o
                0x000000000800103a                SERVO42C::step(unsigned char, unsigned char, unsigned long)
 .text._ZN8SERVO42C13stepClockwiseEh
                0x00000000080010d6       0x22 ./Core/Src/interface.o
                0x00000000080010d6                SERVO42C::stepClockwise(unsigned char)
 .text._ZN8SERVO42C20stepCounterClockwiseEh
                0x00000000080010f8       0x22 ./Core/Src/interface.o
                0x00000000080010f8                SERVO42C::stepCounterClockwise(unsigned char)
 *fill*         0x000000000800111a        0x2 
 .text.myfunc   0x000000000800111c       0xb0 ./Core/Src/interface.o
                0x000000000800111c                myfunc
 .text.Delay    0x00000000080011cc       0x22 ./Core/Src/lcdtp.o
                0x00000000080011cc                Delay
 .text.LCD_INIT
                0x00000000080011ee       0x24 ./Core/Src/lcdtp.o
                0x00000000080011ee                LCD_INIT
 *fill*         0x0000000008001212        0x2 
 .text.LCD_Rst  0x0000000008001214       0x30 ./Core/Src/lcdtp.o
                0x0000000008001214                LCD_Rst
 .text.LCD_BackLed_Control
                0x0000000008001244       0x38 ./Core/Src/lcdtp.o
                0x0000000008001244                LCD_BackLed_Control
 .text.LCD_Write_Cmd
                0x000000000800127c       0x1c ./Core/Src/lcdtp.o
                0x000000000800127c                LCD_Write_Cmd
 .text.LCD_Write_Data
                0x0000000008001298       0x20 ./Core/Src/lcdtp.o
                0x0000000008001298                LCD_Write_Data
 .text.LCD_REG_Config
                0x00000000080012b8      0x234 ./Core/Src/lcdtp.o
                0x00000000080012b8                LCD_REG_Config
 .text.LCD_OpenWindow
                0x00000000080014ec       0xb2 ./Core/Src/lcdtp.o
                0x00000000080014ec                LCD_OpenWindow
 .text.LCD_FillColor
                0x000000000800159e       0x3c ./Core/Src/lcdtp.o
                0x000000000800159e                LCD_FillColor
 *fill*         0x00000000080015da        0x2 
 .text.LCD_Clear
                0x00000000080015dc       0x5c ./Core/Src/lcdtp.o
                0x00000000080015dc                LCD_Clear
 .text.LCD_Clear_Color
                0x0000000008001638       0x46 ./Core/Src/lcdtp.o
                0x0000000008001638                LCD_Clear_Color
 *fill*         0x000000000800167e        0x2 
 .text.LCD_DrawChar_Color
                0x0000000008001680       0x9c ./Core/Src/lcdtp.o
                0x0000000008001680                LCD_DrawChar_Color
 .text.LCD_DrawCross
                0x000000000800171c       0x44 ./Core/Src/lcdtp.o
                0x000000000800171c                LCD_DrawCross
 .text.LCD_DrawString_Color
                0x0000000008001760       0x6a ./Core/Src/lcdtp.o
                0x0000000008001760                LCD_DrawString_Color
 *fill*         0x00000000080017ca        0x2 
 .text.LCD_GramScan
                0x00000000080017cc      0x164 ./Core/Src/lcdtp.o
                0x00000000080017cc                LCD_GramScan
 .text.main     0x0000000008001930       0x78 ./Core/Src/main.o
                0x0000000008001930                main
 .text.SystemClock_Config
                0x00000000080019a8       0xc4 ./Core/Src/main.o
                0x00000000080019a8                SystemClock_Config
 .text.Error_Handler
                0x0000000008001a6c        0xc ./Core/Src/main.o
                0x0000000008001a6c                Error_Handler
 .text.store_char
                0x0000000008001a78       0x44 ./Core/Src/ring_buffer.o
                0x0000000008001a78                store_char
 .text.Uart_isr
                0x0000000008001abc       0xc8 ./Core/Src/ring_buffer.o
                0x0000000008001abc                Uart_isr
 .text.HAL_MspInit
                0x0000000008001b84       0x64 ./Core/Src/stm32f1xx_hal_msp.o
                0x0000000008001b84                HAL_MspInit
 .text.NMI_Handler
                0x0000000008001be8        0xc ./Core/Src/stm32f1xx_it.o
                0x0000000008001be8                NMI_Handler
 .text.HardFault_Handler
                0x0000000008001bf4        0x6 ./Core/Src/stm32f1xx_it.o
                0x0000000008001bf4                HardFault_Handler
 .text.MemManage_Handler
                0x0000000008001bfa        0x6 ./Core/Src/stm32f1xx_it.o
                0x0000000008001bfa                MemManage_Handler
 .text.BusFault_Handler
                0x0000000008001c00        0x6 ./Core/Src/stm32f1xx_it.o
                0x0000000008001c00                BusFault_Handler
 .text.UsageFault_Handler
                0x0000000008001c06        0x6 ./Core/Src/stm32f1xx_it.o
                0x0000000008001c06                UsageFault_Handler
 .text.SVC_Handler
                0x0000000008001c0c        0xc ./Core/Src/stm32f1xx_it.o
                0x0000000008001c0c                SVC_Handler
 .text.DebugMon_Handler
                0x0000000008001c18        0xc ./Core/Src/stm32f1xx_it.o
                0x0000000008001c18                DebugMon_Handler
 .text.PendSV_Handler
                0x0000000008001c24        0xc ./Core/Src/stm32f1xx_it.o
                0x0000000008001c24                PendSV_Handler
 .text.SysTick_Handler
                0x0000000008001c30       0x24 ./Core/Src/stm32f1xx_it.o
                0x0000000008001c30                SysTick_Handler
 .text.EXTI0_IRQHandler
                0x0000000008001c54       0x2c ./Core/Src/stm32f1xx_it.o
                0x0000000008001c54                EXTI0_IRQHandler
 .text.EXTI4_IRQHandler
                0x0000000008001c80       0x34 ./Core/Src/stm32f1xx_it.o
                0x0000000008001c80                EXTI4_IRQHandler
 .text.TIM3_IRQHandler
                0x0000000008001cb4       0x48 ./Core/Src/stm32f1xx_it.o
                0x0000000008001cb4                TIM3_IRQHandler
 .text.USART1_IRQHandler
                0x0000000008001cfc       0x44 ./Core/Src/stm32f1xx_it.o
                0x0000000008001cfc                USART1_IRQHandler
 .text.USART3_IRQHandler
                0x0000000008001d40       0x14 ./Core/Src/stm32f1xx_it.o
                0x0000000008001d40                USART3_IRQHandler
 .text.EXTI15_10_IRQHandler
                0x0000000008001d54       0x30 ./Core/Src/stm32f1xx_it.o
                0x0000000008001d54                EXTI15_10_IRQHandler
 .text.TIM5_IRQHandler
                0x0000000008001d84       0x1c ./Core/Src/stm32f1xx_it.o
                0x0000000008001d84                TIM5_IRQHandler
 .text._sbrk    0x0000000008001da0       0x6c ./Core/Src/sysmem.o
                0x0000000008001da0                _sbrk
 .text.SystemInit
                0x0000000008001e0c       0x68 ./Core/Src/system_stm32f1xx.o
                0x0000000008001e0c                SystemInit
 .text.MX_TIM1_Init
                0x0000000008001e74      0x14c ./Core/Src/tim.o
                0x0000000008001e74                MX_TIM1_Init
 .text.MX_TIM2_Init
                0x0000000008001fc0       0x98 ./Core/Src/tim.o
                0x0000000008001fc0                MX_TIM2_Init
 .text.MX_TIM3_Init
                0x0000000008002058       0x9c ./Core/Src/tim.o
                0x0000000008002058                MX_TIM3_Init
 .text.MX_TIM5_Init
                0x00000000080020f4       0x9c ./Core/Src/tim.o
                0x00000000080020f4                MX_TIM5_Init
 .text.HAL_TIM_Base_MspInit
                0x0000000008002190       0xd0 ./Core/Src/tim.o
                0x0000000008002190                HAL_TIM_Base_MspInit
 .text.HAL_TIM_MspPostInit
                0x0000000008002260       0x68 ./Core/Src/tim.o
                0x0000000008002260                HAL_TIM_MspPostInit
 .text.TIMER_INIT
                0x00000000080022c8       0x24 ./Core/Src/timer.o
                0x00000000080022c8                TIMER_INIT
 .text.timer_min
                0x00000000080022ec       0x44 ./Core/Src/timer.o
                0x00000000080022ec                timer_min
 .text.MX_USART1_UART_Init
                0x0000000008002330       0x54 ./Core/Src/usart.o
                0x0000000008002330                MX_USART1_UART_Init
 .text.MX_USART2_UART_Init
                0x0000000008002384       0x54 ./Core/Src/usart.o
                0x0000000008002384                MX_USART2_UART_Init
 .text.MX_USART3_UART_Init
                0x00000000080023d8       0x54 ./Core/Src/usart.o
                0x00000000080023d8                MX_USART3_UART_Init
 .text.HAL_UART_MspInit
                0x000000000800242c      0x1a0 ./Core/Src/usart.o
                0x000000000800242c                HAL_UART_MspInit
 .text.XPT2046_DelayUS
                0x00000000080025cc       0x38 ./Core/Src/xpt2046.o
 .text.XPT2046_WriteCMD
                0x0000000008002604       0x88 ./Core/Src/xpt2046.o
 .text.XPT2046_ReadCMD
                0x000000000800268c       0x78 ./Core/Src/xpt2046.o
 .text.XPT2046_ReadAdc
                0x0000000008002704       0x20 ./Core/Src/xpt2046.o
 .text.XPT2046_ReadAdc_XY
                0x0000000008002724       0x38 ./Core/Src/xpt2046.o
 .text.XPT2046_ReadAdc_Smooth_XY
                0x000000000800275c      0x22c ./Core/Src/xpt2046.o
 .text.XPT2046_Calculate_CalibrationFactor
                0x0000000008002988      0x31a ./Core/Src/xpt2046.o
 *fill*         0x0000000008002ca2        0x2 
 .text.XPT2046_Touch_Calibrate
                0x0000000008002ca4      0x430 ./Core/Src/xpt2046.o
                0x0000000008002ca4                XPT2046_Touch_Calibrate
 .text.XPT2046_Get_TouchedPoint
                0x00000000080030d4      0x10e ./Core/Src/xpt2046.o
                0x00000000080030d4                XPT2046_Get_TouchedPoint
 *fill*         0x00000000080031e2        0x2 
 .text.Reset_Handler
                0x00000000080031e4       0x48 ./Core/Startup/startup_stm32f103vetx.o
                0x00000000080031e4                Reset_Handler
 .text.Default_Handler
                0x000000000800322c        0x2 ./Core/Startup/startup_stm32f103vetx.o
                0x000000000800322c                DMA2_Channel3_IRQHandler
                0x000000000800322c                EXTI2_IRQHandler
                0x000000000800322c                TIM8_TRG_COM_IRQHandler
                0x000000000800322c                TIM8_CC_IRQHandler
                0x000000000800322c                TIM1_CC_IRQHandler
                0x000000000800322c                TIM6_IRQHandler
                0x000000000800322c                PVD_IRQHandler
                0x000000000800322c                SDIO_IRQHandler
                0x000000000800322c                EXTI3_IRQHandler
                0x000000000800322c                I2C2_EV_IRQHandler
                0x000000000800322c                ADC1_2_IRQHandler
                0x000000000800322c                SPI1_IRQHandler
                0x000000000800322c                TAMPER_IRQHandler
                0x000000000800322c                TIM8_UP_IRQHandler
                0x000000000800322c                DMA2_Channel2_IRQHandler
                0x000000000800322c                DMA1_Channel4_IRQHandler
                0x000000000800322c                RTC_IRQHandler
                0x000000000800322c                DMA1_Channel7_IRQHandler
                0x000000000800322c                CAN1_RX1_IRQHandler
                0x000000000800322c                UART5_IRQHandler
                0x000000000800322c                ADC3_IRQHandler
                0x000000000800322c                TIM4_IRQHandler
                0x000000000800322c                DMA2_Channel1_IRQHandler
                0x000000000800322c                I2C1_EV_IRQHandler
                0x000000000800322c                DMA1_Channel6_IRQHandler
                0x000000000800322c                UART4_IRQHandler
                0x000000000800322c                RCC_IRQHandler
                0x000000000800322c                TIM1_TRG_COM_IRQHandler
                0x000000000800322c                DMA1_Channel1_IRQHandler
                0x000000000800322c                Default_Handler
                0x000000000800322c                TIM7_IRQHandler
                0x000000000800322c                EXTI9_5_IRQHandler
                0x000000000800322c                SPI2_IRQHandler
                0x000000000800322c                DMA1_Channel5_IRQHandler
                0x000000000800322c                USB_LP_CAN1_RX0_IRQHandler
                0x000000000800322c                USB_HP_CAN1_TX_IRQHandler
                0x000000000800322c                DMA1_Channel3_IRQHandler
                0x000000000800322c                FSMC_IRQHandler
                0x000000000800322c                TIM1_UP_IRQHandler
                0x000000000800322c                WWDG_IRQHandler
                0x000000000800322c                TIM2_IRQHandler
                0x000000000800322c                TIM1_BRK_IRQHandler
                0x000000000800322c                EXTI1_IRQHandler
                0x000000000800322c                DMA2_Channel4_5_IRQHandler
                0x000000000800322c                USART2_IRQHandler
                0x000000000800322c                I2C2_ER_IRQHandler
                0x000000000800322c                DMA1_Channel2_IRQHandler
                0x000000000800322c                TIM8_BRK_IRQHandler
                0x000000000800322c                CAN1_SCE_IRQHandler
                0x000000000800322c                FLASH_IRQHandler
                0x000000000800322c                SPI3_IRQHandler
                0x000000000800322c                I2C1_ER_IRQHandler
                0x000000000800322c                USBWakeUp_IRQHandler
                0x000000000800322c                RTC_Alarm_IRQHandler
 *fill*         0x000000000800322e        0x2 
 .text.HAL_Init
                0x0000000008003230       0x2c ./Drivers/STM32F1xx_HAL_Driver/Src/stm32f1xx_hal.o
                0x0000000008003230                HAL_Init
 .text.HAL_InitTick
                0x000000000800325c       0x60 ./Drivers/STM32F1xx_HAL_Driver/Src/stm32f1xx_hal.o
                0x000000000800325c                HAL_InitTick
 .text.HAL_IncTick
                0x00000000080032bc       0x24 ./Drivers/STM32F1xx_HAL_Driver/Src/stm32f1xx_hal.o
                0x00000000080032bc                HAL_IncTick
 .text.HAL_GetTick
                0x00000000080032e0       0x14 ./Drivers/STM32F1xx_HAL_Driver/Src/stm32f1xx_hal.o
                0x00000000080032e0                HAL_GetTick
 .text.HAL_Delay
                0x00000000080032f4       0x48 ./Drivers/STM32F1xx_HAL_Driver/Src/stm32f1xx_hal.o
                0x00000000080032f4                HAL_Delay
 .text.HAL_ADC_Init
                0x000000000800333c      0x1d4 ./Drivers/STM32F1xx_HAL_Driver/Src/stm32f1xx_hal_adc.o
                0x000000000800333c                HAL_ADC_Init
 .text.HAL_ADC_ConfigChannel
                0x0000000008003510      0x1f0 ./Drivers/STM32F1xx_HAL_Driver/Src/stm32f1xx_hal_adc.o
                0x0000000008003510                HAL_ADC_ConfigChannel
 .text.ADC_ConversionStop_Disable
                0x0000000008003700       0x74 ./Drivers/STM32F1xx_HAL_Driver/Src/stm32f1xx_hal_adc.o
                0x0000000008003700                ADC_ConversionStop_Disable
 .text.NVIC_SetPriorityGrouping
                0x0000000008003774       0x48 ./Drivers/STM32F1xx_HAL_Driver/Src/stm32f1xx_hal_cortex.o
 .text.NVIC_GetPriorityGrouping
                0x00000000080037bc       0x1c ./Drivers/STM32F1xx_HAL_Driver/Src/stm32f1xx_hal_cortex.o
 .text.NVIC_EnableIRQ
                0x00000000080037d8       0x30 ./Drivers/STM32F1xx_HAL_Driver/Src/stm32f1xx_hal_cortex.o
 .text.NVIC_SetPriority
                0x0000000008003808       0x54 ./Drivers/STM32F1xx_HAL_Driver/Src/stm32f1xx_hal_cortex.o
 .text.NVIC_EncodePriority
                0x000000000800385c       0x64 ./Drivers/STM32F1xx_HAL_Driver/Src/stm32f1xx_hal_cortex.o
 .text.SysTick_Config
                0x00000000080038c0       0x44 ./Drivers/STM32F1xx_HAL_Driver/Src/stm32f1xx_hal_cortex.o
 .text.HAL_NVIC_SetPriorityGrouping
                0x0000000008003904       0x16 ./Drivers/STM32F1xx_HAL_Driver/Src/stm32f1xx_hal_cortex.o
                0x0000000008003904                HAL_NVIC_SetPriorityGrouping
 .text.HAL_NVIC_SetPriority
                0x000000000800391a       0x38 ./Drivers/STM32F1xx_HAL_Driver/Src/stm32f1xx_hal_cortex.o
                0x000000000800391a                HAL_NVIC_SetPriority
 .text.HAL_NVIC_EnableIRQ
                0x0000000008003952       0x1c ./Drivers/STM32F1xx_HAL_Driver/Src/stm32f1xx_hal_cortex.o
                0x0000000008003952                HAL_NVIC_EnableIRQ
 .text.HAL_SYSTICK_Config
                0x000000000800396e       0x18 ./Drivers/STM32F1xx_HAL_Driver/Src/stm32f1xx_hal_cortex.o
                0x000000000800396e                HAL_SYSTICK_Config
 *fill*         0x0000000008003986        0x2 
 .text.HAL_DMA_Abort_IT
                0x0000000008003988      0x210 ./Drivers/STM32F1xx_HAL_Driver/Src/stm32f1xx_hal_dma.o
                0x0000000008003988                HAL_DMA_Abort_IT
 .text.HAL_GPIO_Init
                0x0000000008003b98      0x330 ./Drivers/STM32F1xx_HAL_Driver/Src/stm32f1xx_hal_gpio.o
                0x0000000008003b98                HAL_GPIO_Init
 .text.HAL_GPIO_ReadPin
                0x0000000008003ec8       0x2e ./Drivers/STM32F1xx_HAL_Driver/Src/stm32f1xx_hal_gpio.o
                0x0000000008003ec8                HAL_GPIO_ReadPin
 .text.HAL_GPIO_WritePin
                0x0000000008003ef6       0x30 ./Drivers/STM32F1xx_HAL_Driver/Src/stm32f1xx_hal_gpio.o
                0x0000000008003ef6                HAL_GPIO_WritePin
 *fill*         0x0000000008003f26        0x2 
 .text.HAL_GPIO_EXTI_IRQHandler
                0x0000000008003f28       0x30 ./Drivers/STM32F1xx_HAL_Driver/Src/stm32f1xx_hal_gpio.o
                0x0000000008003f28                HAL_GPIO_EXTI_IRQHandler
 .text.HAL_GPIO_EXTI_Callback
                0x0000000008003f58       0x14 ./Drivers/STM32F1xx_HAL_Driver/Src/stm32f1xx_hal_gpio.o
                0x0000000008003f58                HAL_GPIO_EXTI_Callback
 .text.HAL_RCC_OscConfig
                0x0000000008003f6c      0x4c8 ./Drivers/STM32F1xx_HAL_Driver/Src/stm32f1xx_hal_rcc.o
                0x0000000008003f6c                HAL_RCC_OscConfig
 .text.HAL_RCC_ClockConfig
                0x0000000008004434      0x218 ./Drivers/STM32F1xx_HAL_Driver/Src/stm32f1xx_hal_rcc.o
                0x0000000008004434                HAL_RCC_ClockConfig
 .text.HAL_RCC_GetSysClockFreq
                0x000000000800464c       0xbc ./Drivers/STM32F1xx_HAL_Driver/Src/stm32f1xx_hal_rcc.o
                0x000000000800464c                HAL_RCC_GetSysClockFreq
 .text.HAL_RCC_GetHCLKFreq
                0x0000000008004708       0x14 ./Drivers/STM32F1xx_HAL_Driver/Src/stm32f1xx_hal_rcc.o
                0x0000000008004708                HAL_RCC_GetHCLKFreq
 .text.HAL_RCC_GetPCLK1Freq
                0x000000000800471c       0x28 ./Drivers/STM32F1xx_HAL_Driver/Src/stm32f1xx_hal_rcc.o
                0x000000000800471c                HAL_RCC_GetPCLK1Freq
 .text.HAL_RCC_GetPCLK2Freq
                0x0000000008004744       0x28 ./Drivers/STM32F1xx_HAL_Driver/Src/stm32f1xx_hal_rcc.o
                0x0000000008004744                HAL_RCC_GetPCLK2Freq
 .text.RCC_Delay
                0x000000000800476c       0x40 ./Drivers/STM32F1xx_HAL_Driver/Src/stm32f1xx_hal_rcc.o
 .text.HAL_RCCEx_PeriphCLKConfig
                0x00000000080047ac      0x16c ./Drivers/STM32F1xx_HAL_Driver/Src/stm32f1xx_hal_rcc_ex.o
                0x00000000080047ac                HAL_RCCEx_PeriphCLKConfig
 .text.HAL_SRAM_Init
                0x0000000008004918       0x88 ./Drivers/STM32F1xx_HAL_Driver/Src/stm32f1xx_hal_sram.o
                0x0000000008004918                HAL_SRAM_Init
 .text.HAL_TIM_Base_Init
                0x00000000080049a0       0x56 ./Drivers/STM32F1xx_HAL_Driver/Src/stm32f1xx_hal_tim.o
                0x00000000080049a0                HAL_TIM_Base_Init
 .text.HAL_TIM_Base_Start
                0x00000000080049f6       0x34 ./Drivers/STM32F1xx_HAL_Driver/Src/stm32f1xx_hal_tim.o
                0x00000000080049f6                HAL_TIM_Base_Start
 .text.HAL_TIM_Base_Stop
                0x0000000008004a2a       0x54 ./Drivers/STM32F1xx_HAL_Driver/Src/stm32f1xx_hal_tim.o
                0x0000000008004a2a                HAL_TIM_Base_Stop
 .text.HAL_TIM_Base_Start_IT
                0x0000000008004a7e       0x34 ./Drivers/STM32F1xx_HAL_Driver/Src/stm32f1xx_hal_tim.o
                0x0000000008004a7e                HAL_TIM_Base_Start_IT
 .text.HAL_TIM_Base_Stop_IT
                0x0000000008004ab2       0x54 ./Drivers/STM32F1xx_HAL_Driver/Src/stm32f1xx_hal_tim.o
                0x0000000008004ab2                HAL_TIM_Base_Stop_IT
 .text.HAL_TIM_PWM_Init
                0x0000000008004b06       0x56 ./Drivers/STM32F1xx_HAL_Driver/Src/stm32f1xx_hal_tim.o
                0x0000000008004b06                HAL_TIM_PWM_Init
 .text.HAL_TIM_PWM_MspInit
                0x0000000008004b5c       0x12 ./Drivers/STM32F1xx_HAL_Driver/Src/stm32f1xx_hal_tim.o
                0x0000000008004b5c                HAL_TIM_PWM_MspInit
 .text.HAL_TIM_IRQHandler
                0x0000000008004b6e      0x210 ./Drivers/STM32F1xx_HAL_Driver/Src/stm32f1xx_hal_tim.o
                0x0000000008004b6e                HAL_TIM_IRQHandler
 *fill*         0x0000000008004d7e        0x2 
 .text.HAL_TIM_PWM_ConfigChannel
                0x0000000008004d80      0x18c ./Drivers/STM32F1xx_HAL_Driver/Src/stm32f1xx_hal_tim.o
                0x0000000008004d80                HAL_TIM_PWM_ConfigChannel
 .text.HAL_TIM_ConfigClockSource
                0x0000000008004f0c      0x1d6 ./Drivers/STM32F1xx_HAL_Driver/Src/stm32f1xx_hal_tim.o
                0x0000000008004f0c                HAL_TIM_ConfigClockSource
 .text.HAL_TIM_PeriodElapsedCallback
                0x00000000080050e2       0x12 ./Drivers/STM32F1xx_HAL_Driver/Src/stm32f1xx_hal_tim.o
                0x00000000080050e2                HAL_TIM_PeriodElapsedCallback
 .text.HAL_TIM_OC_DelayElapsedCallback
                0x00000000080050f4       0x12 ./Drivers/STM32F1xx_HAL_Driver/Src/stm32f1xx_hal_tim.o
                0x00000000080050f4                HAL_TIM_OC_DelayElapsedCallback
 .text.HAL_TIM_IC_CaptureCallback
                0x0000000008005106       0x12 ./Drivers/STM32F1xx_HAL_Driver/Src/stm32f1xx_hal_tim.o
                0x0000000008005106                HAL_TIM_IC_CaptureCallback
 .text.HAL_TIM_PWM_PulseFinishedCallback
                0x0000000008005118       0x12 ./Drivers/STM32F1xx_HAL_Driver/Src/stm32f1xx_hal_tim.o
                0x0000000008005118                HAL_TIM_PWM_PulseFinishedCallback
 .text.HAL_TIM_TriggerCallback
                0x000000000800512a       0x12 ./Drivers/STM32F1xx_HAL_Driver/Src/stm32f1xx_hal_tim.o
                0x000000000800512a                HAL_TIM_TriggerCallback
 .text.TIM_Base_SetConfig
                0x000000000800513c       0xfc ./Drivers/STM32F1xx_HAL_Driver/Src/stm32f1xx_hal_tim.o
                0x000000000800513c                TIM_Base_SetConfig
 .text.TIM_OC1_SetConfig
                0x0000000008005238       0xec ./Drivers/STM32F1xx_HAL_Driver/Src/stm32f1xx_hal_tim.o
 .text.TIM_OC2_SetConfig
                0x0000000008005324       0xf4 ./Drivers/STM32F1xx_HAL_Driver/Src/stm32f1xx_hal_tim.o
                0x0000000008005324                TIM_OC2_SetConfig
 .text.TIM_OC3_SetConfig
                0x0000000008005418       0xf4 ./Drivers/STM32F1xx_HAL_Driver/Src/stm32f1xx_hal_tim.o
 .text.TIM_OC4_SetConfig
                0x000000000800550c       0xb4 ./Drivers/STM32F1xx_HAL_Driver/Src/stm32f1xx_hal_tim.o
 .text.TIM_TI1_ConfigInputStage
                0x00000000080055c0       0x64 ./Drivers/STM32F1xx_HAL_Driver/Src/stm32f1xx_hal_tim.o
 .text.TIM_TI2_ConfigInputStage
                0x0000000008005624       0x66 ./Drivers/STM32F1xx_HAL_Driver/Src/stm32f1xx_hal_tim.o
 .text.TIM_ITRx_SetConfig
                0x000000000800568a       0x3e ./Drivers/STM32F1xx_HAL_Driver/Src/stm32f1xx_hal_tim.o
 .text.TIM_ETR_SetConfig
                0x00000000080056c8       0x42 ./Drivers/STM32F1xx_HAL_Driver/Src/stm32f1xx_hal_tim.o
 .text.HAL_TIMEx_ConfigBreakDeadTime
                0x000000000800570a       0xb0 ./Drivers/STM32F1xx_HAL_Driver/Src/stm32f1xx_hal_tim_ex.o
                0x000000000800570a                HAL_TIMEx_ConfigBreakDeadTime
 .text.HAL_TIMEx_MasterConfigSynchronization
                0x00000000080057ba       0x88 ./Drivers/STM32F1xx_HAL_Driver/Src/stm32f1xx_hal_tim_ex.o
                0x00000000080057ba                HAL_TIMEx_MasterConfigSynchronization
 .text.HAL_TIMEx_CommutationCallback
                0x0000000008005842       0x12 ./Drivers/STM32F1xx_HAL_Driver/Src/stm32f1xx_hal_tim_ex.o
                0x0000000008005842                HAL_TIMEx_CommutationCallback
 .text.HAL_TIMEx_BreakCallback
                0x0000000008005854       0x12 ./Drivers/STM32F1xx_HAL_Driver/Src/stm32f1xx_hal_tim_ex.o
                0x0000000008005854                HAL_TIMEx_BreakCallback
 .text.HAL_UART_Init
                0x0000000008005866       0x9a ./Drivers/STM32F1xx_HAL_Driver/Src/stm32f1xx_hal_uart.o
                0x0000000008005866                HAL_UART_Init
 .text.HAL_UART_Transmit
                0x0000000008005900      0x132 ./Drivers/STM32F1xx_HAL_Driver/Src/stm32f1xx_hal_uart.o
                0x0000000008005900                HAL_UART_Transmit
 .text.HAL_UART_Receive
                0x0000000008005a32      0x14c ./Drivers/STM32F1xx_HAL_Driver/Src/stm32f1xx_hal_uart.o
                0x0000000008005a32                HAL_UART_Receive
 *fill*         0x0000000008005b7e        0x2 
 .text.HAL_UART_IRQHandler
                0x0000000008005b80      0x1f4 ./Drivers/STM32F1xx_HAL_Driver/Src/stm32f1xx_hal_uart.o
                0x0000000008005b80                HAL_UART_IRQHandler
 .text.HAL_UART_TxCpltCallback
                0x0000000008005d74       0x12 ./Drivers/STM32F1xx_HAL_Driver/Src/stm32f1xx_hal_uart.o
                0x0000000008005d74                HAL_UART_TxCpltCallback
 .text.HAL_UART_RxCpltCallback
                0x0000000008005d86       0x12 ./Drivers/STM32F1xx_HAL_Driver/Src/stm32f1xx_hal_uart.o
                0x0000000008005d86                HAL_UART_RxCpltCallback
 .text.HAL_UART_ErrorCallback
                0x0000000008005d98       0x12 ./Drivers/STM32F1xx_HAL_Driver/Src/stm32f1xx_hal_uart.o
                0x0000000008005d98                HAL_UART_ErrorCallback
 .text.UART_WaitOnFlagUntilTimeout
                0x0000000008005daa       0x94 ./Drivers/STM32F1xx_HAL_Driver/Src/stm32f1xx_hal_uart.o
 .text.UART_EndRxTransfer
                0x0000000008005e3e       0x3a ./Drivers/STM32F1xx_HAL_Driver/Src/stm32f1xx_hal_uart.o
 .text.UART_DMAAbortOnError
                0x0000000008005e78       0x28 ./Drivers/STM32F1xx_HAL_Driver/Src/stm32f1xx_hal_uart.o
 .text.UART_Transmit_IT
                0x0000000008005ea0       0xaa ./Drivers/STM32F1xx_HAL_Driver/Src/stm32f1xx_hal_uart.o
 .text.UART_EndTransmit_IT
                0x0000000008005f4a       0x30 ./Drivers/STM32F1xx_HAL_Driver/Src/stm32f1xx_hal_uart.o
 .text.UART_Receive_IT
                0x0000000008005f7a      0x102 ./Drivers/STM32F1xx_HAL_Driver/Src/stm32f1xx_hal_uart.o
 .text.UART_SetConfig
                0x000000000800607c      0x230 ./Drivers/STM32F1xx_HAL_Driver/Src/stm32f1xx_hal_uart.o
 .text.FSMC_NORSRAM_Init
                0x00000000080062ac      0x100 ./Drivers/STM32F1xx_HAL_Driver/Src/stm32f1xx_ll_fsmc.o
                0x00000000080062ac                FSMC_NORSRAM_Init
 .text.FSMC_NORSRAM_Timing_Init
                0x00000000080063ac       0x68 ./Drivers/STM32F1xx_HAL_Driver/Src/stm32f1xx_ll_fsmc.o
                0x00000000080063ac                FSMC_NORSRAM_Timing_Init
 .text.FSMC_NORSRAM_Extended_Timing_Init
                0x0000000008006414       0x70 ./Drivers/STM32F1xx_HAL_Driver/Src/stm32f1xx_ll_fsmc.o
                0x0000000008006414                FSMC_NORSRAM_Extended_Timing_Init
 .text.__errno  0x0000000008006484        0xc /Applications/STM32CubeIDE 2.app/Contents/Eclipse/plugins/com.st.stm32cube.ide.mcu.externaltools.gnu-tools-for-stm32.10.3-2021.10.macos64_1.0.0.202111181127/tools/bin/../lib/gcc/arm-none-eabi/10.3.1/../../../../arm-none-eabi/lib/thumb/v7-m/nofp/libc_nano.a(lib_a-errno.o)
                0x0000000008006484                __errno
 .text.__libc_init_array
                0x0000000008006490       0x48 /Applications/STM32CubeIDE 2.app/Contents/Eclipse/plugins/com.st.stm32cube.ide.mcu.externaltools.gnu-tools-for-stm32.10.3-2021.10.macos64_1.0.0.202111181127/tools/bin/../lib/gcc/arm-none-eabi/10.3.1/../../../../arm-none-eabi/lib/thumb/v7-m/nofp/libc_nano.a(lib_a-init.o)
                0x0000000008006490                __libc_init_array
 .text.memset   0x00000000080064d8       0x10 /Applications/STM32CubeIDE 2.app/Contents/Eclipse/plugins/com.st.stm32cube.ide.mcu.externaltools.gnu-tools-for-stm32.10.3-2021.10.macos64_1.0.0.202111181127/tools/bin/../lib/gcc/arm-none-eabi/10.3.1/../../../../arm-none-eabi/lib/thumb/v7-m/nofp/libc_nano.a(lib_a-memset.o)
                0x00000000080064d8                memset
 .text.sprintf  0x00000000080064e8       0x40 /Applications/STM32CubeIDE 2.app/Contents/Eclipse/plugins/com.st.stm32cube.ide.mcu.externaltools.gnu-tools-for-stm32.10.3-2021.10.macos64_1.0.0.202111181127/tools/bin/../lib/gcc/arm-none-eabi/10.3.1/../../../../arm-none-eabi/lib/thumb/v7-m/nofp/libc_nano.a(lib_a-sprintf.o)
                0x00000000080064e8                sprintf
                0x00000000080064e8                siprintf
 .text.__ssputs_r
                0x0000000008006528       0xb6 /Applications/STM32CubeIDE 2.app/Contents/Eclipse/plugins/com.st.stm32cube.ide.mcu.externaltools.gnu-tools-for-stm32.10.3-2021.10.macos64_1.0.0.202111181127/tools/bin/../lib/gcc/arm-none-eabi/10.3.1/../../../../arm-none-eabi/lib/thumb/v7-m/nofp/libc_nano.a(lib_a-nano-svfprintf.o)
                0x0000000008006528                __ssputs_r
 *fill*         0x00000000080065de        0x2 
 .text._svfprintf_r
                0x00000000080065e0      0x200 /Applications/STM32CubeIDE 2.app/Contents/Eclipse/plugins/com.st.stm32cube.ide.mcu.externaltools.gnu-tools-for-stm32.10.3-2021.10.macos64_1.0.0.202111181127/tools/bin/../lib/gcc/arm-none-eabi/10.3.1/../../../../arm-none-eabi/lib/thumb/v7-m/nofp/libc_nano.a(lib_a-nano-svfprintf.o)
                0x00000000080065e0                _svfprintf_r
                0x00000000080065e0                _svfiprintf_r
 .text._printf_common
                0x00000000080067e0       0xde /Applications/STM32CubeIDE 2.app/Contents/Eclipse/plugins/com.st.stm32cube.ide.mcu.externaltools.gnu-tools-for-stm32.10.3-2021.10.macos64_1.0.0.202111181127/tools/bin/../lib/gcc/arm-none-eabi/10.3.1/../../../../arm-none-eabi/lib/thumb/v7-m/nofp/libc_nano.a(lib_a-nano-vfprintf_i.o)
                0x00000000080067e0                _printf_common
 *fill*         0x00000000080068be        0x2 
 .text._printf_i
                0x00000000080068c0      0x24c /Applications/STM32CubeIDE 2.app/Contents/Eclipse/plugins/com.st.stm32cube.ide.mcu.externaltools.gnu-tools-for-stm32.10.3-2021.10.macos64_1.0.0.202111181127/tools/bin/../lib/gcc/arm-none-eabi/10.3.1/../../../../arm-none-eabi/lib/thumb/v7-m/nofp/libc_nano.a(lib_a-nano-vfprintf_i.o)
                0x00000000080068c0                _printf_i
 .text.memchr   0x0000000008006b0c       0x1c /Applications/STM32CubeIDE 2.app/Contents/Eclipse/plugins/com.st.stm32cube.ide.mcu.externaltools.gnu-tools-for-stm32.10.3-2021.10.macos64_1.0.0.202111181127/tools/bin/../lib/gcc/arm-none-eabi/10.3.1/../../../../arm-none-eabi/lib/thumb/v7-m/nofp/libc_nano.a(lib_a-memchr-stub.o)
                0x0000000008006b0c                memchr
 .text.memcpy   0x0000000008006b28       0x1c /Applications/STM32CubeIDE 2.app/Contents/Eclipse/plugins/com.st.stm32cube.ide.mcu.externaltools.gnu-tools-for-stm32.10.3-2021.10.macos64_1.0.0.202111181127/tools/bin/../lib/gcc/arm-none-eabi/10.3.1/../../../../arm-none-eabi/lib/thumb/v7-m/nofp/libc_nano.a(lib_a-memcpy-stub.o)
                0x0000000008006b28                memcpy
 .text.memmove  0x0000000008006b44       0x34 /Applications/STM32CubeIDE 2.app/Contents/Eclipse/plugins/com.st.stm32cube.ide.mcu.externaltools.gnu-tools-for-stm32.10.3-2021.10.macos64_1.0.0.202111181127/tools/bin/../lib/gcc/arm-none-eabi/10.3.1/../../../../arm-none-eabi/lib/thumb/v7-m/nofp/libc_nano.a(lib_a-memmove.o)
                0x0000000008006b44                memmove
 .text._free_r  0x0000000008006b78       0x90 /Applications/STM32CubeIDE 2.app/Contents/Eclipse/plugins/com.st.stm32cube.ide.mcu.externaltools.gnu-tools-for-stm32.10.3-2021.10.macos64_1.0.0.202111181127/tools/bin/../lib/gcc/arm-none-eabi/10.3.1/../../../../arm-none-eabi/lib/thumb/v7-m/nofp/libc_nano.a(lib_a-nano-freer.o)
                0x0000000008006b78                _free_r
 .text.sbrk_aligned
                0x0000000008006c08       0x40 /Applications/STM32CubeIDE 2.app/Contents/Eclipse/plugins/com.st.stm32cube.ide.mcu.externaltools.gnu-tools-for-stm32.10.3-2021.10.macos64_1.0.0.202111181127/tools/bin/../lib/gcc/arm-none-eabi/10.3.1/../../../../arm-none-eabi/lib/thumb/v7-m/nofp/libc_nano.a(lib_a-nano-mallocr.o)
 .text._malloc_r
                0x0000000008006c48       0xe8 /Applications/STM32CubeIDE 2.app/Contents/Eclipse/plugins/com.st.stm32cube.ide.mcu.externaltools.gnu-tools-for-stm32.10.3-2021.10.macos64_1.0.0.202111181127/tools/bin/../lib/gcc/arm-none-eabi/10.3.1/../../../../arm-none-eabi/lib/thumb/v7-m/nofp/libc_nano.a(lib_a-nano-mallocr.o)
                0x0000000008006c48                _malloc_r
 .text._realloc_r
                0x0000000008006d30       0x5e /Applications/STM32CubeIDE 2.app/Contents/Eclipse/plugins/com.st.stm32cube.ide.mcu.externaltools.gnu-tools-for-stm32.10.3-2021.10.macos64_1.0.0.202111181127/tools/bin/../lib/gcc/arm-none-eabi/10.3.1/../../../../arm-none-eabi/lib/thumb/v7-m/nofp/libc_nano.a(lib_a-nano-reallocr.o)
                0x0000000008006d30                _realloc_r
 *fill*         0x0000000008006d8e        0x2 
 .text._sbrk_r  0x0000000008006d90       0x20 /Applications/STM32CubeIDE 2.app/Contents/Eclipse/plugins/com.st.stm32cube.ide.mcu.externaltools.gnu-tools-for-stm32.10.3-2021.10.macos64_1.0.0.202111181127/tools/bin/../lib/gcc/arm-none-eabi/10.3.1/../../../../arm-none-eabi/lib/thumb/v7-m/nofp/libc_nano.a(lib_a-sbrkr.o)
                0x0000000008006d90                _sbrk_r
 .text.__malloc_lock
                0x0000000008006db0        0xc /Applications/STM32CubeIDE 2.app/Contents/Eclipse/plugins/com.st.stm32cube.ide.mcu.externaltools.gnu-tools-for-stm32.10.3-2021.10.macos64_1.0.0.202111181127/tools/bin/../lib/gcc/arm-none-eabi/10.3.1/../../../../arm-none-eabi/lib/thumb/v7-m/nofp/libc_nano.a(lib_a-mlock.o)
                0x0000000008006db0                __malloc_lock
 .text.__malloc_unlock
                0x0000000008006dbc        0xc /Applications/STM32CubeIDE 2.app/Contents/Eclipse/plugins/com.st.stm32cube.ide.mcu.externaltools.gnu-tools-for-stm32.10.3-2021.10.macos64_1.0.0.202111181127/tools/bin/../lib/gcc/arm-none-eabi/10.3.1/../../../../arm-none-eabi/lib/thumb/v7-m/nofp/libc_nano.a(lib_a-mlock.o)
                0x0000000008006dbc                __malloc_unlock
 .text._malloc_usable_size_r
                0x0000000008006dc8       0x10 /Applications/STM32CubeIDE 2.app/Contents/Eclipse/plugins/com.st.stm32cube.ide.mcu.externaltools.gnu-tools-for-stm32.10.3-2021.10.macos64_1.0.0.202111181127/tools/bin/../lib/gcc/arm-none-eabi/10.3.1/../../../../arm-none-eabi/lib/thumb/v7-m/nofp/libc_nano.a(lib_a-nano-msizer.o)
                0x0000000008006dc8                _malloc_usable_size_r
 .text.__retarget_lock_acquire_recursive
                0x0000000008006dd8        0x2 /Applications/STM32CubeIDE 2.app/Contents/Eclipse/plugins/com.st.stm32cube.ide.mcu.externaltools.gnu-tools-for-stm32.10.3-2021.10.macos64_1.0.0.202111181127/tools/bin/../lib/gcc/arm-none-eabi/10.3.1/../../../../arm-none-eabi/lib/thumb/v7-m/nofp/libc_nano.a(lib_a-lock.o)
                0x0000000008006dd8                __retarget_lock_acquire_recursive
 .text.__retarget_lock_release_recursive
                0x0000000008006dda        0x2 /Applications/STM32CubeIDE 2.app/Contents/Eclipse/plugins/com.st.stm32cube.ide.mcu.externaltools.gnu-tools-for-stm32.10.3-2021.10.macos64_1.0.0.202111181127/tools/bin/../lib/gcc/arm-none-eabi/10.3.1/../../../../arm-none-eabi/lib/thumb/v7-m/nofp/libc_nano.a(lib_a-lock.o)
                0x0000000008006dda                __retarget_lock_release_recursive
 *(.glue_7)
 .glue_7        0x0000000008006ddc        0x0 linker stubs
 *(.glue_7t)
 .glue_7t       0x0000000008006ddc        0x0 linker stubs
 *(.eh_frame)
 .eh_frame      0x0000000008006ddc        0x0 /Applications/STM32CubeIDE 2.app/Contents/Eclipse/plugins/com.st.stm32cube.ide.mcu.externaltools.gnu-tools-for-stm32.10.3-2021.10.macos64_1.0.0.202111181127/tools/bin/../lib/gcc/arm-none-eabi/10.3.1/thumb/v7-m/nofp/crtbegin.o
 *(.init)
 .init          0x0000000008006ddc        0x4 /Applications/STM32CubeIDE 2.app/Contents/Eclipse/plugins/com.st.stm32cube.ide.mcu.externaltools.gnu-tools-for-stm32.10.3-2021.10.macos64_1.0.0.202111181127/tools/bin/../lib/gcc/arm-none-eabi/10.3.1/thumb/v7-m/nofp/crti.o
                0x0000000008006ddc                _init
 .init          0x0000000008006de0        0x8 /Applications/STM32CubeIDE 2.app/Contents/Eclipse/plugins/com.st.stm32cube.ide.mcu.externaltools.gnu-tools-for-stm32.10.3-2021.10.macos64_1.0.0.202111181127/tools/bin/../lib/gcc/arm-none-eabi/10.3.1/thumb/v7-m/nofp/crtn.o
 *(.fini)
 .fini          0x0000000008006de8        0x4 /Applications/STM32CubeIDE 2.app/Contents/Eclipse/plugins/com.st.stm32cube.ide.mcu.externaltools.gnu-tools-for-stm32.10.3-2021.10.macos64_1.0.0.202111181127/tools/bin/../lib/gcc/arm-none-eabi/10.3.1/thumb/v7-m/nofp/crti.o
                0x0000000008006de8                _fini
 .fini          0x0000000008006dec        0x8 /Applications/STM32CubeIDE 2.app/Contents/Eclipse/plugins/com.st.stm32cube.ide.mcu.externaltools.gnu-tools-for-stm32.10.3-2021.10.macos64_1.0.0.202111181127/tools/bin/../lib/gcc/arm-none-eabi/10.3.1/thumb/v7-m/nofp/crtn.o
                0x0000000008006df4                . = ALIGN (0x4)
                0x0000000008006df4                _etext = .

.vfp11_veneer   0x0000000008006df4        0x0
 .vfp11_veneer  0x0000000008006df4        0x0 linker stubs

.v4_bx          0x0000000008006df4        0x0
 .v4_bx         0x0000000008006df4        0x0 linker stubs

.iplt           0x0000000008006df4        0x0
 .iplt          0x0000000008006df4        0x0 /Applications/STM32CubeIDE 2.app/Contents/Eclipse/plugins/com.st.stm32cube.ide.mcu.externaltools.gnu-tools-for-stm32.10.3-2021.10.macos64_1.0.0.202111181127/tools/bin/../lib/gcc/arm-none-eabi/10.3.1/thumb/v7-m/nofp/crtbegin.o

.rodata         0x0000000008006df4      0x698
                0x0000000008006df4                . = ALIGN (0x4)
 *(.rodata)
 .rodata        0x0000000008006df4        0xb ./Core/Src/interface.o
 *fill*         0x0000000008006dff        0x1 
 .rodata        0x0000000008006e00       0x3e ./Core/Src/xpt2046.o
 *fill*         0x0000000008006e3e        0x2 
 .rodata        0x0000000008006e40       0x10 ./Drivers/STM32F1xx_HAL_Driver/Src/stm32f1xx_hal_rcc.o
 *(.rodata*)
 .rodata.ucAscii_1608
                0x0000000008006e50      0x5f0 ./Core/Src/lcdtp.o
                0x0000000008006e50                ucAscii_1608
 .rodata.AHBPrescTable
                0x0000000008007440       0x10 ./Core/Src/system_stm32f1xx.o
                0x0000000008007440                AHBPrescTable
 .rodata.APBPrescTable
                0x0000000008007450        0x8 ./Core/Src/system_stm32f1xx.o
                0x0000000008007450                APBPrescTable
 .rodata._svfprintf_r.str1.1
                0x0000000008007458       0x11 /Applications/STM32CubeIDE 2.app/Contents/Eclipse/plugins/com.st.stm32cube.ide.mcu.externaltools.gnu-tools-for-stm32.10.3-2021.10.macos64_1.0.0.202111181127/tools/bin/../lib/gcc/arm-none-eabi/10.3.1/../../../../arm-none-eabi/lib/thumb/v7-m/nofp/libc_nano.a(lib_a-nano-svfprintf.o)
 .rodata._printf_i.str1.1
                0x0000000008007469       0x22 /Applications/STM32CubeIDE 2.app/Contents/Eclipse/plugins/com.st.stm32cube.ide.mcu.externaltools.gnu-tools-for-stm32.10.3-2021.10.macos64_1.0.0.202111181127/tools/bin/../lib/gcc/arm-none-eabi/10.3.1/../../../../arm-none-eabi/lib/thumb/v7-m/nofp/libc_nano.a(lib_a-nano-vfprintf_i.o)
                0x000000000800748c                . = ALIGN (0x4)
 *fill*         0x000000000800748b        0x1 

.rel.dyn        0x000000000800748c        0x0
 .rel.iplt      0x000000000800748c        0x0 /Applications/STM32CubeIDE 2.app/Contents/Eclipse/plugins/com.st.stm32cube.ide.mcu.externaltools.gnu-tools-for-stm32.10.3-2021.10.macos64_1.0.0.202111181127/tools/bin/../lib/gcc/arm-none-eabi/10.3.1/thumb/v7-m/nofp/crtbegin.o

.ARM.extab      0x000000000800748c        0x0
                0x000000000800748c                . = ALIGN (0x4)
 *(.ARM.extab* .gnu.linkonce.armextab.*)
                0x000000000800748c                . = ALIGN (0x4)

.ARM            0x000000000800748c        0x0
                0x000000000800748c                . = ALIGN (0x4)
                0x000000000800748c                __exidx_start = .
 *(.ARM.exidx*)
                0x000000000800748c                __exidx_end = .
                0x000000000800748c                . = ALIGN (0x4)

.preinit_array  0x000000000800748c        0x0
                0x000000000800748c                . = ALIGN (0x4)
                0x000000000800748c                PROVIDE (__preinit_array_start = .)
 *(.preinit_array*)
                0x000000000800748c                PROVIDE (__preinit_array_end = .)
                0x000000000800748c                . = ALIGN (0x4)

.init_array     0x000000000800748c        0x4
                0x000000000800748c                . = ALIGN (0x4)
                0x000000000800748c                PROVIDE (__init_array_start = .)
 *(SORT_BY_NAME(.init_array.*))
 *(.init_array*)
 .init_array    0x000000000800748c        0x4 /Applications/STM32CubeIDE 2.app/Contents/Eclipse/plugins/com.st.stm32cube.ide.mcu.externaltools.gnu-tools-for-stm32.10.3-2021.10.macos64_1.0.0.202111181127/tools/bin/../lib/gcc/arm-none-eabi/10.3.1/thumb/v7-m/nofp/crtbegin.o
                0x0000000008007490                PROVIDE (__init_array_end = .)
                0x0000000008007490                . = ALIGN (0x4)

.fini_array     0x0000000008007490        0x4
                0x0000000008007490                . = ALIGN (0x4)
                [!provide]                        PROVIDE (__fini_array_start = .)
 *(SORT_BY_NAME(.fini_array.*))
 *(.fini_array*)
 .fini_array    0x0000000008007490        0x4 /Applications/STM32CubeIDE 2.app/Contents/Eclipse/plugins/com.st.stm32cube.ide.mcu.externaltools.gnu-tools-for-stm32.10.3-2021.10.macos64_1.0.0.202111181127/tools/bin/../lib/gcc/arm-none-eabi/10.3.1/thumb/v7-m/nofp/crtbegin.o
                [!provide]                        PROVIDE (__fini_array_end = .)
                0x0000000008007494                . = ALIGN (0x4)
                0x0000000008007494                _sidata = LOADADDR (.data)

.data           0x0000000020000000       0xa4 load address 0x0000000008007494
                0x0000000020000000                . = ALIGN (0x4)
                0x0000000020000000                _sdata = .
 *(.data)
 *(.data*)
 .data.DHT11_SCHEDULE_FLAG
                0x0000000020000000        0x1 ./Core/Src/main.o
                0x0000000020000000                DHT11_SCHEDULE_FLAG
 *fill*         0x0000000020000001        0x3 
 .data.SystemCoreClock
                0x0000000020000004        0x4 ./Core/Src/system_stm32f1xx.o
                0x0000000020000004                SystemCoreClock
 .data.strXPT2046_TouchPara
                0x0000000020000008       0x30 ./Core/Src/xpt2046.o
                0x0000000020000008                strXPT2046_TouchPara
 .data.uwTickPrio
                0x0000000020000038        0x4 ./Drivers/STM32F1xx_HAL_Driver/Src/stm32f1xx_hal.o
                0x0000000020000038                uwTickPrio
 .data.uwTickFreq
                0x000000002000003c        0x1 ./Drivers/STM32F1xx_HAL_Driver/Src/stm32f1xx_hal.o
                0x000000002000003c                uwTickFreq
 *fill*         0x000000002000003d        0x3 
 .data._impure_ptr
                0x0000000020000040        0x4 /Applications/STM32CubeIDE 2.app/Contents/Eclipse/plugins/com.st.stm32cube.ide.mcu.externaltools.gnu-tools-for-stm32.10.3-2021.10.macos64_1.0.0.202111181127/tools/bin/../lib/gcc/arm-none-eabi/10.3.1/../../../../arm-none-eabi/lib/thumb/v7-m/nofp/libc_nano.a(lib_a-impure.o)
                0x0000000020000040                _impure_ptr
 .data.impure_data
                0x0000000020000044       0x60 /Applications/STM32CubeIDE 2.app/Contents/Eclipse/plugins/com.st.stm32cube.ide.mcu.externaltools.gnu-tools-for-stm32.10.3-2021.10.macos64_1.0.0.202111181127/tools/bin/../lib/gcc/arm-none-eabi/10.3.1/../../../../arm-none-eabi/lib/thumb/v7-m/nofp/libc_nano.a(lib_a-impure.o)
 *(.RamFunc)
 *(.RamFunc*)
                0x00000000200000a4                . = ALIGN (0x4)
                0x00000000200000a4                _edata = .

.igot.plt       0x00000000200000a4        0x0 load address 0x0000000008007538
 .igot.plt      0x00000000200000a4        0x0 /Applications/STM32CubeIDE 2.app/Contents/Eclipse/plugins/com.st.stm32cube.ide.mcu.externaltools.gnu-tools-for-stm32.10.3-2021.10.macos64_1.0.0.202111181127/tools/bin/../lib/gcc/arm-none-eabi/10.3.1/thumb/v7-m/nofp/crtbegin.o
                0x00000000200000a4                . = ALIGN (0x4)

.bss            0x00000000200000a4      0x70c load address 0x0000000008007538
                0x00000000200000a4                _sbss = .
                0x00000000200000a4                __bss_start__ = _sbss
 *(.bss)
 .bss           0x00000000200000a4       0x1c /Applications/STM32CubeIDE 2.app/Contents/Eclipse/plugins/com.st.stm32cube.ide.mcu.externaltools.gnu-tools-for-stm32.10.3-2021.10.macos64_1.0.0.202111181127/tools/bin/../lib/gcc/arm-none-eabi/10.3.1/thumb/v7-m/nofp/crtbegin.o
 *(.bss*)
 .bss.hadc1     0x00000000200000c0       0x30 ./Core/Src/adc.o
                0x00000000200000c0                hadc1
 .bss.DebugUartHandle
                0x00000000200000f0       0x40 ./Core/Src/bsp_usart.o
                0x00000000200000f0                DebugUartHandle
 .bss.WifiUartHandle
                0x0000000020000130       0x40 ./Core/Src/bsp_usart.o
                0x0000000020000130                WifiUartHandle
 .bss.hsram1    0x0000000020000170       0x44 ./Core/Src/fsmc.o
                0x0000000020000170                hsram1
 .bss.FSMC_Initialized
                0x00000000200001b4        0x4 ./Core/Src/fsmc.o
 .bss.darkmode_toggle
                0x00000000200001b8        0x1 ./Core/Src/lcdtp.o
                0x00000000200001b8                darkmode_toggle
 *fill*         0x00000000200001b9        0x3 
 .bss.Coordinate
                0x00000000200001bc        0x4 ./Core/Src/main.o
                0x00000000200001bc                Coordinate
 .bss.timeout_rb
                0x00000000200001c0        0x2 ./Core/Src/ring_buffer.o
                0x00000000200001c0                timeout_rb
 *fill*         0x00000000200001c2        0x2 
 .bss.tx_buffer
                0x00000000200001c4      0x408 ./Core/Src/ring_buffer.o
                0x00000000200001c4                tx_buffer
 .bss._rx_buffer
                0x00000000200005cc        0x4 ./Core/Src/ring_buffer.o
                0x00000000200005cc                _rx_buffer
 .bss.__sbrk_heap_end
                0x00000000200005d0        0x4 ./Core/Src/sysmem.o
 .bss.htim1     0x00000000200005d4       0x40 ./Core/Src/tim.o
                0x00000000200005d4                htim1
 .bss.htim2     0x0000000020000614       0x40 ./Core/Src/tim.o
                0x0000000020000614                htim2
 .bss.htim3     0x0000000020000654       0x40 ./Core/Src/tim.o
                0x0000000020000654                htim3
 .bss.htim5     0x0000000020000694       0x40 ./Core/Src/tim.o
                0x0000000020000694                htim5
 .bss.timer_left
                0x00000000200006d4        0x1 ./Core/Src/timer.o
                0x00000000200006d4                timer_left
 .bss.start_counting
                0x00000000200006d5        0x1 ./Core/Src/timer.o
                0x00000000200006d5                start_counting
 *fill*         0x00000000200006d6        0x2 
 .bss.huart1    0x00000000200006d8       0x40 ./Core/Src/usart.o
                0x00000000200006d8                huart1
 .bss.huart2    0x0000000020000718       0x40 ./Core/Src/usart.o
                0x0000000020000718                huart2
 .bss.huart3    0x0000000020000758       0x40 ./Core/Src/usart.o
                0x0000000020000758                huart3
 .bss.ucXPT2046_TouchFlag
                0x0000000020000798        0x1 ./Core/Src/xpt2046.o
                0x0000000020000798                ucXPT2046_TouchFlag
 *fill*         0x0000000020000799        0x3 
 .bss.uwTick    0x000000002000079c        0x4 ./Drivers/STM32F1xx_HAL_Driver/Src/stm32f1xx_hal.o
                0x000000002000079c                uwTick
 .bss.__malloc_free_list
                0x00000000200007a0        0x4 /Applications/STM32CubeIDE 2.app/Contents/Eclipse/plugins/com.st.stm32cube.ide.mcu.externaltools.gnu-tools-for-stm32.10.3-2021.10.macos64_1.0.0.202111181127/tools/bin/../lib/gcc/arm-none-eabi/10.3.1/../../../../arm-none-eabi/lib/thumb/v7-m/nofp/libc_nano.a(lib_a-nano-mallocr.o)
                0x00000000200007a0                __malloc_free_list
 .bss.__malloc_sbrk_start
                0x00000000200007a4        0x4 /Applications/STM32CubeIDE 2.app/Contents/Eclipse/plugins/com.st.stm32cube.ide.mcu.externaltools.gnu-tools-for-stm32.10.3-2021.10.macos64_1.0.0.202111181127/tools/bin/../lib/gcc/arm-none-eabi/10.3.1/../../../../arm-none-eabi/lib/thumb/v7-m/nofp/libc_nano.a(lib_a-nano-mallocr.o)
                0x00000000200007a4                __malloc_sbrk_start
 .bss.errno     0x00000000200007a8        0x4 /Applications/STM32CubeIDE 2.app/Contents/Eclipse/plugins/com.st.stm32cube.ide.mcu.externaltools.gnu-tools-for-stm32.10.3-2021.10.macos64_1.0.0.202111181127/tools/bin/../lib/gcc/arm-none-eabi/10.3.1/../../../../arm-none-eabi/lib/thumb/v7-m/nofp/libc_nano.a(lib_a-reent.o)
                0x00000000200007a8                errno
 .bss.__lock___malloc_recursive_mutex
                0x00000000200007ac        0x1 /Applications/STM32CubeIDE 2.app/Contents/Eclipse/plugins/com.st.stm32cube.ide.mcu.externaltools.gnu-tools-for-stm32.10.3-2021.10.macos64_1.0.0.202111181127/tools/bin/../lib/gcc/arm-none-eabi/10.3.1/../../../../arm-none-eabi/lib/thumb/v7-m/nofp/libc_nano.a(lib_a-lock.o)
                0x00000000200007ac                __lock___malloc_recursive_mutex
 *(COMMON)
                0x00000000200007b0                . = ALIGN (0x4)
 *fill*         0x00000000200007ad        0x3 
                0x00000000200007b0                _ebss = .
                0x00000000200007b0                __bss_end__ = _ebss

._user_heap_stack
                0x00000000200007b0      0x600 load address 0x0000000008007538
                0x00000000200007b0                . = ALIGN (0x8)
                [!provide]                        PROVIDE (end = .)
                0x00000000200007b0                PROVIDE (_end = .)
                0x00000000200009b0                . = (. + _Min_Heap_Size)
 *fill*         0x00000000200007b0      0x200 
                0x0000000020000db0                . = (. + _Min_Stack_Size)
 *fill*         0x00000000200009b0      0x400 
                0x0000000020000db0                . = ALIGN (0x8)

/DISCARD/
 libc.a(*)
 libm.a(*)
 libgcc.a(*)

.ARM.attributes
                0x0000000000000000       0x29
 *(.ARM.attributes)
 .ARM.attributes
                0x0000000000000000       0x1d /Applications/STM32CubeIDE 2.app/Contents/Eclipse/plugins/com.st.stm32cube.ide.mcu.externaltools.gnu-tools-for-stm32.10.3-2021.10.macos64_1.0.0.202111181127/tools/bin/../lib/gcc/arm-none-eabi/10.3.1/thumb/v7-m/nofp/crti.o
 .ARM.attributes
                0x000000000000001d       0x2d /Applications/STM32CubeIDE 2.app/Contents/Eclipse/plugins/com.st.stm32cube.ide.mcu.externaltools.gnu-tools-for-stm32.10.3-2021.10.macos64_1.0.0.202111181127/tools/bin/../lib/gcc/arm-none-eabi/10.3.1/thumb/v7-m/nofp/crtbegin.o
 .ARM.attributes
                0x000000000000004a       0x2d ./Core/Src/adc.o
 .ARM.attributes
                0x0000000000000077       0x2d ./Core/Src/bsp_usart.o
 .ARM.attributes
                0x00000000000000a4       0x2d ./Core/Src/fsmc.o
 .ARM.attributes
                0x00000000000000d1       0x2d ./Core/Src/gpio.o
 .ARM.attributes
                0x00000000000000fe       0x2d ./Core/Src/interface.o
 .ARM.attributes
                0x000000000000012b       0x2d ./Core/Src/lcdtp.o
 .ARM.attributes
                0x0000000000000158       0x2d ./Core/Src/main.o
 .ARM.attributes
                0x0000000000000185       0x2d ./Core/Src/ring_buffer.o
 .ARM.attributes
                0x00000000000001b2       0x2d ./Core/Src/stm32f1xx_hal_msp.o
 .ARM.attributes
                0x00000000000001df       0x2d ./Core/Src/stm32f1xx_it.o
 .ARM.attributes
                0x000000000000020c       0x2d ./Core/Src/sysmem.o
 .ARM.attributes
                0x0000000000000239       0x2d ./Core/Src/system_stm32f1xx.o
 .ARM.attributes
                0x0000000000000266       0x2d ./Core/Src/tim.o
 .ARM.attributes
                0x0000000000000293       0x2d ./Core/Src/timer.o
 .ARM.attributes
                0x00000000000002c0       0x2d ./Core/Src/usart.o
 .ARM.attributes
                0x00000000000002ed       0x2d ./Core/Src/xpt2046.o
 .ARM.attributes
                0x000000000000031a       0x21 ./Core/Startup/startup_stm32f103vetx.o
 .ARM.attributes
                0x000000000000033b       0x2d ./Drivers/STM32F1xx_HAL_Driver/Src/stm32f1xx_hal.o
 .ARM.attributes
                0x0000000000000368       0x2d ./Drivers/STM32F1xx_HAL_Driver/Src/stm32f1xx_hal_adc.o
 .ARM.attributes
                0x0000000000000395       0x2d ./Drivers/STM32F1xx_HAL_Driver/Src/stm32f1xx_hal_cortex.o
 .ARM.attributes
                0x00000000000003c2       0x2d ./Drivers/STM32F1xx_HAL_Driver/Src/stm32f1xx_hal_dma.o
 .ARM.attributes
                0x00000000000003ef       0x2d ./Drivers/STM32F1xx_HAL_Driver/Src/stm32f1xx_hal_gpio.o
 .ARM.attributes
                0x000000000000041c       0x2d ./Drivers/STM32F1xx_HAL_Driver/Src/stm32f1xx_hal_rcc.o
 .ARM.attributes
                0x0000000000000449       0x2d ./Drivers/STM32F1xx_HAL_Driver/Src/stm32f1xx_hal_rcc_ex.o
 .ARM.attributes
                0x0000000000000476       0x2d ./Drivers/STM32F1xx_HAL_Driver/Src/stm32f1xx_hal_sram.o
 .ARM.attributes
                0x00000000000004a3       0x2d ./Drivers/STM32F1xx_HAL_Driver/Src/stm32f1xx_hal_tim.o
 .ARM.attributes
                0x00000000000004d0       0x2d ./Drivers/STM32F1xx_HAL_Driver/Src/stm32f1xx_hal_tim_ex.o
 .ARM.attributes
                0x00000000000004fd       0x2d ./Drivers/STM32F1xx_HAL_Driver/Src/stm32f1xx_hal_uart.o
 .ARM.attributes
                0x000000000000052a       0x2d ./Drivers/STM32F1xx_HAL_Driver/Src/stm32f1xx_ll_fsmc.o
 .ARM.attributes
                0x0000000000000557       0x2d /Applications/STM32CubeIDE 2.app/Contents/Eclipse/plugins/com.st.stm32cube.ide.mcu.externaltools.gnu-tools-for-stm32.10.3-2021.10.macos64_1.0.0.202111181127/tools/bin/../lib/gcc/arm-none-eabi/10.3.1/../../../../arm-none-eabi/lib/thumb/v7-m/nofp/libc_nano.a(lib_a-errno.o)
 .ARM.attributes
                0x0000000000000584       0x2d /Applications/STM32CubeIDE 2.app/Contents/Eclipse/plugins/com.st.stm32cube.ide.mcu.externaltools.gnu-tools-for-stm32.10.3-2021.10.macos64_1.0.0.202111181127/tools/bin/../lib/gcc/arm-none-eabi/10.3.1/../../../../arm-none-eabi/lib/thumb/v7-m/nofp/libc_nano.a(lib_a-impure.o)
 .ARM.attributes
                0x00000000000005b1       0x2d /Applications/STM32CubeIDE 2.app/Contents/Eclipse/plugins/com.st.stm32cube.ide.mcu.externaltools.gnu-tools-for-stm32.10.3-2021.10.macos64_1.0.0.202111181127/tools/bin/../lib/gcc/arm-none-eabi/10.3.1/../../../../arm-none-eabi/lib/thumb/v7-m/nofp/libc_nano.a(lib_a-init.o)
 .ARM.attributes
                0x00000000000005de       0x2d /Applications/STM32CubeIDE 2.app/Contents/Eclipse/plugins/com.st.stm32cube.ide.mcu.externaltools.gnu-tools-for-stm32.10.3-2021.10.macos64_1.0.0.202111181127/tools/bin/../lib/gcc/arm-none-eabi/10.3.1/../../../../arm-none-eabi/lib/thumb/v7-m/nofp/libc_nano.a(lib_a-memset.o)
 .ARM.attributes
                0x000000000000060b       0x2d /Applications/STM32CubeIDE 2.app/Contents/Eclipse/plugins/com.st.stm32cube.ide.mcu.externaltools.gnu-tools-for-stm32.10.3-2021.10.macos64_1.0.0.202111181127/tools/bin/../lib/gcc/arm-none-eabi/10.3.1/../../../../arm-none-eabi/lib/thumb/v7-m/nofp/libc_nano.a(lib_a-sprintf.o)
 .ARM.attributes
                0x0000000000000638       0x17 /Applications/STM32CubeIDE 2.app/Contents/Eclipse/plugins/com.st.stm32cube.ide.mcu.externaltools.gnu-tools-for-stm32.10.3-2021.10.macos64_1.0.0.202111181127/tools/bin/../lib/gcc/arm-none-eabi/10.3.1/../../../../arm-none-eabi/lib/thumb/v7-m/nofp/libc_nano.a(lib_a-strlen.o)
 .ARM.attributes
                0x000000000000064f       0x2d /Applications/STM32CubeIDE 2.app/Contents/Eclipse/plugins/com.st.stm32cube.ide.mcu.externaltools.gnu-tools-for-stm32.10.3-2021.10.macos64_1.0.0.202111181127/tools/bin/../lib/gcc/arm-none-eabi/10.3.1/../../../../arm-none-eabi/lib/thumb/v7-m/nofp/libc_nano.a(lib_a-nano-svfprintf.o)
 .ARM.attributes
                0x000000000000067c       0x2d /Applications/STM32CubeIDE 2.app/Contents/Eclipse/plugins/com.st.stm32cube.ide.mcu.externaltools.gnu-tools-for-stm32.10.3-2021.10.macos64_1.0.0.202111181127/tools/bin/../lib/gcc/arm-none-eabi/10.3.1/../../../../arm-none-eabi/lib/thumb/v7-m/nofp/libc_nano.a(lib_a-nano-vfprintf_i.o)
 .ARM.attributes
                0x00000000000006a9       0x2d /Applications/STM32CubeIDE 2.app/Contents/Eclipse/plugins/com.st.stm32cube.ide.mcu.externaltools.gnu-tools-for-stm32.10.3-2021.10.macos64_1.0.0.202111181127/tools/bin/../lib/gcc/arm-none-eabi/10.3.1/../../../../arm-none-eabi/lib/thumb/v7-m/nofp/libc_nano.a(lib_a-memchr-stub.o)
 .ARM.attributes
                0x00000000000006d6       0x2d /Applications/STM32CubeIDE 2.app/Contents/Eclipse/plugins/com.st.stm32cube.ide.mcu.externaltools.gnu-tools-for-stm32.10.3-2021.10.macos64_1.0.0.202111181127/tools/bin/../lib/gcc/arm-none-eabi/10.3.1/../../../../arm-none-eabi/lib/thumb/v7-m/nofp/libc_nano.a(lib_a-memcpy-stub.o)
 .ARM.attributes
                0x0000000000000703       0x2d /Applications/STM32CubeIDE 2.app/Contents/Eclipse/plugins/com.st.stm32cube.ide.mcu.externaltools.gnu-tools-for-stm32.10.3-2021.10.macos64_1.0.0.202111181127/tools/bin/../lib/gcc/arm-none-eabi/10.3.1/../../../../arm-none-eabi/lib/thumb/v7-m/nofp/libc_nano.a(lib_a-memmove.o)
 .ARM.attributes
                0x0000000000000730       0x2d /Applications/STM32CubeIDE 2.app/Contents/Eclipse/plugins/com.st.stm32cube.ide.mcu.externaltools.gnu-tools-for-stm32.10.3-2021.10.macos64_1.0.0.202111181127/tools/bin/../lib/gcc/arm-none-eabi/10.3.1/../../../../arm-none-eabi/lib/thumb/v7-m/nofp/libc_nano.a(lib_a-nano-freer.o)
 .ARM.attributes
                0x000000000000075d       0x2d /Applications/STM32CubeIDE 2.app/Contents/Eclipse/plugins/com.st.stm32cube.ide.mcu.externaltools.gnu-tools-for-stm32.10.3-2021.10.macos64_1.0.0.202111181127/tools/bin/../lib/gcc/arm-none-eabi/10.3.1/../../../../arm-none-eabi/lib/thumb/v7-m/nofp/libc_nano.a(lib_a-nano-mallocr.o)
 .ARM.attributes
                0x000000000000078a       0x2d /Applications/STM32CubeIDE 2.app/Contents/Eclipse/plugins/com.st.stm32cube.ide.mcu.externaltools.gnu-tools-for-stm32.10.3-2021.10.macos64_1.0.0.202111181127/tools/bin/../lib/gcc/arm-none-eabi/10.3.1/../../../../arm-none-eabi/lib/thumb/v7-m/nofp/libc_nano.a(lib_a-nano-reallocr.o)
 .ARM.attributes
                0x00000000000007b7       0x2d /Applications/STM32CubeIDE 2.app/Contents/Eclipse/plugins/com.st.stm32cube.ide.mcu.externaltools.gnu-tools-for-stm32.10.3-2021.10.macos64_1.0.0.202111181127/tools/bin/../lib/gcc/arm-none-eabi/10.3.1/../../../../arm-none-eabi/lib/thumb/v7-m/nofp/libc_nano.a(lib_a-sbrkr.o)
 .ARM.attributes
                0x00000000000007e4       0x2d /Applications/STM32CubeIDE 2.app/Contents/Eclipse/plugins/com.st.stm32cube.ide.mcu.externaltools.gnu-tools-for-stm32.10.3-2021.10.macos64_1.0.0.202111181127/tools/bin/../lib/gcc/arm-none-eabi/10.3.1/../../../../arm-none-eabi/lib/thumb/v7-m/nofp/libc_nano.a(lib_a-mlock.o)
 .ARM.attributes
                0x0000000000000811       0x2d /Applications/STM32CubeIDE 2.app/Contents/Eclipse/plugins/com.st.stm32cube.ide.mcu.externaltools.gnu-tools-for-stm32.10.3-2021.10.macos64_1.0.0.202111181127/tools/bin/../lib/gcc/arm-none-eabi/10.3.1/../../../../arm-none-eabi/lib/thumb/v7-m/nofp/libc_nano.a(lib_a-nano-msizer.o)
 .ARM.attributes
                0x000000000000083e       0x2d /Applications/STM32CubeIDE 2.app/Contents/Eclipse/plugins/com.st.stm32cube.ide.mcu.externaltools.gnu-tools-for-stm32.10.3-2021.10.macos64_1.0.0.202111181127/tools/bin/../lib/gcc/arm-none-eabi/10.3.1/../../../../arm-none-eabi/lib/thumb/v7-m/nofp/libc_nano.a(lib_a-reent.o)
 .ARM.attributes
                0x000000000000086b       0x2d /Applications/STM32CubeIDE 2.app/Contents/Eclipse/plugins/com.st.stm32cube.ide.mcu.externaltools.gnu-tools-for-stm32.10.3-2021.10.macos64_1.0.0.202111181127/tools/bin/../lib/gcc/arm-none-eabi/10.3.1/../../../../arm-none-eabi/lib/thumb/v7-m/nofp/libc_nano.a(lib_a-lock.o)
 .ARM.attributes
                0x0000000000000898       0x1d /Applications/STM32CubeIDE 2.app/Contents/Eclipse/plugins/com.st.stm32cube.ide.mcu.externaltools.gnu-tools-for-stm32.10.3-2021.10.macos64_1.0.0.202111181127/tools/bin/../lib/gcc/arm-none-eabi/10.3.1/thumb/v7-m/nofp/libgcc.a(_arm_addsubdf3.o)
 .ARM.attributes
                0x00000000000008b5       0x1d /Applications/STM32CubeIDE 2.app/Contents/Eclipse/plugins/com.st.stm32cube.ide.mcu.externaltools.gnu-tools-for-stm32.10.3-2021.10.macos64_1.0.0.202111181127/tools/bin/../lib/gcc/arm-none-eabi/10.3.1/thumb/v7-m/nofp/libgcc.a(_arm_muldivdf3.o)
 .ARM.attributes
                0x00000000000008d2       0x1d /Applications/STM32CubeIDE 2.app/Contents/Eclipse/plugins/com.st.stm32cube.ide.mcu.externaltools.gnu-tools-for-stm32.10.3-2021.10.macos64_1.0.0.202111181127/tools/bin/../lib/gcc/arm-none-eabi/10.3.1/thumb/v7-m/nofp/libgcc.a(_arm_cmpdf2.o)
 .ARM.attributes
                0x00000000000008ef       0x1d /Applications/STM32CubeIDE 2.app/Contents/Eclipse/plugins/com.st.stm32cube.ide.mcu.externaltools.gnu-tools-for-stm32.10.3-2021.10.macos64_1.0.0.202111181127/tools/bin/../lib/gcc/arm-none-eabi/10.3.1/thumb/v7-m/nofp/libgcc.a(_arm_fixunsdfsi.o)
 .ARM.attributes
                0x000000000000090c       0x1d /Applications/STM32CubeIDE 2.app/Contents/Eclipse/plugins/com.st.stm32cube.ide.mcu.externaltools.gnu-tools-for-stm32.10.3-2021.10.macos64_1.0.0.202111181127/tools/bin/../lib/gcc/arm-none-eabi/10.3.1/thumb/v7-m/nofp/crtn.o
OUTPUT(ELEC3300PROJ.elf elf32-littlearm)
LOAD linker stubs
LOAD /Applications/STM32CubeIDE 2.app/Contents/Eclipse/plugins/com.st.stm32cube.ide.mcu.externaltools.gnu-tools-for-stm32.10.3-2021.10.macos64_1.0.0.202111181127/tools/bin/../lib/gcc/arm-none-eabi/10.3.1/../../../../arm-none-eabi/lib/thumb/v7-m/nofp/libc.a
LOAD /Applications/STM32CubeIDE 2.app/Contents/Eclipse/plugins/com.st.stm32cube.ide.mcu.externaltools.gnu-tools-for-stm32.10.3-2021.10.macos64_1.0.0.202111181127/tools/bin/../lib/gcc/arm-none-eabi/10.3.1/../../../../arm-none-eabi/lib/thumb/v7-m/nofp/libm.a
LOAD /Applications/STM32CubeIDE 2.app/Contents/Eclipse/plugins/com.st.stm32cube.ide.mcu.externaltools.gnu-tools-for-stm32.10.3-2021.10.macos64_1.0.0.202111181127/tools/bin/../lib/gcc/arm-none-eabi/10.3.1/thumb/v7-m/nofp/libgcc.a

.debug_info     0x0000000000000000    0x11a98
 .debug_info    0x0000000000000000      0x816 ./Core/Src/adc.o
 .debug_info    0x0000000000000816      0xdd9 ./Core/Src/bsp_usart.o
 .debug_info    0x00000000000015ef      0x8af ./Core/Src/fsmc.o
 .debug_info    0x0000000000001e9e      0x518 ./Core/Src/gpio.o
 .debug_info    0x00000000000023b6      0x9f4 ./Core/Src/interface.o
 .debug_info    0x0000000000002daa      0xb01 ./Core/Src/lcdtp.o
 .debug_info    0x00000000000038ab      0x89e ./Core/Src/main.o
 .debug_info    0x0000000000004149      0xa7b ./Core/Src/ring_buffer.o
 .debug_info    0x0000000000004bc4      0x217 ./Core/Src/stm32f1xx_hal_msp.o
 .debug_info    0x0000000000004ddb      0xb07 ./Core/Src/stm32f1xx_it.o
 .debug_info    0x00000000000058e2      0x171 ./Core/Src/sysmem.o
 .debug_info    0x0000000000005a53      0x403 ./Core/Src/system_stm32f1xx.o
 .debug_info    0x0000000000005e56      0xdc1 ./Core/Src/tim.o
 .debug_info    0x0000000000006c17      0x6a5 ./Core/Src/timer.o
 .debug_info    0x00000000000072bc      0xa8f ./Core/Src/usart.o
 .debug_info    0x0000000000007d4b      0x7b4 ./Core/Src/xpt2046.o
 .debug_info    0x00000000000084ff       0x22 ./Core/Startup/startup_stm32f103vetx.o
 .debug_info    0x0000000000008521      0x772 ./Drivers/STM32F1xx_HAL_Driver/Src/stm32f1xx_hal.o
 .debug_info    0x0000000000008c93      0xcd0 ./Drivers/STM32F1xx_HAL_Driver/Src/stm32f1xx_hal_adc.o
 .debug_info    0x0000000000009963      0xb7c ./Drivers/STM32F1xx_HAL_Driver/Src/stm32f1xx_hal_cortex.o
 .debug_info    0x000000000000a4df      0x746 ./Drivers/STM32F1xx_HAL_Driver/Src/stm32f1xx_hal_dma.o
 .debug_info    0x000000000000ac25      0x627 ./Drivers/STM32F1xx_HAL_Driver/Src/stm32f1xx_hal_gpio.o
 .debug_info    0x000000000000b24c      0x86f ./Drivers/STM32F1xx_HAL_Driver/Src/stm32f1xx_hal_rcc.o
 .debug_info    0x000000000000babb      0x410 ./Drivers/STM32F1xx_HAL_Driver/Src/stm32f1xx_hal_rcc_ex.o
 .debug_info    0x000000000000becb      0xb48 ./Drivers/STM32F1xx_HAL_Driver/Src/stm32f1xx_hal_sram.o
 .debug_info    0x000000000000ca13     0x239e ./Drivers/STM32F1xx_HAL_Driver/Src/stm32f1xx_hal_tim.o
 .debug_info    0x000000000000edb1     0x10a4 ./Drivers/STM32F1xx_HAL_Driver/Src/stm32f1xx_hal_tim_ex.o
 .debug_info    0x000000000000fe55     0x128c ./Drivers/STM32F1xx_HAL_Driver/Src/stm32f1xx_hal_uart.o
 .debug_info    0x00000000000110e1      0x9b7 ./Drivers/STM32F1xx_HAL_Driver/Src/stm32f1xx_ll_fsmc.o

.debug_abbrev   0x0000000000000000     0x39cb
 .debug_abbrev  0x0000000000000000      0x1ce ./Core/Src/adc.o
 .debug_abbrev  0x00000000000001ce      0x21d ./Core/Src/bsp_usart.o
 .debug_abbrev  0x00000000000003eb      0x207 ./Core/Src/fsmc.o
 .debug_abbrev  0x00000000000005f2      0x152 ./Core/Src/gpio.o
 .debug_abbrev  0x0000000000000744      0x2c3 ./Core/Src/interface.o
 .debug_abbrev  0x0000000000000a07      0x2ed ./Core/Src/lcdtp.o
 .debug_abbrev  0x0000000000000cf4      0x255 ./Core/Src/main.o
 .debug_abbrev  0x0000000000000f49      0x366 ./Core/Src/ring_buffer.o
 .debug_abbrev  0x00000000000012af       0xd4 ./Core/Src/stm32f1xx_hal_msp.o
 .debug_abbrev  0x0000000000001383      0x24b ./Core/Src/stm32f1xx_it.o
 .debug_abbrev  0x00000000000015ce       0xbb ./Core/Src/sysmem.o
 .debug_abbrev  0x0000000000001689      0x13b ./Core/Src/system_stm32f1xx.o
 .debug_abbrev  0x00000000000017c4      0x23e ./Core/Src/tim.o
 .debug_abbrev  0x0000000000001a02      0x1b3 ./Core/Src/timer.o
 .debug_abbrev  0x0000000000001bb5      0x1ec ./Core/Src/usart.o
 .debug_abbrev  0x0000000000001da1      0x269 ./Core/Src/xpt2046.o
 .debug_abbrev  0x000000000000200a       0x12 ./Core/Startup/startup_stm32f103vetx.o
 .debug_abbrev  0x000000000000201c      0x244 ./Drivers/STM32F1xx_HAL_Driver/Src/stm32f1xx_hal.o
 .debug_abbrev  0x0000000000002260      0x210 ./Drivers/STM32F1xx_HAL_Driver/Src/stm32f1xx_hal_adc.o
 .debug_abbrev  0x0000000000002470      0x2d0 ./Drivers/STM32F1xx_HAL_Driver/Src/stm32f1xx_hal_cortex.o
 .debug_abbrev  0x0000000000002740      0x1fe ./Drivers/STM32F1xx_HAL_Driver/Src/stm32f1xx_hal_dma.o
 .debug_abbrev  0x000000000000293e      0x1c4 ./Drivers/STM32F1xx_HAL_Driver/Src/stm32f1xx_hal_gpio.o
 .debug_abbrev  0x0000000000002b02      0x2cc ./Drivers/STM32F1xx_HAL_Driver/Src/stm32f1xx_hal_rcc.o
 .debug_abbrev  0x0000000000002dce      0x182 ./Drivers/STM32F1xx_HAL_Driver/Src/stm32f1xx_hal_rcc_ex.o
 .debug_abbrev  0x0000000000002f50      0x1de ./Drivers/STM32F1xx_HAL_Driver/Src/stm32f1xx_hal_sram.o
 .debug_abbrev  0x000000000000312e      0x270 ./Drivers/STM32F1xx_HAL_Driver/Src/stm32f1xx_hal_tim.o
 .debug_abbrev  0x000000000000339e      0x24b ./Drivers/STM32F1xx_HAL_Driver/Src/stm32f1xx_hal_tim_ex.o
 .debug_abbrev  0x00000000000035e9      0x25d ./Drivers/STM32F1xx_HAL_Driver/Src/stm32f1xx_hal_uart.o
 .debug_abbrev  0x0000000000003846      0x185 ./Drivers/STM32F1xx_HAL_Driver/Src/stm32f1xx_ll_fsmc.o

.debug_aranges  0x0000000000000000     0x1118
 .debug_aranges
                0x0000000000000000       0x30 ./Core/Src/adc.o
 .debug_aranges
                0x0000000000000030       0x40 ./Core/Src/bsp_usart.o
 .debug_aranges
                0x0000000000000070       0x40 ./Core/Src/fsmc.o
 .debug_aranges
                0x00000000000000b0       0x20 ./Core/Src/gpio.o
 .debug_aranges
                0x00000000000000d0       0x48 ./Core/Src/interface.o
 .debug_aranges
                0x0000000000000118       0xe8 ./Core/Src/lcdtp.o
 .debug_aranges
                0x0000000000000200       0x30 ./Core/Src/main.o
 .debug_aranges
                0x0000000000000230       0x88 ./Core/Src/ring_buffer.o
 .debug_aranges
                0x00000000000002b8       0x20 ./Core/Src/stm32f1xx_hal_msp.o
 .debug_aranges
                0x00000000000002d8       0x98 ./Core/Src/stm32f1xx_it.o
 .debug_aranges
                0x0000000000000370       0x20 ./Core/Src/sysmem.o
 .debug_aranges
                0x0000000000000390       0x28 ./Core/Src/system_stm32f1xx.o
 .debug_aranges
                0x00000000000003b8       0x50 ./Core/Src/tim.o
 .debug_aranges
                0x0000000000000408       0x30 ./Core/Src/timer.o
 .debug_aranges
                0x0000000000000438       0x40 ./Core/Src/usart.o
 .debug_aranges
                0x0000000000000478       0x68 ./Core/Src/xpt2046.o
 .debug_aranges
                0x00000000000004e0       0x28 ./Core/Startup/startup_stm32f103vetx.o
 .debug_aranges
                0x0000000000000508       0xd0 ./Drivers/STM32F1xx_HAL_Driver/Src/stm32f1xx_hal.o
 .debug_aranges
                0x00000000000005d8       0xf0 ./Drivers/STM32F1xx_HAL_Driver/Src/stm32f1xx_hal_adc.o
 .debug_aranges
                0x00000000000006c8      0x100 ./Drivers/STM32F1xx_HAL_Driver/Src/stm32f1xx_hal_cortex.o
 .debug_aranges
                0x00000000000007c8       0x80 ./Drivers/STM32F1xx_HAL_Driver/Src/stm32f1xx_hal_dma.o
 .debug_aranges
                0x0000000000000848       0x58 ./Drivers/STM32F1xx_HAL_Driver/Src/stm32f1xx_hal_gpio.o
 .debug_aranges
                0x00000000000008a0       0x90 ./Drivers/STM32F1xx_HAL_Driver/Src/stm32f1xx_hal_rcc.o
 .debug_aranges
                0x0000000000000930       0x30 ./Drivers/STM32F1xx_HAL_Driver/Src/stm32f1xx_hal_rcc_ex.o
 .debug_aranges
                0x0000000000000960       0xa0 ./Drivers/STM32F1xx_HAL_Driver/Src/stm32f1xx_hal_sram.o
 .debug_aranges
                0x0000000000000a00      0x368 ./Drivers/STM32F1xx_HAL_Driver/Src/stm32f1xx_hal_tim.o
 .debug_aranges
                0x0000000000000d68      0x138 ./Drivers/STM32F1xx_HAL_Driver/Src/stm32f1xx_hal_tim_ex.o
 .debug_aranges
                0x0000000000000ea0      0x1d0 ./Drivers/STM32F1xx_HAL_Driver/Src/stm32f1xx_hal_uart.o
 .debug_aranges
                0x0000000000001070       0xa8 ./Drivers/STM32F1xx_HAL_Driver/Src/stm32f1xx_ll_fsmc.o

.debug_ranges   0x0000000000000000      0xf68
 .debug_ranges  0x0000000000000000       0x20 ./Core/Src/adc.o
 .debug_ranges  0x0000000000000020       0x30 ./Core/Src/bsp_usart.o
 .debug_ranges  0x0000000000000050       0x30 ./Core/Src/fsmc.o
 .debug_ranges  0x0000000000000080       0x10 ./Core/Src/gpio.o
 .debug_ranges  0x0000000000000090       0x38 ./Core/Src/interface.o
 .debug_ranges  0x00000000000000c8       0xd8 ./Core/Src/lcdtp.o
 .debug_ranges  0x00000000000001a0       0x20 ./Core/Src/main.o
 .debug_ranges  0x00000000000001c0       0x90 ./Core/Src/ring_buffer.o
 .debug_ranges  0x0000000000000250       0x10 ./Core/Src/stm32f1xx_hal_msp.o
 .debug_ranges  0x0000000000000260       0x88 ./Core/Src/stm32f1xx_it.o
 .debug_ranges  0x00000000000002e8       0x10 ./Core/Src/sysmem.o
 .debug_ranges  0x00000000000002f8       0x18 ./Core/Src/system_stm32f1xx.o
 .debug_ranges  0x0000000000000310       0x40 ./Core/Src/tim.o
 .debug_ranges  0x0000000000000350       0x20 ./Core/Src/timer.o
 .debug_ranges  0x0000000000000370       0x30 ./Core/Src/usart.o
 .debug_ranges  0x00000000000003a0       0x58 ./Core/Src/xpt2046.o
 .debug_ranges  0x00000000000003f8       0x20 ./Core/Startup/startup_stm32f103vetx.o
 .debug_ranges  0x0000000000000418       0xc0 ./Drivers/STM32F1xx_HAL_Driver/Src/stm32f1xx_hal.o
 .debug_ranges  0x00000000000004d8       0xe0 ./Drivers/STM32F1xx_HAL_Driver/Src/stm32f1xx_hal_adc.o
 .debug_ranges  0x00000000000005b8       0xf0 ./Drivers/STM32F1xx_HAL_Driver/Src/stm32f1xx_hal_cortex.o
 .debug_ranges  0x00000000000006a8       0x70 ./Drivers/STM32F1xx_HAL_Driver/Src/stm32f1xx_hal_dma.o
 .debug_ranges  0x0000000000000718       0x48 ./Drivers/STM32F1xx_HAL_Driver/Src/stm32f1xx_hal_gpio.o
 .debug_ranges  0x0000000000000760       0x80 ./Drivers/STM32F1xx_HAL_Driver/Src/stm32f1xx_hal_rcc.o
 .debug_ranges  0x00000000000007e0       0x20 ./Drivers/STM32F1xx_HAL_Driver/Src/stm32f1xx_hal_rcc_ex.o
 .debug_ranges  0x0000000000000800       0x90 ./Drivers/STM32F1xx_HAL_Driver/Src/stm32f1xx_hal_sram.o
 .debug_ranges  0x0000000000000890      0x358 ./Drivers/STM32F1xx_HAL_Driver/Src/stm32f1xx_hal_tim.o
 .debug_ranges  0x0000000000000be8      0x128 ./Drivers/STM32F1xx_HAL_Driver/Src/stm32f1xx_hal_tim_ex.o
 .debug_ranges  0x0000000000000d10      0x1c0 ./Drivers/STM32F1xx_HAL_Driver/Src/stm32f1xx_hal_uart.o
 .debug_ranges  0x0000000000000ed0       0x98 ./Drivers/STM32F1xx_HAL_Driver/Src/stm32f1xx_ll_fsmc.o

.debug_macro    0x0000000000000000     0x7bc8
 .debug_macro   0x0000000000000000      0x348 ./Core/Src/adc.o
 .debug_macro   0x0000000000000348       0x22 ./Core/Src/adc.o
 .debug_macro   0x000000000000036a      0x33e ./Core/Src/bsp_usart.o
 .debug_macro   0x00000000000006a8       0x88 ./Core/Src/bsp_usart.o
 .debug_macro   0x0000000000000730      0x348 ./Core/Src/fsmc.o
 .debug_macro   0x0000000000000a78      0x348 ./Core/Src/gpio.o
 .debug_macro   0x0000000000000dc0      0x35b ./Core/Src/interface.o
 .debug_macro   0x000000000000111b      0xb44 ./Core/Src/interface.o
 .debug_macro   0x0000000000001c5f       0x1c ./Core/Src/interface.o
 .debug_macro   0x0000000000001c7b      0xb8e ./Core/Src/interface.o
 .debug_macro   0x0000000000002809       0x34 ./Core/Src/interface.o
 .debug_macro   0x000000000000283d       0x97 ./Core/Src/interface.o
 .debug_macro   0x00000000000028d4      0x364 ./Core/Src/interface.o
 .debug_macro   0x0000000000002c38      0x104 ./Core/Src/interface.o
 .debug_macro   0x0000000000002d3c       0x43 ./Core/Src/interface.o
 .debug_macro   0x0000000000002d7f       0x16 ./Core/Src/interface.o
 .debug_macro   0x0000000000002d95      0x137 ./Core/Src/interface.o
 .debug_macro   0x0000000000002ecc      0x378 ./Core/Src/lcdtp.o
 .debug_macro   0x0000000000003244      0x3dc ./Core/Src/main.o
 .debug_macro   0x0000000000003620       0x58 ./Core/Src/main.o
 .debug_macro   0x0000000000003678      0x37b ./Core/Src/ring_buffer.o
 .debug_macro   0x00000000000039f3       0x16 ./Core/Src/ring_buffer.o
 .debug_macro   0x0000000000003a09       0x20 ./Core/Src/ring_buffer.o
 .debug_macro   0x0000000000003a29      0x33e ./Core/Src/stm32f1xx_hal_msp.o
 .debug_macro   0x0000000000003d67      0x38e ./Core/Src/stm32f1xx_it.o
 .debug_macro   0x00000000000040f5       0xff ./Core/Src/sysmem.o
 .debug_macro   0x00000000000041f4      0x23b ./Core/Src/sysmem.o
 .debug_macro   0x000000000000442f      0x335 ./Core/Src/system_stm32f1xx.o
 .debug_macro   0x0000000000004764      0x348 ./Core/Src/tim.o
 .debug_macro   0x0000000000004aac      0x339 ./Core/Src/timer.o
 .debug_macro   0x0000000000004de5      0x348 ./Core/Src/usart.o
 .debug_macro   0x000000000000512d      0x3a3 ./Core/Src/xpt2046.o
 .debug_macro   0x00000000000054d0      0x353 ./Drivers/STM32F1xx_HAL_Driver/Src/stm32f1xx_hal.o
 .debug_macro   0x0000000000005823      0x34c ./Drivers/STM32F1xx_HAL_Driver/Src/stm32f1xx_hal_adc.o
 .debug_macro   0x0000000000005b6f      0x32f ./Drivers/STM32F1xx_HAL_Driver/Src/stm32f1xx_hal_cortex.o
 .debug_macro   0x0000000000005e9e      0x32f ./Drivers/STM32F1xx_HAL_Driver/Src/stm32f1xx_hal_dma.o
 .debug_macro   0x00000000000061cd      0x39f ./Drivers/STM32F1xx_HAL_Driver/Src/stm32f1xx_hal_gpio.o
 .debug_macro   0x000000000000656c      0x341 ./Drivers/STM32F1xx_HAL_Driver/Src/stm32f1xx_hal_rcc.o
 .debug_macro   0x00000000000068ad      0x32f ./Drivers/STM32F1xx_HAL_Driver/Src/stm32f1xx_hal_rcc_ex.o
 .debug_macro   0x0000000000006bdc      0x32f ./Drivers/STM32F1xx_HAL_Driver/Src/stm32f1xx_hal_sram.o
 .debug_macro   0x0000000000006f0b      0x32f ./Drivers/STM32F1xx_HAL_Driver/Src/stm32f1xx_hal_tim.o
 .debug_macro   0x000000000000723a      0x32f ./Drivers/STM32F1xx_HAL_Driver/Src/stm32f1xx_hal_tim_ex.o
 .debug_macro   0x0000000000007569      0x330 ./Drivers/STM32F1xx_HAL_Driver/Src/stm32f1xx_hal_uart.o
 .debug_macro   0x0000000000007899      0x32f ./Drivers/STM32F1xx_HAL_Driver/Src/stm32f1xx_ll_fsmc.o

.debug_line     0x0000000000000000    0x17b7b
 .debug_line    0x0000000000000000      0x933 ./Core/Src/adc.o
 .debug_line    0x0000000000000933      0x974 ./Core/Src/bsp_usart.o
 .debug_line    0x00000000000012a7      0x9a9 ./Core/Src/fsmc.o
 .debug_line    0x0000000000001c50      0x92e ./Core/Src/gpio.o
 .debug_line    0x000000000000257e      0xa18 ./Core/Src/interface.o
 .debug_line    0x0000000000002f96      0xf4b ./Core/Src/lcdtp.o
 .debug_line    0x0000000000003ee1      0x9ed ./Core/Src/main.o
 .debug_line    0x00000000000048ce      0xe84 ./Core/Src/ring_buffer.o
 .debug_line    0x0000000000005752      0x8c6 ./Core/Src/stm32f1xx_hal_msp.o
 .debug_line    0x0000000000006018      0xac6 ./Core/Src/stm32f1xx_it.o
 .debug_line    0x0000000000006ade      0x52b ./Core/Src/sysmem.o
 .debug_line    0x0000000000007009      0x960 ./Core/Src/system_stm32f1xx.o
 .debug_line    0x0000000000007969      0xb02 ./Core/Src/tim.o
 .debug_line    0x000000000000846b      0x918 ./Core/Src/timer.o
 .debug_line    0x0000000000008d83      0xa13 ./Core/Src/usart.o
 .debug_line    0x0000000000009796     0x1096 ./Core/Src/xpt2046.o
 .debug_line    0x000000000000a82c       0x84 ./Core/Startup/startup_stm32f103vetx.o
 .debug_line    0x000000000000a8b0      0xb52 ./Drivers/STM32F1xx_HAL_Driver/Src/stm32f1xx_hal.o
 .debug_line    0x000000000000b402     0x11d9 ./Drivers/STM32F1xx_HAL_Driver/Src/stm32f1xx_hal_adc.o
 .debug_line    0x000000000000c5db      0xd3d ./Drivers/STM32F1xx_HAL_Driver/Src/stm32f1xx_hal_cortex.o
 .debug_line    0x000000000000d318     0x148b ./Drivers/STM32F1xx_HAL_Driver/Src/stm32f1xx_hal_dma.o
 .debug_line    0x000000000000e7a3      0xc44 ./Drivers/STM32F1xx_HAL_Driver/Src/stm32f1xx_hal_gpio.o
 .debug_line    0x000000000000f3e7      0xf71 ./Drivers/STM32F1xx_HAL_Driver/Src/stm32f1xx_hal_rcc.o
 .debug_line    0x0000000000010358      0xac5 ./Drivers/STM32F1xx_HAL_Driver/Src/stm32f1xx_hal_rcc_ex.o
 .debug_line    0x0000000000010e1d      0xd4a ./Drivers/STM32F1xx_HAL_Driver/Src/stm32f1xx_hal_sram.o
 .debug_line    0x0000000000011b67     0x2926 ./Drivers/STM32F1xx_HAL_Driver/Src/stm32f1xx_hal_tim.o
 .debug_line    0x000000000001448d     0x1283 ./Drivers/STM32F1xx_HAL_Driver/Src/stm32f1xx_hal_tim_ex.o
 .debug_line    0x0000000000015710     0x18f6 ./Drivers/STM32F1xx_HAL_Driver/Src/stm32f1xx_hal_uart.o
 .debug_line    0x0000000000017006      0xb75 ./Drivers/STM32F1xx_HAL_Driver/Src/stm32f1xx_ll_fsmc.o

.debug_str      0x0000000000000000    0x895a4
 .debug_str     0x0000000000000000    0x82fed ./Core/Src/adc.o
                                      0x8343e (size before relaxing)
 .debug_str     0x0000000000082fed      0x87c ./Core/Src/bsp_usart.o
                                      0x83a60 (size before relaxing)
 .debug_str     0x0000000000083869      0x2d3 ./Core/Src/fsmc.o
                                      0x8358b (size before relaxing)
 .debug_str     0x0000000000083b3c      0x35f ./Core/Src/gpio.o
                                      0x834a8 (size before relaxing)
 .debug_str     0x0000000000083e9b      0xa2d ./Core/Src/interface.o
                                      0x83b2b (size before relaxing)
 .debug_str     0x00000000000848c8      0x82f ./Core/Src/lcdtp.o
                                      0x8382a (size before relaxing)
 .debug_str     0x00000000000850f7      0x7e1 ./Core/Src/main.o