Archive member included to satisfy reference by file (symbol)

/Applications/STM32CubeIDE 2.app/Contents/Eclipse/plugins/com.st.stm32cube.ide.mcu.externaltools.gnu-tools-for-stm32.10.3-2021.10.macos64_1.0.0.202111181127/tools/bin/../lib/gcc/arm-none-eabi/10.3.1/../../../../arm-none-eabi/lib/thumb/v7-m/nofp/libstdc++_nano.a(pure.o)
                              ./Core/Src/interface.o (__cxa_pure_virtual)
/Applications/STM32CubeIDE 2.app/Contents/Eclipse/plugins/com.st.stm32cube.ide.mcu.externaltools.gnu-tools-for-stm32.10.3-2021.10.macos64_1.0.0.202111181127/tools/bin/../lib/gcc/arm-none-eabi/10.3.1/../../../../arm-none-eabi/lib/thumb/v7-m/nofp/libstdc++_nano.a(eh_terminate.o)
                              /Applications/STM32CubeIDE 2.app/Contents/Eclipse/plugins/com.st.stm32cube.ide.mcu.externaltools.gnu-tools-for-stm32.10.3-2021.10.macos64_1.0.0.202111181127/tools/bin/../lib/gcc/arm-none-eabi/10.3.1/../../../../arm-none-eabi/lib/thumb/v7-m/nofp/libstdc++_nano.a(pure.o) (std::terminate())
/Applications/STM32CubeIDE 2.app/Contents/Eclipse/plugins/com.st.stm32cube.ide.mcu.externaltools.gnu-tools-for-stm32.10.3-2021.10.macos64_1.0.0.202111181127/tools/bin/../lib/gcc/arm-none-eabi/10.3.1/../../../../arm-none-eabi/lib/thumb/v7-m/nofp/libstdc++_nano.a(eh_unex_handler.o)
                              /Applications/STM32CubeIDE 2.app/Contents/Eclipse/plugins/com.st.stm32cube.ide.mcu.externaltools.gnu-tools-for-stm32.10.3-2021.10.macos64_1.0.0.202111181127/tools/bin/../lib/gcc/arm-none-eabi/10.3.1/../../../../arm-none-eabi/lib/thumb/v7-m/nofp/libstdc++_nano.a(eh_terminate.o) (__cxxabiv1::__unexpected_handler)
/Applications/STM32CubeIDE 2.app/Contents/Eclipse/plugins/com.st.stm32cube.ide.mcu.externaltools.gnu-tools-for-stm32.10.3-2021.10.macos64_1.0.0.202111181127/tools/bin/../lib/gcc/arm-none-eabi/10.3.1/../../../../arm-none-eabi/lib/thumb/v7-m/nofp/libstdc++_nano.a(eh_term_handler.o)
                              /Applications/STM32CubeIDE 2.app/Contents/Eclipse/plugins/com.st.stm32cube.ide.mcu.externaltools.gnu-tools-for-stm32.10.3-2021.10.macos64_1.0.0.202111181127/tools/bin/../lib/gcc/arm-none-eabi/10.3.1/../../../../arm-none-eabi/lib/thumb/v7-m/nofp/libstdc++_nano.a(eh_terminate.o) (__cxxabiv1::__terminate_handler)
/Applications/STM32CubeIDE 2.app/Contents/Eclipse/plugins/com.st.stm32cube.ide.mcu.externaltools.gnu-tools-for-stm32.10.3-2021.10.macos64_1.0.0.202111181127/tools/bin/../lib/gcc/arm-none-eabi/10.3.1/../../../../arm-none-eabi/lib/thumb/v7-m/nofp/libm.a(lib_a-s_cos.o)
                              ./Core/Src/lcdtp.o (cos)
/Applications/STM32CubeIDE 2.app/Contents/Eclipse/plugins/com.st.stm32cube.ide.mcu.externaltools.gnu-tools-for-stm32.10.3-2021.10.macos64_1.0.0.202111181127/tools/bin/../lib/gcc/arm-none-eabi/10.3.1/../../../../arm-none-eabi/lib/thumb/v7-m/nofp/libm.a(lib_a-s_floor.o)
                              ./Core/Src/interface.o (floor)
/Applications/STM32CubeIDE 2.app/Contents/Eclipse/plugins/com.st.stm32cube.ide.mcu.externaltools.gnu-tools-for-stm32.10.3-2021.10.macos64_1.0.0.202111181127/tools/bin/../lib/gcc/arm-none-eabi/10.3.1/../../../../arm-none-eabi/lib/thumb/v7-m/nofp/libm.a(lib_a-s_sin.o)
                              ./Core/Src/lcdtp.o (sin)
/Applications/STM32CubeIDE 2.app/Contents/Eclipse/plugins/com.st.stm32cube.ide.mcu.externaltools.gnu-tools-for-stm32.10.3-2021.10.macos64_1.0.0.202111181127/tools/bin/../lib/gcc/arm-none-eabi/10.3.1/../../../../arm-none-eabi/lib/thumb/v7-m/nofp/libm.a(lib_a-wf_sqrt.o)
                              ./Core/Src/SERVO42C.o (sqrtf)
/Applications/STM32CubeIDE 2.app/Contents/Eclipse/plugins/com.st.stm32cube.ide.mcu.externaltools.gnu-tools-for-stm32.10.3-2021.10.macos64_1.0.0.202111181127/tools/bin/../lib/gcc/arm-none-eabi/10.3.1/../../../../arm-none-eabi/lib/thumb/v7-m/nofp/libm.a(lib_a-e_rem_pio2.o)
                              /Applications/STM32CubeIDE 2.app/Contents/Eclipse/plugins/com.st.stm32cube.ide.mcu.externaltools.gnu-tools-for-stm32.10.3-2021.10.macos64_1.0.0.202111181127/tools/bin/../lib/gcc/arm-none-eabi/10.3.1/../../../../arm-none-eabi/lib/thumb/v7-m/nofp/libm.a(lib_a-s_cos.o) (__ieee754_rem_pio2)
/Applications/STM32CubeIDE 2.app/Contents/Eclipse/plugins/com.st.stm32cube.ide.mcu.externaltools.gnu-tools-for-stm32.10.3-2021.10.macos64_1.0.0.202111181127/tools/bin/../lib/gcc/arm-none-eabi/10.3.1/../../../../arm-none-eabi/lib/thumb/v7-m/nofp/libm.a(lib_a-ef_sqrt.o)
                              /Applications/STM32CubeIDE 2.app/Contents/Eclipse/plugins/com.st.stm32cube.ide.mcu.externaltools.gnu-tools-for-stm32.10.3-2021.10.macos64_1.0.0.202111181127/tools/bin/../lib/gcc/arm-none-eabi/10.3.1/../../../../arm-none-eabi/lib/thumb/v7-m/nofp/libm.a(lib_a-wf_sqrt.o) (__ieee754_sqrtf)
/Applications/STM32CubeIDE 2.app/Contents/Eclipse/plugins/com.st.stm32cube.ide.mcu.externaltools.gnu-tools-for-stm32.10.3-2021.10.macos64_1.0.0.202111181127/tools/bin/../lib/gcc/arm-none-eabi/10.3.1/../../../../arm-none-eabi/lib/thumb/v7-m/nofp/libm.a(lib_a-k_cos.o)
[...]
Memory Configuration

Name             Origin             Length             Attributes
RAM              0x0000000020000000 0x0000000000010000 xrw
FLASH            0x0000000008000000 0x0000000000080000 xr
*default*        0x0000000000000000 0xffffffffffffffff

Linker script and memory map

LOAD /Applications/STM32CubeIDE 2.app/Contents/Eclipse/plugins/com.st.stm32cube.ide.mcu.externaltools.gnu-tools-for-stm32.10.3-2021.10.macos64_1.0.0.202111181127/tools/bin/../lib/gcc/arm-none-eabi/10.3.1/thumb/v7-m/nofp/crti.o
LOAD /Applications/STM32CubeIDE 2.app/Contents/Eclipse/plugins/com.st.stm32cube.ide.mcu.externaltools.gnu-tools-for-stm32.10.3-2021.10.macos64_1.0.0.202111181127/tools/bin/../lib/gcc/arm-none-eabi/10.3.1/thumb/v7-m/nofp/crtbegin.o
LOAD /Applications/STM32CubeIDE 2.app/Contents/Eclipse/plugins/com.st.stm32cube.ide.mcu.externaltools.gnu-tools-for-stm32.10.3-2021.10.macos64_1.0.0.202111181127/tools/bin/../lib/gcc/arm-none-eabi/10.3.1/../../../../arm-none-eabi/lib/thumb/v7-m/nofp/crt0.o
LOAD ./Core/Src/EasyUI.o
LOAD ./Core/Src/LightController.o
LOAD ./Core/Src/SERVO42C.o
LOAD ./Core/Src/SERVO42C_IT.o
LOAD ./Core/Src/WS2812.o
LOAD ./Core/Src/adc.o
LOAD ./Core/Src/bsp_usart.o
LOAD ./Core/Src/buzzer.o
LOAD ./Core/Src/dht11.o
LOAD ./Core/Src/dma.o
LOAD ./Core/Src/esp8266.o
LOAD ./Core/Src/fsmc.o
LOAD ./Core/Src/gpio.o
LOAD ./Core/Src/interface.o
LOAD ./Core/Src/lcdtp.o
LOAD ./Core/Src/main.o
LOAD ./Core/Src/pet.o
LOAD ./Core/Src/printf.o
LOAD ./Core/Src/ring_buffer.o
LOAD ./Core/Src/rtc.o
LOAD ./Core/Src/stm32f1xx_hal_msp.o
LOAD ./Core/Src/stm32f1xx_it.o
LOAD ./Core/Src/syscalls.o
LOAD ./Core/Src/sysmem.o
LOAD ./Core/Src/system_stm32f1xx.o
LOAD ./Core/Src/tim.o
LOAD ./Core/Src/timer.o
LOAD ./Core/Src/usart.o
LOAD ./Core/Src/utils.o
LOAD ./Core/Src/xpt2046.o
LOAD ./Core/Startup/startup_stm32f103vetx.o
LOAD ./Core/batch/cold1.o
LOAD ./Core/batch/cold2.o
LOAD ./Core/batch/happy1.o
LOAD ./Core/batch/hot1.o
LOAD ./Core/batch/hot2.o
LOAD ./Core/batch/normal.o
LOAD ./Core/batch/sleep1.o
LOAD ./Core/batch/sleep2.o
LOAD ./Core/batch/sleep3.o
LOAD ./Core/batch/sleep_water.o
LOAD ./Core/batch/water1.o
LOAD ./Core/batch/water1_night.o
LOAD ./Core/batch/water2.o
LOAD ./Core/batch/water2_night.o
LOAD ./Core/batch/water3.o
LOAD ./Core/batch/water3_night.o
LOAD ./Drivers/STM32F1xx_HAL_Driver/Src/stm32f1xx_hal.o
LOAD ./Drivers/STM32F1xx_HAL_Driver/Src/stm32f1xx_hal_adc.o
LOAD ./Drivers/STM32F1xx_HAL_Driver/Src/stm32f1xx_hal_adc_ex.o
LOAD ./Drivers/STM32F1xx_HAL_Driver/Src/stm32f1xx_hal_cortex.o
LOAD ./Drivers/STM32F1xx_HAL_Driver/Src/stm32f1xx_hal_dma.o
LOAD ./Drivers/STM32F1xx_HAL_Driver/Src/stm32f1xx_hal_flash.o
LOAD ./Drivers/STM32F1xx_HAL_Driver/Src/stm32f1xx_hal_flash_ex.o
LOAD ./Drivers/STM32F1xx_HAL_Driver/Src/stm32f1xx_hal_gpio.o
LOAD ./Drivers/STM32F1xx_HAL_Driver/Src/stm32f1xx_hal_gpio_ex.o
LOAD ./Drivers/STM32F1xx_HAL_Driver/Src/stm32f1xx_hal_pwr.o
LOAD ./Drivers/STM32F1xx_HAL_Driver/Src/stm32f1xx_hal_rcc.o
LOAD ./Drivers/STM32F1xx_HAL_Driver/Src/stm32f1xx_hal_rcc_ex.o
LOAD ./Drivers/STM32F1xx_HAL_Driver/Src/stm32f1xx_hal_rtc.o
LOAD ./Drivers/STM32F1xx_HAL_Driver/Src/stm32f1xx_hal_rtc_ex.o
LOAD ./Drivers/STM32F1xx_HAL_Driver/Src/stm32f1xx_hal_sram.o
LOAD ./Drivers/STM32F1xx_HAL_Driver/Src/stm32f1xx_hal_tim.o
LOAD ./Drivers/STM32F1xx_HAL_Driver/Src/stm32f1xx_hal_tim_ex.o
LOAD ./Drivers/STM32F1xx_HAL_Driver/Src/stm32f1xx_hal_uart.o
LOAD ./Drivers/STM32F1xx_HAL_Driver/Src/stm32f1xx_ll_fsmc.o
START GROUP
LOAD /Applications/STM32CubeIDE 2.app/Contents/Eclipse/plugins/com.st.stm32cube.ide.mcu.externaltools.gnu-tools-for-stm32.10.3-2021.10.macos64_1.0.0.202111181127/tools/bin/../lib/gcc/arm-none-eabi/10.3.1/../../../../arm-none-eabi/lib/thumb/v7-m/nofp/libstdc++_nano.a
LOAD /Applications/STM32CubeIDE 2.app/Contents/Eclipse/plugins/com.st.stm32cube.ide.mcu.externaltools.gnu-tools-for-stm32.10.3-2021.10.macos64_1.0.0.202111181127/tools/bin/../lib/gcc/arm-none-eabi/10.3.1/../../../../arm-none-eabi/lib/thumb/v7-m/nofp/libsupc++_nano.a
END GROUP
LOAD /Applications/STM32CubeIDE 2.app/Contents/Eclipse/plugins/com.st.stm32cube.ide.mcu.externaltools.gnu-tools-for-stm32.10.3-2021.10.macos64_1.0.0.202111181127/tools/bin/../lib/gcc/arm-none-eabi/10.3.1/../../../../arm-none-eabi/lib/thumb/v7-m/nofp/libstdc++_nano.a
LOAD /Applications/STM32CubeIDE 2.app/Contents/Eclipse/plugins/com.st.stm32cube.ide.mcu.externaltools.gnu-tools-for-stm32.10.3-2021.10.macos64_1.0.0.202111181127/tools/bin/../lib/gcc/arm-none-eabi/10.3.1/../../../../arm-none-eabi/lib/thumb/v7-m/nofp/libm.a
LOAD /Applications/STM32CubeIDE 2.app/Contents/Eclipse/plugins/com.st.stm32cube.ide.mcu.externaltools.gnu-tools-for-stm32.10.3-2021.10.macos64_1.0.0.202111181127/tools/bin/../lib/gcc/arm-none-eabi/10.3.1/../../../../arm-none-eabi/lib/thumb/v7-m/nofp/libc_nano.a
START GROUP
LOAD /Applications/STM32CubeIDE 2.app/Contents/Eclipse/plugins/com.st.stm32cube.ide.mcu.externaltools.gnu-tools-for-stm32.10.3-2021.10.macos64_1.0.0.202111181127/tools/bin/../lib/gcc/arm-none-eabi/10.3.1/thumb/v7-m/nofp/libgcc.a
LOAD /Applications/STM32CubeIDE 2.app/Contents/Eclipse/plugins/com.st.stm32cube.ide.mcu.externaltools.gnu-tools-for-stm32.10.3-2021.10.macos64_1.0.0.202111181127/tools/bin/../lib/gcc/arm-none-eabi/10.3.1/../../../../arm-none-eabi/lib/thumb/v7-m/nofp/libc_nano.a
END GROUP
START GROUP
LOAD /Applications/STM32CubeIDE 2.app/Contents/Eclipse/plugins/com.st.stm32cube.ide.mcu.externaltools.gnu-tools-for-stm32.10.3-2021.10.macos64_1.0.0.202111181127/tools/bin/../lib/gcc/arm-none-eabi/10.3.1/thumb/v7-m/nofp/libgcc.a
LOAD /Applications/STM32CubeIDE 2.app/Contents/Eclipse/plugins/com.st.stm32cube.ide.mcu.externaltools.gnu-tools-for-stm32.10.3-2021.10.macos64_1.0.0.202111181127/tools/bin/../lib/gcc/arm-none-eabi/10.3.1/../../../../arm-none-eabi/lib/thumb/v7-m/nofp/libc_nano.a
END GROUP
LOAD /Applications/STM32CubeIDE 2.app/Contents/Eclipse/plugins/com.st.stm32cube.ide.mcu.externaltools.gnu-tools-for-stm32.10.3-2021.10.macos64_1.0.0.202111181127/tools/bin/../lib/gcc/arm-none-eabi/10.3.1/thumb/v7-m/nofp/crtend.o
LOAD /Applications/STM32CubeIDE 2.app/Contents/Eclipse/plugins/com.st.stm32cube.ide.mcu.externaltools.gnu-tools-for-stm32.10.3-2021.10.macos64_1.0.0.202111181127/tools/bin/../lib/gcc/arm-none-eabi/10.3.1/thumb/v7-m/nofp/crtn.o
                0x0000000020010000                _estack = (ORIGIN (RAM) + LENGTH (RAM))
                0x0000000000000200                _Min_Heap_Size = 0x200
                0x0000000000000400                _Min_Stack_Size = 0x400

.isr_vector     0x0000000008000000      0x1e4
                0x0000000008000000                . = ALIGN (0x4)
 *(.isr_vector)
 .isr_vector    0x0000000008000000      0x1e4 ./Core/Startup/startup_stm32f103vetx.o
                0x0000000008000000                g_pfnVectors
                0x00000000080001e4                . = ALIGN (0x4)

.text           0x00000000080001e8     0xd320
                0x00000000080001e8                . = ALIGN (0x4)
 *(.text)
 .text          0x00000000080001e8       0x40 /Applications/STM32CubeIDE 2.app/Contents/Eclipse/plugins/com.st.stm32cube.ide.mcu.externaltools.gnu-tools-for-stm32.10.3-2021.10.macos64_1.0.0.202111181127/tools/bin/../lib/gcc/arm-none-eabi/10.3.1/thumb/v7-m/nofp/crtbegin.o
 .text          0x0000000008000228       0x10 /Applications/STM32CubeIDE 2.app/Contents/Eclipse/plugins/com.st.stm32cube.ide.mcu.externaltools.gnu-tools-for-stm32.10.3-2021.10.macos64_1.0.0.202111181127/tools/bin/../lib/gcc/arm-none-eabi/10.3.1/../../../../arm-none-eabi/lib/thumb/v7-m/nofp/libc_nano.a(lib_a-strlen.o)
                0x0000000008000228                strlen
 .text          0x0000000008000238      0x378 /Applications/STM32CubeIDE 2.app/Contents/Eclipse/plugins/com.st.stm32cube.ide.mcu.externaltools.gnu-tools-for-stm32.10.3-2021.10.macos64_1.0.0.202111181127/tools/bin/../lib/gcc/arm-none-eabi/10.3.1/thumb/v7-m/nofp/libgcc.a(_arm_addsubdf3.o)
                0x0000000008000238                __aeabi_drsub
                0x0000000008000240                __subdf3
                0x0000000008000240                __aeabi_dsub
                0x0000000008000244                __aeabi_dadd
                0x0000000008000244                __adddf3
                0x00000000080004bc                __aeabi_ui2d
                0x00000000080004bc                __floatunsidf
                0x00000000080004dc                __floatsidf
                0x00000000080004dc                __aeabi_i2d
                0x0000000008000500                __extendsfdf2
                0x0000000008000500                __aeabi_f2d
                0x0000000008000544                __aeabi_ul2d
                0x0000000008000544                __floatundidf
                0x0000000008000554                __aeabi_l2d
                0x0000000008000554                __floatdidf
 .text          0x00000000080005b0      0x424 /Applications/STM32CubeIDE 2.app/Contents/Eclipse/plugins/com.st.stm32cube.ide.mcu.externaltools.gnu-tools-for-stm32.10.3-2021.10.macos64_1.0.0.202111181127/tools/bin/../lib/gcc/arm-none-eabi/10.3.1/thumb/v7-m/nofp/libgcc.a(_arm_muldivdf3.o)
                0x00000000080005b0                __aeabi_dmul
                0x00000000080005b0                __muldf3
                0x0000000008000804                __aeabi_ddiv
                0x0000000008000804                __divdf3
 .text          0x00000000080009d4      0x110 /Applications/STM32CubeIDE 2.app/Contents/Eclipse/plugins/com.st.stm32cube.ide.mcu.externaltools.gnu-tools-for-stm32.10.3-2021.10.macos64_1.0.0.202111181127/tools/bin/../lib/gcc/arm-none-eabi/10.3.1/thumb/v7-m/nofp/libgcc.a(_arm_cmpdf2.o)
                0x00000000080009d4                __gedf2
                0x00000000080009d4                __gtdf2
                0x00000000080009dc                __ledf2
                0x00000000080009dc                __ltdf2
                0x00000000080009e4                __cmpdf2
                0x00000000080009e4                __eqdf2
                0x00000000080009e4                __nedf2
                0x0000000008000a60                __aeabi_cdrcmple
                0x0000000008000a70                __aeabi_cdcmple
                0x0000000008000a70                __aeabi_cdcmpeq
                0x0000000008000a80                __aeabi_dcmpeq
                0x0000000008000a94                __aeabi_dcmplt
                0x0000000008000aa8                __aeabi_dcmple
                0x0000000008000abc                __aeabi_dcmpge
                0x0000000008000ad0                __aeabi_dcmpgt
 .text          0x0000000008000ae4       0x50 /Applications/STM32CubeIDE 2.app/Contents/Eclipse/plugins/com.st.stm32cube.ide.mcu.externaltools.gnu-tools-for-stm32.10.3-2021.10.macos64_1.0.0.202111181127/tools/bin/../lib/gcc/arm-none-eabi/10.3.1/thumb/v7-m/nofp/libgcc.a(_arm_fixdfsi.o)
                0x0000000008000ae4                __fixdfsi
                0x0000000008000ae4                __aeabi_d2iz
 .text          0x0000000008000b34       0x40 /Applications/STM32CubeIDE 2.app/Contents/Eclipse/plugins/com.st.stm32cube.ide.mcu.externaltools.gnu-tools-for-stm32.10.3-2021.10.macos64_1.0.0.202111181127/tools/bin/../lib/gcc/arm-none-eabi/10.3.1/thumb/v7-m/nofp/libgcc.a(_arm_fixunsdfsi.o)
                0x0000000008000b34                __fixunsdfsi
                0x0000000008000b34                __aeabi_d2uiz
 .text          0x0000000008000b74       0xa0 /Applications/STM32CubeIDE 2.app/Contents/Eclipse/plugins/com.st.stm32cube.ide.mcu.externaltools.gnu-tools-for-stm32.10.3-2021.10.macos64_1.0.0.202111181127/tools/bin/../lib/gcc/arm-none-eabi/10.3.1/thumb/v7-m/nofp/libgcc.a(_arm_truncdfsf2.o)
                0x0000000008000b74                __aeabi_d2f
                0x0000000008000b74                __truncdfsf2
 .text          0x0000000008000c14      0x21c /Applications/STM32CubeIDE 2.app/Contents/Eclipse/plugins/com.st.stm32cube.ide.mcu.externaltools.gnu-tools-for-stm32.10.3-2021.10.macos64_1.0.0.202111181127/tools/bin/../lib/gcc/arm-none-eabi/10.3.1/thumb/v7-m/nofp/libgcc.a(_arm_addsubsf3.o)
                0x0000000008000c14                __aeabi_frsub
                0x0000000008000c1c                __aeabi_fsub
                0x0000000008000c1c                __subsf3
                0x0000000008000c20                __aeabi_fadd
                0x0000000008000c20                __addsf3
                0x0000000008000d80                __aeabi_ui2f
                0x0000000008000d80                __floatunsisf
                0x0000000008000d88                __floatsisf
                0x0000000008000d88                __aeabi_i2f
                0x0000000008000da4                __aeabi_ul2f
                0x0000000008000da4                __floatundisf
                0x0000000008000db4                __aeabi_l2f
                0x0000000008000db4                __floatdisf
 .text          0x0000000008000e30      0x2a0 /Applications/STM32CubeIDE 2.app/Contents/Eclipse/plugins/com.st.stm32cube.ide.mcu.externaltools.gnu-tools-for-stm32.10.3-2021.10.macos64_1.0.0.202111181127/tools/bin/../lib/gcc/arm-none-eabi/10.3.1/thumb/v7-m/nofp/libgcc.a(_arm_muldivsf3.o)
                0x0000000008000e30                __mulsf3
                0x0000000008000e30                __aeabi_fmul
                0x0000000008000f98                __divsf3
                0x0000000008000f98                __aeabi_fdiv
 .text          0x00000000080010d0       0xec /Applications/STM32CubeIDE 2.app/Contents/Eclipse/plugins/com.st.stm32cube.ide.mcu.externaltools.gnu-tools-for-stm32.10.3-2021.10.macos64_1.0.0.202111181127/tools/bin/../lib/gcc/arm-none-eabi/10.3.1/thumb/v7-m/nofp/libgcc.a(_arm_cmpsf2.o)
                0x00000000080010d0                __gesf2
                0x00000000080010d0                __gtsf2
                0x00000000080010d8                __ltsf2
                0x00000000080010d8                __lesf2
                0x00000000080010e0                __nesf2
                0x00000000080010e0                __eqsf2
                0x00000000080010e0                __cmpsf2
                0x0000000008001140                __aeabi_cfrcmple
                0x0000000008001148                __aeabi_cfcmpeq
                0x0000000008001148                __aeabi_cfcmple
                0x0000000008001158                __aeabi_fcmpeq
                0x000000000800116c                __aeabi_fcmplt
                0x0000000008001180                __aeabi_fcmple
                0x0000000008001194                __aeabi_fcmpge
                0x00000000080011a8                __aeabi_fcmpgt
 .text          0x00000000080011bc       0x2c /Applications/STM32CubeIDE 2.app/Contents/Eclipse/plugins/com.st.stm32cube.ide.mcu.externaltools.gnu-tools-for-stm32.10.3-2021.10.macos64_1.0.0.202111181127/tools/bin/../lib/gcc/arm-none-eabi/10.3.1/thumb/v7-m/nofp/libgcc.a(_arm_unordsf2.o)
                0x00000000080011bc                __aeabi_fcmpun
                0x00000000080011bc                __unordsf2
 .text          0x00000000080011e8       0x4c /Applications/STM32CubeIDE 2.app/Contents/Eclipse/plugins/com.st.stm32cube.ide.mcu.externaltools.gnu-tools-for-stm32.10.3-2021.10.macos64_1.0.0.202111181127/tools/bin/../lib/gcc/arm-none-eabi/10.3.1/thumb/v7-m/nofp/libgcc.a(_arm_fixsfsi.o)
                0x00000000080011e8                __fixsfsi
                0x00000000080011e8                __aeabi_f2iz
 .text          0x0000000008001234       0x40 /Applications/STM32CubeIDE 2.app/Contents/Eclipse/plugins/com.st.stm32cube.ide.mcu.externaltools.gnu-tools-for-stm32.10.3-2021.10.macos64_1.0.0.202111181127/tools/bin/../lib/gcc/arm-none-eabi/10.3.1/thumb/v7-m/nofp/libgcc.a(_arm_fixunssfsi.o)
                0x0000000008001234                __aeabi_f2uiz
                0x0000000008001234                __fixunssfsi
 .text          0x0000000008001274       0x30 /Applications/STM32CubeIDE 2.app/Contents/Eclipse/plugins/com.st.stm32cube.ide.mcu.externaltools.gnu-tools-for-stm32.10.3-2021.10.macos64_1.0.0.202111181127/tools/bin/../lib/gcc/arm-none-eabi/10.3.1/thumb/v7-m/nofp/libgcc.a(_aeabi_uldivmod.o)
                0x0000000008001274                __aeabi_uldivmod
 .text          0x00000000080012a4      0x2d4 /Applications/STM32CubeIDE 2.app/Contents/Eclipse/plugins/com.st.stm32cube.ide.mcu.externaltools.gnu-tools-for-stm32.10.3-2021.10.macos64_1.0.0.202111181127/tools/bin/../lib/gcc/arm-none-eabi/10.3.1/thumb/v7-m/nofp/libgcc.a(_udivmoddi4.o)
                0x00000000080012a4                __udivmoddi4
 .text          0x0000000008001578        0x4 /Applications/STM32CubeIDE 2.app/Contents/Eclipse/plugins/com.st.stm32cube.ide.mcu.externaltools.gnu-tools-for-stm32.10.3-2021.10.macos64_1.0.0.202111181127/tools/bin/../lib/gcc/arm-none-eabi/10.3.1/thumb/v7-m/nofp/libgcc.a(_dvmd_tls.o)
                0x0000000008001578                __aeabi_ldiv0
                0x0000000008001578                __aeabi_idiv0
 *(.text*)
 .text._ZN9UIElement17updateAllElementsEv
                0x000000000800157c       0x64 ./Core/Src/EasyUI.o
                0x000000000800157c                UIElement::updateAllElements()
 .text._ZN6Screen9updateAllEv
                0x00000000080015e0       0x70 ./Core/Src/EasyUI.o
                0x00000000080015e0                Screen::updateAll()
 .text._ZN6Screen9renderAllEv
                0x0000000008001650       0x42 ./Core/Src/EasyUI.o
                0x0000000008001650                Screen::renderAll()
 .text._ZN3RGBC2Ehhh
                0x0000000008001692       0x38 ./Core/Src/LightController.o
                0x0000000008001692                RGB::RGB(unsigned char, unsigned char, unsigned char)
                0x0000000008001692                RGB::RGB(unsigned char, unsigned char, unsigned char)
 .text._ZN3RGBC2Ehhhf
                0x00000000080016ca       0x8a ./Core/Src/LightController.o
                0x00000000080016ca                RGB::RGB(unsigned char, unsigned char, unsigned char, float)
                0x00000000080016ca                RGB::RGB(unsigned char, unsigned char, unsigned char, float)
 .text._ZZ18playStartAnimationvENKUliiE_clEii
                0x0000000008001754       0x24 ./Core/Src/LightController.o
 .text._ZZ18playStartAnimationvENKUliiE0_clEii
                0x0000000008001778       0x24 ./Core/Src/LightController.o
 .text._Z18playStartAnimationv
                0x000000000800179c       0xd8 ./Core/Src/LightController.o
                0x000000000800179c                playStartAnimation()
 *fill*         0x0000000008001874        0x4 
 .text._Z21updateBreathAnimationi3RGB
                0x0000000008001878      0x234 ./Core/Src/LightController.o
                0x0000000008001878                updateBreathAnimation(int, RGB)
 .text._ZZ17updateLightStreamiibRiENKUliiE_clEii
                0x0000000008001aac       0x24 ./Core/Src/LightController.o
 .text._ZZ17updateLightStreamiibRiENKUliiE0_clEii
                0x0000000008001ad0       0x24 ./Core/Src/LightController.o
 .text._Z17updateLightStreamiibRi
                0x0000000008001af4      0x1d0 ./Core/Src/LightController.o
                0x0000000008001af4                updateLightStream(int, int, bool, int&)
 .text._Z24updateResettingAnimationv
                0x0000000008001cc4      0x118 ./Core/Src/LightController.o
                0x0000000008001cc4                updateResettingAnimation()
 .text._Z17updateLightEffectv
                0x0000000008001ddc      0x11c ./Core/Src/LightController.o
                0x0000000008001ddc                updateLightEffect()
 .text._Z41__static_initialization_and_destruction_0ii
                0x0000000008001ef8       0x70 ./Core/Src/LightController.o
 .text._GLOBAL__sub_I__Z18playStartAnimationv
                0x0000000008001f68       0x10 ./Core/Src/LightController.o
 .text._ZN6StringC2EPKc
                0x0000000008001f78       0x2c ./Core/Src/SERVO42C.o
                0x0000000008001f78                String::String(char const*)
                0x0000000008001f78                String::String(char const*)
 .text._ZN10PulseMotorC2EP17TIM_HandleTypeDefmP12GPIO_TypeDeft
                0x0000000008001fa4       0x50 ./Core/Src/SERVO42C.o
                0x0000000008001fa4                PulseMotor::PulseMotor(TIM_HandleTypeDef*, unsigned long, GPIO_TypeDef*, unsigned short)
                0x0000000008001fa4                PulseMotor::PulseMotor(TIM_HandleTypeDef*, unsigned long, GPIO_TypeDef*, unsigned short)
 .text._ZN10PulseMotor12getFrequencyEv
                0x0000000008001ff4       0x2c ./Core/Src/SERVO42C.o
                0x0000000008001ff4                PulseMotor::getFrequency()
 .text._ZN10PulseMotor12setFrequencyEt
                0x0000000008002020       0x4a ./Core/Src/SERVO42C.o
                0x0000000008002020                PulseMotor::setFrequency(unsigned short)
 .text._ZN10PulseMotor12setDirectionEh
                0x000000000800206a       0x2e ./Core/Src/SERVO42C.o
                0x000000000800206a                PulseMotor::setDirection(unsigned char)
 .text._ZN10PulseMotor5pulseEt
                0x0000000008002098       0x28 ./Core/Src/SERVO42C.o
                0x0000000008002098                PulseMotor::pulse(unsigned short)
 .text._ZN10PulseMotor4stepEhm
                0x00000000080020c0       0x78 ./Core/Src/SERVO42C.o
                0x00000000080020c0                PulseMotor::step(unsigned char, unsigned long)
 .text._ZN14SERVO42C_Pulse30getStepCountFromTargetPositionEfRh
                0x0000000008002138       0xb0 ./Core/Src/SERVO42C.o
                0x0000000008002138                SERVO42C_Pulse::getStepCountFromTargetPosition(float, unsigned char&)
 .text._ZN14SERVO42C_Pulse16frequencyToSpeedEt
                0x00000000080021e8       0x20 ./Core/Src/SERVO42C.o
                0x00000000080021e8                SERVO42C_Pulse::frequencyToSpeed(unsigned short)
 .text._ZN14SERVO42C_Pulse16speedToFrequencyEf
                0x0000000008002208       0x5c ./Core/Src/SERVO42C.o
                0x0000000008002208                SERVO42C_Pulse::speedToFrequency(float)
 .text._ZN14SERVO42C_Pulse19stepcountToDistanceEm
                0x0000000008002264       0x60 ./Core/Src/SERVO42C.o
                0x0000000008002264                SERVO42C_Pulse::stepcountToDistance(unsigned long)
 .text._ZN14SERVO42C_PulseC2EP17TIM_HandleTypeDefmP12GPIO_TypeDeft
                0x00000000080022c4       0x50 ./Core/Src/SERVO42C.o
                0x00000000080022c4                SERVO42C_Pulse::SERVO42C_Pulse(TIM_HandleTypeDef*, unsigned long, GPIO_TypeDef*, unsigned short)
                0x00000000080022c4                SERVO42C_Pulse::SERVO42C_Pulse(TIM_HandleTypeDef*, unsigned long, GPIO_TypeDef*, unsigned short)
 .text._ZN14SERVO42C_Pulse11getPositionEv
                0x0000000008002314       0x64 ./Core/Src/SERVO42C.o
                0x0000000008002314                SERVO42C_Pulse::getPosition()
 .text._ZN14SERVO42C_Pulse8getSpeedEv
                0x0000000008002378       0x24 ./Core/Src/SERVO42C.o
                0x0000000008002378                SERVO42C_Pulse::getSpeed()
 *fill*         0x000000000800239c        0x4 
 .text._ZN14SERVO42C_Pulse8setSpeedEf
                0x00000000080023a0       0x50 ./Core/Src/SERVO42C.o
                0x00000000080023a0                SERVO42C_Pulse::setSpeed(float)
 .text._ZN13SERVO42C_UARTC2EhP18UART_HandleTypeDefRK14SERVO42C_Pulse
                0x00000000080023f0       0x7a ./Core/Src/SERVO42C.o
                0x00000000080023f0                SERVO42C_UART::SERVO42C_UART(unsigned char, UART_HandleTypeDef*, SERVO42C_Pulse const&)
                0x00000000080023f0                SERVO42C_UART::SERVO42C_UART(unsigned char, UART_HandleTypeDef*, SERVO42C_Pulse const&)
 .text._ZSt3absf
                0x000000000800246a       0x18 ./Core/Src/SERVO42C.o
                0x000000000800246a                std::abs(float)
 .text._ZSt4sqrtf
                0x0000000008002482       0x18 ./Core/Src/SERVO42C.o
                0x0000000008002482                std::sqrt(float)
 *fill*         0x000000000800249a        0x6 
 .text._Z6step3dmhmhmhf
                0x00000000080024a0      0x224 ./Core/Src/SERVO42C.o
                0x00000000080024a0                step3d(unsigned long, unsigned char, unsigned long, unsigned char, unsigned long, unsigned char, float)
 .text._Z13setPosition3dffff
                0x00000000080026c4       0x78 ./Core/Src/SERVO42C.o
                0x00000000080026c4                setPosition3d(float, float, float, float)
 .text._Z41__static_initialization_and_destruction_0ii
                0x000000000800273c       0xa8 ./Core/Src/SERVO42C.o
 .text._GLOBAL__sub_I_PulseDMABuff
                0x00000000080027e4       0x10 ./Core/Src/SERVO42C.o
 .text._ZNK3RGB13toBitSequenceEPm
                0x00000000080027f4       0xa2 ./Core/Src/WS2812.o
                0x00000000080027f4                RGB::toBitSequence(unsigned long*) const
 *fill*         0x0000000008002896        0x2 
 .text._Z4initv
                0x0000000008002898       0x20 ./Core/Src/WS2812.o
                0x0000000008002898                init()
 .text._Z8setColorihhh
                0x00000000080028b8       0x6c ./Core/Src/WS2812.o
                0x00000000080028b8                setColor(int, unsigned char, unsigned char, unsigned char)
 .text._Z8setColori3RGB
                0x0000000008002924       0x4c ./Core/Src/WS2812.o
                0x0000000008002924                setColor(int, RGB)
 .text._Z5blanki
                0x0000000008002970       0x50 ./Core/Src/WS2812.o
                0x0000000008002970                blank(int)
 .text._Z8blankAllv
                0x00000000080029c0       0x44 ./Core/Src/WS2812.o
                0x00000000080029c0                blankAll()
 .text.MX_ADC1_Init
                0x0000000008002a04       0x7c ./Core/Src/adc.o
                0x0000000008002a04                MX_ADC1_Init
 .text.HAL_ADC_MspInit
                0x0000000008002a80       0x78 ./Core/Src/adc.o
                0x0000000008002a80                HAL_ADC_MspInit
 .text.DEBUG_USART_Config
                0x0000000008002af8       0x54 ./Core/Src/bsp_usart.o
                0x0000000008002af8                DEBUG_USART_Config
 .text.MX_DMA_Init
                0x0000000008002b4c       0x84 ./Core/Src/dma.o
                0x0000000008002b4c                MX_DMA_Init
 .text.MX_FSMC_Init
                0x0000000008002bd0       0xc8 ./Core/Src/fsmc.o
                0x0000000008002bd0                MX_FSMC_Init
 .text.HAL_FSMC_MspInit
                0x0000000008002c98       0x88 ./Core/Src/fsmc.o
 .text.HAL_SRAM_MspInit
                0x0000000008002d20       0x14 ./Core/Src/fsmc.o
                0x0000000008002d20                HAL_SRAM_MspInit
 .text.MX_GPIO_Init
                0x0000000008002d34      0x234 ./Core/Src/gpio.o
                0x0000000008002d34                MX_GPIO_Init
 .text._ZN10PulseMotor9spinStartEv
                0x0000000008002f68       0x38 ./Core/Src/interface.o
                0x0000000008002f68                PulseMotor::spinStart()
 .text._ZN10PulseMotor8spinStopEv
                0x0000000008002fa0       0x20 ./Core/Src/interface.o
                0x0000000008002fa0                PulseMotor::spinStop()
 .text._ZN10PulseMotor13emergencyStopEv
                0x0000000008002fc0       0x58 ./Core/Src/interface.o
                0x0000000008002fc0                PulseMotor::emergencyStop()
 .text._ZN14SERVO42C_Pulse12resetStepSumEv
                0x0000000008003018       0x18 ./Core/Src/interface.o
                0x0000000008003018                SERVO42C_Pulse::resetStepSum()
 .text._ZN6ScreenC2EPFvvE
                0x0000000008003030       0x4c ./Core/Src/interface.o
                0x0000000008003030                Screen::Screen(void (*)())
                0x0000000008003030                Screen::Screen(void (*)())
 .text._ZN6Screen9setActiveEv
                0x000000000800307c       0x1c ./Core/Src/interface.o
                0x000000000800307c                Screen::setActive()
 .text._ZN9UIElement14isInvalidInputEtt
                0x0000000008003098       0x2e ./Core/Src/interface.o
                0x0000000008003098                UIElement::isInvalidInput(unsigned short, unsigned short)
 *fill*         0x00000000080030c6        0x2 
 .text._ZN9UIElementC2EP6Screentttt
                0x00000000080030c8       0x7c ./Core/Src/interface.o
                0x00000000080030c8                UIElement::UIElement(Screen*, unsigned short, unsigned short, unsigned short, unsigned short)
                0x00000000080030c8                UIElement::UIElement(Screen*, unsigned short, unsigned short, unsigned short, unsigned short)
 .text._ZN9UIElement10checkTouchEtt
                0x0000000008003144       0x58 ./Core/Src/interface.o
                0x0000000008003144                UIElement::checkTouch(unsigned short, unsigned short)
 .text._ZN6ButtonC2EP6ScreenttPctttt
                0x000000000800319c       0x80 ./Core/Src/interface.o
                0x000000000800319c                Button::Button(Screen*, unsigned short, unsigned short, char*, unsigned short, unsigned short, unsigned short, unsigned short)
                0x000000000800319c                Button::Button(Screen*, unsigned short, unsigned short, char*, unsigned short, unsigned short, unsigned short, unsigned short)
 .text._ZN6Button7setTextEPKc
                0x000000000800321c       0x1e ./Core/Src/interface.o
                0x000000000800321c                Button::setText(char const*)
 *fill*         0x000000000800323a        0x2 
 .text._ZN6Button6renderEv
                0x000000000800323c       0x90 ./Core/Src/interface.o
                0x000000000800323c                Button::render()
 .text._ZN6Button6updateEtt
                0x00000000080032cc       0xae ./Core/Src/interface.o
                0x00000000080032cc                Button::update(unsigned short, unsigned short)
 *fill*         0x000000000800337a        0x2 
 .text._ZN6SliderC2EP6Screentttttt
                0x000000000800337c       0x78 ./Core/Src/interface.o
                0x000000000800337c                Slider::Slider(Screen*, unsigned short, unsigned short, unsigned short, unsigned short, unsigned short, unsigned short)
                0x000000000800337c                Slider::Slider(Screen*, unsigned short, unsigned short, unsigned short, unsigned short, unsigned short, unsigned short)
 .text._ZN6Slider6renderEv
                0x00000000080033f4       0x6c ./Core/Src/interface.o
                0x00000000080033f4                Slider::render()
 .text._ZN6Slider5wrapYEt
                0x0000000008003460       0x6a ./Core/Src/interface.o
                0x0000000008003460                Slider::wrapY(unsigned short)
 .text._ZN6Slider6updateEtt
                0x00000000080034ca      0x182 ./Core/Src/interface.o
                0x00000000080034ca                Slider::update(unsigned short, unsigned short)
 .text._ZN6Slider8getValueEv
                0x000000000800364c       0x2a ./Core/Src/interface.o
                0x000000000800364c                Slider::getValue()
 *fill*         0x0000000008003676        0x2 
 .text._ZN8JoystickC2EP6ScreentttttPFvvE
                0x0000000008003678       0xb8 ./Core/Src/interface.o
                0x0000000008003678                Joystick::Joystick(Screen*, unsigned short, unsigned short, unsigned short, unsigned short, unsigned short, void (*)())
                0x0000000008003678                Joystick::Joystick(Screen*, unsigned short, unsigned short, unsigned short, unsigned short, unsigned short, void (*)())
 .text._ZN8Joystick6renderEv
                0x0000000008003730       0x4c ./Core/Src/interface.o
                0x0000000008003730                Joystick::render()
 .text._ZN8Joystick8clearDotEv
                0x000000000800377c       0x50 ./Core/Src/interface.o
                0x000000000800377c                Joystick::clearDot()
 .text._ZN8Joystick9renderDotEv
                0x00000000080037cc       0x4c ./Core/Src/interface.o
                0x00000000080037cc                Joystick::renderDot()
 .text._ZN8Joystick14renderDeadZoneEv
                0x0000000008003818      0x244 ./Core/Src/interface.o
                0x0000000008003818                Joystick::renderDeadZone()
 .text._ZN8Joystick16insideDeadZone_XEv
                0x0000000008003a5c       0x58 ./Core/Src/interface.o
                0x0000000008003a5c                Joystick::insideDeadZone_X()
 .text._ZN8Joystick16insideDeadZone_YEv
                0x0000000008003ab4       0x58 ./Core/Src/interface.o
                0x0000000008003ab4                Joystick::insideDeadZone_Y()
 .text._ZN8Joystick5wrapXEt
                0x0000000008003b0c       0x64 ./Core/Src/interface.o
                0x0000000008003b0c                Joystick::wrapX(unsigned short)
 .text._ZN8Joystick5wrapYEt
                0x0000000008003b70       0x64 ./Core/Src/interface.o
                0x0000000008003b70                Joystick::wrapY(unsigned short)
 .text._ZN8Joystick14getInitialDotXEv
                0x0000000008003bd4       0x26 ./Core/Src/interface.o
                0x0000000008003bd4                Joystick::getInitialDotX()
 .text._ZN8Joystick14getInitialDotYEv
                0x0000000008003bfa       0x26 ./Core/Src/interface.o
                0x0000000008003bfa                Joystick::getInitialDotY()
 .text._ZN8Joystick6updateEtt
                0x0000000008003c20      0x1b4 ./Core/Src/interface.o
                0x0000000008003c20                Joystick::update(unsigned short, unsigned short)
 .text._ZN8Joystick6get_dXEv
                0x0000000008003dd4       0x50 ./Core/Src/interface.o
                0x0000000008003dd4                Joystick::get_dX()
 .text._ZN8Joystick9get_dX_dtEv
                0x0000000008003e24       0x54 ./Core/Src/interface.o
                0x0000000008003e24                Joystick::get_dX_dt()
 .text._ZN8Joystick6get_dYEv
                0x0000000008003e78       0x50 ./Core/Src/interface.o
                0x0000000008003e78                Joystick::get_dY()
 .text._ZN8Joystick9get_dY_dtEv
                0x0000000008003ec8       0x54 ./Core/Src/interface.o
                0x0000000008003ec8                Joystick::get_dY_dt()
 .text._Z7fastsini
                0x0000000008003f1c       0xa0 ./Core/Src/interface.o
                0x0000000008003f1c                fastsin(int)
 .text._Z7fastcosi
                0x0000000008003fbc       0x1c ./Core/Src/interface.o
                0x0000000008003fbc                fastcos(int)
 .text._Z11rotatePointRK7Point3D4Axis
                0x0000000008003fd8      0x1ac ./Core/Src/interface.o
                0x0000000008003fd8                rotatePoint(Point3D const&, Axis)
 .text._Z8setPixeliitf
                0x0000000008004184      0x1a0 ./Core/Src/interface.o
                0x0000000008004184                setPixel(int, int, unsigned short, float)
 .text._Z14drawLineToVRAMttttt
                0x0000000008004324       0xcc ./Core/Src/interface.o
                0x0000000008004324                drawLineToVRAM(unsigned short, unsigned short, unsigned short, unsigned short, unsigned short)
 .text._Z17drawLineToVRAM_AAttttt
                0x00000000080043f0      0x280 ./Core/Src/interface.o
                0x00000000080043f0                drawLineToVRAM_AA(unsigned short, unsigned short, unsigned short, unsigned short, unsigned short)
 .text._Z9resetVRAMv
                0x0000000008004670       0x84 ./Core/Src/interface.o
                0x0000000008004670                resetVRAM()
 .text._Z10renderVRAMii
                0x00000000080046f4       0xa4 ./Core/Src/interface.o
                0x00000000080046f4                renderVRAM(int, int)
 .text._ZN14PreviewDisplayC2EP6Screenttt
                0x0000000008004798       0x98 ./Core/Src/interface.o
                0x0000000008004798                PreviewDisplay::PreviewDisplay(Screen*, unsigned short, unsigned short, unsigned short)
                0x0000000008004798                PreviewDisplay::PreviewDisplay(Screen*, unsigned short, unsigned short, unsigned short)
 .text._ZN14PreviewDisplay5map2dEfff
                0x0000000008004830      0x1f0 ./Core/Src/interface.o
                0x0000000008004830                PreviewDisplay::map2d(float, float, float)
 .text._ZN14PreviewDisplay5map3dEii
                0x0000000008004a20      0x320 ./Core/Src/interface.o
                0x0000000008004a20                PreviewDisplay::map3d(int, int)
 .text._ZN14PreviewDisplay6renderEv
                0x0000000008004d40       0x54 ./Core/Src/interface.o
                0x0000000008004d40                PreviewDisplay::render()
 .text._ZN14PreviewDisplay6updateEtt
                0x0000000008004d94       0x1a ./Core/Src/interface.o
                0x0000000008004d94                PreviewDisplay::update(unsigned short, unsigned short)
 *fill*         0x0000000008004dae        0x2 
 .text._Z16printTargetMotorv
                0x0000000008004db0       0x78 ./Core/Src/interface.o
                0x0000000008004db0                printTargetMotor()
 .text._Z13printPositionv
                0x0000000008004e28       0x88 ./Core/Src/interface.o
                0x0000000008004e28                printPosition()
 .text._Z14isMotorStuck_Xv
                0x0000000008004eb0       0x24 ./Core/Src/interface.o
                0x0000000008004eb0                isMotorStuck_X()
 .text._Z14isMotorStuck_Yv
                0x0000000008004ed4       0x24 ./Core/Src/interface.o
                0x0000000008004ed4                isMotorStuck_Y()
 .text._Z14isMotorStuck_Zv
                0x0000000008004ef8       0x24 ./Core/Src/interface.o
                0x0000000008004ef8                isMotorStuck_Z()
 .text.setActiveScreen0
                0x0000000008004f1c       0x14 ./Core/Src/interface.o
                0x0000000008004f1c                setActiveScreen0
 .text.setActiveScreen1
                0x0000000008004f30       0x14 ./Core/Src/interface.o
                0x0000000008004f30                setActiveScreen1
 .text._Z14setGcodeSource12GCODE_SOURCE
                0x0000000008004f44       0xe0 ./Core/Src/interface.o
                0x0000000008004f44                setGcodeSource(GCODE_SOURCE)
 .text._ZZ7setupUIvENKUlvE_clEv
                0x0000000008005024       0x38 ./Core/Src/interface.o
 .text._ZZ7setupUIvENUlvE_4_FUNEv
                0x000000000800505c        0xc ./Core/Src/interface.o
 .text._ZZ7setupUIvENKUlvE_cvPFvvEEv
                0x0000000008005068       0x18 ./Core/Src/interface.o
 .text._ZZ7setupUIvENKUlvE0_clEv
                0x0000000008005080       0x20 ./Core/Src/interface.o
 .text._ZZ7setupUIvENUlvE0_4_FUNEv
                0x00000000080050a0        0xc ./Core/Src/interface.o
 .text._ZZ7setupUIvENKUlvE0_cvPFvvEEv
                0x00000000080050ac       0x18 ./Core/Src/interface.o
 .text._ZZ7setupUIvENKUlvE1_clEv
                0x00000000080050c4       0x2c ./Core/Src/interface.o
 .text._ZZ7setupUIvENUlvE1_4_FUNEv
                0x00000000080050f0        0xc ./Core/Src/interface.o
 .text._ZZ7setupUIvENKUlvE1_cvPFvvEEv
                0x00000000080050fc       0x18 ./Core/Src/interface.o
 .text._ZZ7setupUIvENKUlvE2_clEv
                0x0000000008005114       0x20 ./Core/Src/interface.o
 .text._ZZ7setupUIvENUlvE2_4_FUNEv
                0x0000000008005134        0xc ./Core/Src/interface.o
 .text._ZZ7setupUIvENKUlvE2_cvPFvvEEv
                0x0000000008005140       0x18 ./Core/Src/interface.o
 .text._ZZ7setupUIvENKUlvE3_clEv
                0x0000000008005158       0x50 ./Core/Src/interface.o
 .text._ZZ7setupUIvENUlvE3_4_FUNEv
                0x00000000080051a8        0xc ./Core/Src/interface.o
 .text._ZZ7setupUIvENKUlvE3_cvPFvvEEv
                0x00000000080051b4       0x18 ./Core/Src/interface.o
 .text._ZZ7setupUIvENKUlvE4_clEv
                0x00000000080051cc       0xd0 ./Core/Src/interface.o
 .text._ZZ7setupUIvENUlvE4_4_FUNEv
                0x000000000800529c        0xc ./Core/Src/interface.o
 .text._ZZ7setupUIvENKUlvE4_cvPFvvEEv
                0x00000000080052a8       0x18 ./Core/Src/interface.o
 .text._ZZ7setupUIvENKUlvE5_clEv
                0x00000000080052c0       0xc8 ./Core/Src/interface.o
 .text._ZZ7setupUIvENUlvE5_4_FUNEv
                0x0000000008005388        0xc ./Core/Src/interface.o
 .text._ZZ7setupUIvENKUlvE5_cvPFvvEEv
                0x0000000008005394       0x18 ./Core/Src/interface.o
 .text._ZZ7setupUIvENKUlvE6_clEv
                0x00000000080053ac       0xec ./Core/Src/interface.o
 .text._ZZ7setupUIvENUlvE6_4_FUNEv
                0x0000000008005498        0xc ./Core/Src/interface.o
 .text._ZZ7setupUIvENKUlvE6_cvPFvvEEv
                0x00000000080054a4       0x18 ./Core/Src/interface.o
 .text._ZZ7setupUIvENKUlvE7_clEv
                0x00000000080054bc       0x5c ./Core/Src/interface.o
 .text._ZZ7setupUIvENUlvE7_4_FUNEv
                0x0000000008005518        0xc ./Core/Src/interface.o
 .text._ZZ7setupUIvENKUlvE7_cvPFvvEEv
                0x0000000008005524       0x18 ./Core/Src/interface.o
 .text._ZZ7setupUIvENKUlvE8_clEv
                0x000000000800553c       0x34 ./Core/Src/interface.o
 .text._ZZ7setupUIvENUlvE8_4_FUNEv
                0x0000000008005570        0xc ./Core/Src/interface.o
 .text._ZZ7setupUIvENKUlvE8_cvPFvvEEv
                0x000000000800557c       0x18 ./Core/Src/interface.o
 .text._ZZ7setupUIvENKUlvE9_clEv
                0x0000000008005594       0x2c ./Core/Src/interface.o
 .text._ZZ7setupUIvENUlvE9_4_FUNEv
                0x00000000080055c0        0xc ./Core/Src/interface.o
 .text._ZZ7setupUIvENKUlvE9_cvPFvvEEv
                0x00000000080055cc       0x18 ./Core/Src/interface.o
 .text._ZZ7setupUIvENKUlvE10_clEv
                0x00000000080055e4       0xd4 ./Core/Src/interface.o
 .text._ZZ7setupUIvENUlvE10_4_FUNEv
                0x00000000080056b8        0xc ./Core/Src/interface.o
 .text._ZZ7setupUIvENKUlvE10_cvPFvvEEv
                0x00000000080056c4       0x18 ./Core/Src/interface.o
 .text._ZZ7setupUIvENKUlvE11_clEv
                0x00000000080056dc       0x1c ./Core/Src/interface.o
 .text._ZZ7setupUIvENUlvE11_4_FUNEv
                0x00000000080056f8        0xc ./Core/Src/interface.o
 .text._ZZ7setupUIvENKUlvE11_cvPFvvEEv
                0x0000000008005704       0x18 ./Core/Src/interface.o
 .text._ZZ7setupUIvENKUlvE12_clEv
                0x000000000800571c       0x48 ./Core/Src/interface.o
 .text._ZZ7setupUIvENUlvE12_4_FUNEv
                0x0000000008005764        0xc ./Core/Src/interface.o
 .text._ZZ7setupUIvENKUlvE12_cvPFvvEEv
                0x0000000008005770       0x18 ./Core/Src/interface.o
 .text._ZZ7setupUIvENKUlvE13_clEv
                0x0000000008005788       0x48 ./Core/Src/interface.o
 .text._ZZ7setupUIvENUlvE13_4_FUNEv
                0x00000000080057d0        0xc ./Core/Src/interface.o
 .text._ZZ7setupUIvENKUlvE13_cvPFvvEEv
                0x00000000080057dc       0x18 ./Core/Src/interface.o
 .text._ZZ7setupUIvENKUlvE14_clEv
                0x00000000080057f4       0x48 ./Core/Src/interface.o
 .text._ZZ7setupUIvENUlvE14_4_FUNEv
                0x000000000800583c        0xc ./Core/Src/interface.o
 .text._ZZ7setupUIvENKUlvE14_cvPFvvEEv
                0x0000000008005848       0x18 ./Core/Src/interface.o
 .text._ZZ7setupUIvENKUlvE15_clEv
                0x0000000008005860       0xc4 ./Core/Src/interface.o
 .text._ZZ7setupUIvENUlvE15_4_FUNEv
                0x0000000008005924        0xc ./Core/Src/interface.o
 .text._ZZ7setupUIvENKUlvE15_cvPFvvEEv
                0x0000000008005930       0x18 ./Core/Src/interface.o
 .text._ZZ7setupUIvENKUlvE16_clEv
                0x0000000008005948       0x20 ./Core/Src/interface.o
 .text._ZZ7setupUIvENUlvE16_4_FUNEv
                0x0000000008005968        0xc ./Core/Src/interface.o
 .text._ZZ7setupUIvENKUlvE16_cvPFvvEEv
                0x0000000008005974       0x18 ./Core/Src/interface.o
 .text._ZZ7setupUIvENKUlvE17_clEv
                0x000000000800598c       0x20 ./Core/Src/interface.o
 .text._ZZ7setupUIvENUlvE17_4_FUNEv
                0x00000000080059ac        0xc ./Core/Src/interface.o
 .text._ZZ7setupUIvENKUlvE17_cvPFvvEEv
                0x00000000080059b8       0x18 ./Core/Src/interface.o
 .text._ZZ7setupUIvENKUlvE18_clEv
                0x00000000080059d0       0x20 ./Core/Src/interface.o
 .text._ZZ7setupUIvENUlvE18_4_FUNEv
                0x00000000080059f0        0xc ./Core/Src/interface.o
 .text._ZZ7setupUIvENKUlvE18_cvPFvvEEv
                0x00000000080059fc       0x18 ./Core/Src/interface.o
 .text._ZZ7setupUIvENKUlvE19_clEv
                0x0000000008005a14       0x20 ./Core/Src/interface.o
 .text._ZZ7setupUIvENUlvE19_4_FUNEv
                0x0000000008005a34        0xc ./Core/Src/interface.o
 .text._ZZ7setupUIvENKUlvE19_cvPFvvEEv
                0x0000000008005a40       0x18 ./Core/Src/interface.o
 .text._ZZ7setupUIvENKUlvE20_clEv
                0x0000000008005a58       0x20 ./Core/Src/interface.o
 .text._ZZ7setupUIvENUlvE20_4_FUNEv
                0x0000000008005a78        0xc ./Core/Src/interface.o
 .text._ZZ7setupUIvENKUlvE20_cvPFvvEEv
                0x0000000008005a84       0x18 ./Core/Src/interface.o
 .text._Z7setupUIv
                0x0000000008005a9c      0x1d0 ./Core/Src/interface.o
                0x0000000008005a9c                setupUI()
 .text.myfunc   0x0000000008005c6c       0xd8 ./Core/Src/interface.o
                0x0000000008005c6c                myfunc
 .text._Z41__static_initialization_and_destruction_0ii
                0x0000000008005d44      0x398 ./Core/Src/interface.o
 .text._GLOBAL__sub_I__Z7fastsini
                0x00000000080060dc       0x10 ./Core/Src/interface.o
 .text.Delay    0x00000000080060ec       0x22 ./Core/Src/lcdtp.o
                0x00000000080060ec                Delay
 .text.LCD_INIT
                0x000000000800610e       0x24 ./Core/Src/lcdtp.o
                0x000000000800610e                LCD_INIT
 *fill*         0x0000000008006132        0x2 
 .text.LCD_Rst  0x0000000008006134       0x30 ./Core/Src/lcdtp.o
                0x0000000008006134                LCD_Rst
 .text.LCD_BackLed_Control
                0x0000000008006164       0x38 ./Core/Src/lcdtp.o
                0x0000000008006164                LCD_BackLed_Control
 .text.LCD_Write_Cmd
                0x000000000800619c       0x1c ./Core/Src/lcdtp.o
                0x000000000800619c                LCD_Write_Cmd
 .text.LCD_Write_Data
                0x00000000080061b8       0x20 ./Core/Src/lcdtp.o
                0x00000000080061b8                LCD_Write_Data
 .text.LCD_REG_Config
                0x00000000080061d8      0x234 ./Core/Src/lcdtp.o
                0x00000000080061d8                LCD_REG_Config
 .text.LCD_OpenWindow
                0x000000000800640c       0xb2 ./Core/Src/lcdtp.o
                0x000000000800640c                LCD_OpenWindow
 .text.LCD_FillColor
                0x00000000080064be       0x3c ./Core/Src/lcdtp.o
                0x00000000080064be                LCD_FillColor
 *fill*         0x00000000080064fa        0x2 
 .text.LCD_Clear
                0x00000000080064fc       0x5c ./Core/Src/lcdtp.o
                0x00000000080064fc                LCD_Clear
 .text.LCD_DrawLine
                0x0000000008006558      0x10a ./Core/Src/lcdtp.o
                0x0000000008006558                LCD_DrawLine
 *fill*         0x0000000008006662        0x2 
 .text.LCD_DrawChar
                0x0000000008006664       0xb8 ./Core/Src/lcdtp.o
                0x0000000008006664                LCD_DrawChar
 .text.LCD_DrawString
                0x000000000800671c       0x5e ./Core/Src/lcdtp.o
                0x000000000800671c                LCD_DrawString
 .text.LCD_DrawDot
                0x000000000800677a       0x3e ./Core/Src/lcdtp.o
                0x000000000800677a                LCD_DrawDot
 .text.LCD_DrawChar_Color
                0x00000000080067b8       0x9c ./Core/Src/lcdtp.o
                0x00000000080067b8                LCD_DrawChar_Color
 .text.LCD_DrawString_Color
                0x0000000008006854       0x6a ./Core/Src/lcdtp.o
                0x0000000008006854                LCD_DrawString_Color
 *fill*         0x00000000080068be        0x2 
 .text.main     0x00000000080068c0       0x8c ./Core/Src/main.o
                0x00000000080068c0                main
 .text.SystemClock_Config
                0x000000000800694c       0xc4 ./Core/Src/main.o
                0x000000000800694c                SystemClock_Config
 .text.Error_Handler
                0x0000000008006a10        0xc ./Core/Src/main.o
                0x0000000008006a10                Error_Handler
 .text._out_buffer
                0x0000000008006a1c       0x2c ./Core/Src/printf.o
 .text._out_null
                0x0000000008006a48       0x1a ./Core/Src/printf.o
 .text._strnlen_s
                0x0000000008006a62       0x38 ./Core/Src/printf.o
 .text._is_digit
                0x0000000008006a9a       0x2c ./Core/Src/printf.o
 .text._atoi    0x0000000008006ac6       0x48 ./Core/Src/printf.o
 .text._out_rev
                0x0000000008006b0e       0xa0 ./Core/Src/printf.o
 .text._ntoa_format
                0x0000000008006bae      0x1b8 ./Core/Src/printf.o
 .text._ntoa_long
                0x0000000008006d66       0xcc ./Core/Src/printf.o
 .text._ntoa_long_long
                0x0000000008006e32       0xda ./Core/Src/printf.o
 *fill*         0x0000000008006f0c        0x4 
 .text._ftoa    0x0000000008006f10      0x4b0 ./Core/Src/printf.o
 .text._etoa    0x00000000080073c0      0x520 ./Core/Src/printf.o
 .text._vsnprintf
                0x00000000080078e0      0x9c0 ./Core/Src/printf.o
 .text.sprintf_
                0x00000000080082a0       0x38 ./Core/Src/printf.o
                0x00000000080082a0                sprintf_
 .text.HAL_MspInit
                0x00000000080082d8       0x64 ./Core/Src/stm32f1xx_hal_msp.o
                0x00000000080082d8                HAL_MspInit
 .text.NMI_Handler
                0x000000000800833c        0xc ./Core/Src/stm32f1xx_it.o
                0x000000000800833c                NMI_Handler
 .text.HardFault_Handler
                0x0000000008008348        0x6 ./Core/Src/stm32f1xx_it.o
                0x0000000008008348                HardFault_Handler
 .text.MemManage_Handler
                0x000000000800834e        0x6 ./Core/Src/stm32f1xx_it.o
                0x000000000800834e                MemManage_Handler
 .text.BusFault_Handler
                0x0000000008008354        0x6 ./Core/Src/stm32f1xx_it.o
                0x0000000008008354                BusFault_Handler
 .text.UsageFault_Handler
                0x000000000800835a        0x6 ./Core/Src/stm32f1xx_it.o
                0x000000000800835a                UsageFault_Handler
 .text.SVC_Handler
                0x0000000008008360        0xc ./Core/Src/stm32f1xx_it.o
                0x0000000008008360                SVC_Handler
 .text.DebugMon_Handler
                0x000000000800836c        0xc ./Core/Src/stm32f1xx_it.o
                0x000000000800836c                DebugMon_Handler
 .text.PendSV_Handler
                0x0000000008008378        0xc ./Core/Src/stm32f1xx_it.o
                0x0000000008008378                PendSV_Handler
 .text.SysTick_Handler
                0x0000000008008384       0x24 ./Core/Src/stm32f1xx_it.o
                0x0000000008008384                SysTick_Handler
 .text.EXTI0_IRQHandler
                0x00000000080083a8       0x12 ./Core/Src/stm32f1xx_it.o
                0x00000000080083a8                EXTI0_IRQHandler
 *fill*         0x00000000080083ba        0x2 
 .text.EXTI4_IRQHandler
                0x00000000080083bc       0x34 ./Core/Src/stm32f1xx_it.o
                0x00000000080083bc                EXTI4_IRQHandler
 .text.DMA1_Channel1_IRQHandler
                0x00000000080083f0       0x38 ./Core/Src/stm32f1xx_it.o
                0x00000000080083f0                DMA1_Channel1_IRQHandler
 .text.DMA1_Channel2_IRQHandler
                0x0000000008008428       0x38 ./Core/Src/stm32f1xx_it.o
                0x0000000008008428                DMA1_Channel2_IRQHandler
 .text.DMA1_Channel6_IRQHandler
                0x0000000008008460       0x38 ./Core/Src/stm32f1xx_it.o
                0x0000000008008460                DMA1_Channel6_IRQHandler
 .text.TIM3_IRQHandler
                0x0000000008008498       0x48 ./Core/Src/stm32f1xx_it.o
                0x0000000008008498                TIM3_IRQHandler
 .text.USART1_IRQHandler
                0x00000000080084e0       0x44 ./Core/Src/stm32f1xx_it.o
                0x00000000080084e0                USART1_IRQHandler
 .text.EXTI15_10_IRQHandler
                0x0000000008008524       0x14 ./Core/Src/stm32f1xx_it.o
                0x0000000008008524                EXTI15_10_IRQHandler
 .text.TIM5_IRQHandler
                0x0000000008008538       0x1c ./Core/Src/stm32f1xx_it.o
                0x0000000008008538                TIM5_IRQHandler
 .text.DMA2_Channel3_IRQHandler
                0x0000000008008554       0x14 ./Core/Src/stm32f1xx_it.o
                0x0000000008008554                DMA2_Channel3_IRQHandler
 .text._getpid  0x0000000008008568        0xe ./Core/Src/syscalls.o
                0x0000000008008568                _getpid
 .text._kill    0x0000000008008576       0x20 ./Core/Src/syscalls.o
                0x0000000008008576                _kill
 .text._exit    0x0000000008008596       0x14 ./Core/Src/syscalls.o
                0x0000000008008596                _exit
 *fill*         0x00000000080085aa        0x2 
 .text.SystemInit
                0x00000000080085ac       0x68 ./Core/Src/system_stm32f1xx.o
                0x00000000080085ac                SystemInit
 .text.MX_TIM1_Init
                0x0000000008008614      0x148 ./Core/Src/tim.o
                0x0000000008008614                MX_TIM1_Init
 .text.MX_TIM2_Init
                0x000000000800875c       0x98 ./Core/Src/tim.o
                0x000000000800875c                MX_TIM2_Init
 .text.MX_TIM3_Init
                0x00000000080087f4       0xec ./Core/Src/tim.o
                0x00000000080087f4                MX_TIM3_Init
 .text.MX_TIM4_Init
                0x00000000080088e0       0xec ./Core/Src/tim.o
                0x00000000080088e0                MX_TIM4_Init
 .text.MX_TIM5_Init
                0x00000000080089cc       0x9c ./Core/Src/tim.o
                0x00000000080089cc                MX_TIM5_Init
 .text.MX_TIM8_Init
                0x0000000008008a68      0x144 ./Core/Src/tim.o
                0x0000000008008a68                MX_TIM8_Init
 .text.HAL_TIM_Base_MspInit
                0x0000000008008bac      0x294 ./Core/Src/tim.o
                0x0000000008008bac                HAL_TIM_Base_MspInit
 .text.HAL_TIM_MspPostInit
                0x0000000008008e40      0x130 ./Core/Src/tim.o
                0x0000000008008e40                HAL_TIM_MspPostInit
 .text.TIMER_INIT
                0x0000000008008f70       0x24 ./Core/Src/timer.o
                0x0000000008008f70                TIMER_INIT
 .text.timer_min
                0x0000000008008f94       0x44 ./Core/Src/timer.o
                0x0000000008008f94                timer_min
 .text.MX_USART1_UART_Init
                0x0000000008008fd8       0x54 ./Core/Src/usart.o
                0x0000000008008fd8                MX_USART1_UART_Init
 .text.MX_USART2_UART_Init
                0x000000000800902c       0x54 ./Core/Src/usart.o
                0x000000000800902c                MX_USART2_UART_Init
 .text.HAL_UART_MspInit
                0x0000000008009080      0x118 ./Core/Src/usart.o
                0x0000000008009080                HAL_UART_MspInit
 .text._Z10printToLCDRK6Stringt
                0x0000000008009198       0x50 ./Core/Src/utils.o
                0x0000000008009198                printToLCD(String const&, unsigned short)
 .text._Z8debugLogRK6Stringt
                0x00000000080091e8       0x1e ./Core/Src/utils.o
                0x00000000080091e8                debugLog(String const&, unsigned short)
 .text.XPT2046_DelayUS
                0x0000000008009206       0x38 ./Core/Src/xpt2046.o
 *fill*         0x000000000800923e        0x2 
 .text.XPT2046_WriteCMD
                0x0000000008009240       0x88 ./Core/Src/xpt2046.o
 .text.XPT2046_ReadCMD
                0x00000000080092c8       0x78 ./Core/Src/xpt2046.o
 .text.XPT2046_ReadAdc
                0x0000000008009340       0x20 ./Core/Src/xpt2046.o
 .text.XPT2046_ReadAdc_XY
                0x0000000008009360       0x38 ./Core/Src/xpt2046.o
 .text.XPT2046_ReadAdc_Smooth_XY
                0x0000000008009398      0x22c ./Core/Src/xpt2046.o
 .text.XPT2046_Get_TouchedPoint
                0x00000000080095c4      0x10e ./Core/Src/xpt2046.o
                0x00000000080095c4                XPT2046_Get_TouchedPoint
 *fill*         0x00000000080096d2        0x2 
 .text.Reset_Handler
                0x00000000080096d4       0x48 ./Core/Startup/startup_stm32f103vetx.o
                0x00000000080096d4                Reset_Handler
 .text.Default_Handler
                0x000000000800971c        0x2 ./Core/Startup/startup_stm32f103vetx.o
                0x000000000800971c                USBWakeUp_IRQHandler
                0x000000000800971c                EXTI2_IRQHandler
                0x000000000800971c                TIM8_TRG_COM_IRQHandler
                0x000000000800971c                TIM8_CC_IRQHandler
                0x000000000800971c                TIM1_CC_IRQHandler
                0x000000000800971c                TIM6_IRQHandler
                0x000000000800971c                PVD_IRQHandler
                0x000000000800971c                SDIO_IRQHandler
                0x000000000800971c                EXTI3_IRQHandler
                0x000000000800971c                I2C2_EV_IRQHandler
                0x000000000800971c                ADC1_2_IRQHandler
                0x000000000800971c                SPI1_IRQHandler
                0x000000000800971c                TAMPER_IRQHandler
                0x000000000800971c                TIM8_UP_IRQHandler
                0x000000000800971c                DMA2_Channel2_IRQHandler
                0x000000000800971c                DMA1_Channel4_IRQHandler
                0x000000000800971c                USART3_IRQHandler
                0x000000000800971c                RTC_IRQHandler
                0x000000000800971c                DMA1_Channel7_IRQHandler
                0x000000000800971c                CAN1_RX1_IRQHandler
                0x000000000800971c                UART5_IRQHandler
                0x000000000800971c                ADC3_IRQHandler
                0x000000000800971c                TIM4_IRQHandler
                0x000000000800971c                DMA2_Channel1_IRQHandler
                0x000000000800971c                I2C1_EV_IRQHandler
                0x000000000800971c                UART4_IRQHandler
                0x000000000800971c                RCC_IRQHandler
                0x000000000800971c                TIM1_TRG_COM_IRQHandler
                0x000000000800971c                Default_Handler
                0x000000000800971c                TIM7_IRQHandler
                0x000000000800971c                EXTI9_5_IRQHandler
                0x000000000800971c                SPI2_IRQHandler
                0x000000000800971c                DMA1_Channel5_IRQHandler
                0x000000000800971c                USB_LP_CAN1_RX0_IRQHandler
                0x000000000800971c                USB_HP_CAN1_TX_IRQHandler
                0x000000000800971c                DMA1_Channel3_IRQHandler
                0x000000000800971c                FSMC_IRQHandler
                0x000000000800971c                TIM1_UP_IRQHandler
                0x000000000800971c                WWDG_IRQHandler
                0x000000000800971c                TIM2_IRQHandler
                0x000000000800971c                TIM1_BRK_IRQHandler
                0x000000000800971c                EXTI1_IRQHandler
                0x000000000800971c                DMA2_Channel4_5_IRQHandler
                0x000000000800971c                USART2_IRQHandler
                0x000000000800971c                I2C2_ER_IRQHandler
                0x000000000800971c                TIM8_BRK_IRQHandler
                0x000000000800971c                CAN1_SCE_IRQHandler
                0x000000000800971c                FLASH_IRQHandler
                0x000000000800971c                SPI3_IRQHandler
                0x000000000800971c                I2C1_ER_IRQHandler
                0x000000000800971c                RTC_Alarm_IRQHandler
 *fill*         0x000000000800971e        0x2 
 .text.HAL_Init
                0x0000000008009720       0x2c ./Drivers/STM32F1xx_HAL_Driver/Src/stm32f1xx_hal.o
                0x0000000008009720                HAL_Init
 .text.HAL_InitTick
                0x000000000800974c       0x60 ./Drivers/STM32F1xx_HAL_Driver/Src/stm32f1xx_hal.o
                0x000000000800974c                HAL_InitTick
 .text.HAL_IncTick
                0x00000000080097ac       0x24 ./Drivers/STM32F1xx_HAL_Driver/Src/stm32f1xx_hal.o
                0x00000000080097ac                HAL_IncTick
 .text.HAL_GetTick
                0x00000000080097d0       0x14 ./Drivers/STM32F1xx_HAL_Driver/Src/stm32f1xx_hal.o
                0x00000000080097d0                HAL_GetTick
 .text.HAL_Delay
                0x00000000080097e4       0x48 ./Drivers/STM32F1xx_HAL_Driver/Src/stm32f1xx_hal.o
                0x00000000080097e4                HAL_Delay
 .text.HAL_ADC_Init
                0x000000000800982c      0x1d4 ./Drivers/STM32F1xx_HAL_Driver/Src/stm32f1xx_hal_adc.o
                0x000000000800982c                HAL_ADC_Init
 .text.HAL_ADC_ConfigChannel
                0x0000000008009a00      0x1f0 ./Drivers/STM32F1xx_HAL_Driver/Src/stm32f1xx_hal_adc.o
                0x0000000008009a00                HAL_ADC_ConfigChannel
 .text.ADC_ConversionStop_Disable
                0x0000000008009bf0       0x74 ./Drivers/STM32F1xx_HAL_Driver/Src/stm32f1xx_hal_adc.o
                0x0000000008009bf0                ADC_ConversionStop_Disable
 .text.NVIC_SetPriorityGrouping
                0x0000000008009c64       0x48 ./Drivers/STM32F1xx_HAL_Driver/Src/stm32f1xx_hal_cortex.o
 .text.NVIC_GetPriorityGrouping
                0x0000000008009cac       0x1c ./Drivers/STM32F1xx_HAL_Driver/Src/stm32f1xx_hal_cortex.o
 .text.NVIC_EnableIRQ
                0x0000000008009cc8       0x30 ./Drivers/STM32F1xx_HAL_Driver/Src/stm32f1xx_hal_cortex.o
 .text.NVIC_SetPriority
                0x0000000008009cf8       0x54 ./Drivers/STM32F1xx_HAL_Driver/Src/stm32f1xx_hal_cortex.o
 .text.NVIC_EncodePriority
                0x0000000008009d4c       0x64 ./Drivers/STM32F1xx_HAL_Driver/Src/stm32f1xx_hal_cortex.o
 .text.SysTick_Config
                0x0000000008009db0       0x44 ./Drivers/STM32F1xx_HAL_Driver/Src/stm32f1xx_hal_cortex.o
 .text.HAL_NVIC_SetPriorityGrouping
                0x0000000008009df4       0x16 ./Drivers/STM32F1xx_HAL_Driver/Src/stm32f1xx_hal_cortex.o
                0x0000000008009df4                HAL_NVIC_SetPriorityGrouping
 .text.HAL_NVIC_SetPriority
                0x0000000008009e0a       0x38 ./Drivers/STM32F1xx_HAL_Driver/Src/stm32f1xx_hal_cortex.o
                0x0000000008009e0a                HAL_NVIC_SetPriority
 .text.HAL_NVIC_EnableIRQ
                0x0000000008009e42       0x1c ./Drivers/STM32F1xx_HAL_Driver/Src/stm32f1xx_hal_cortex.o
                0x0000000008009e42                HAL_NVIC_EnableIRQ
 .text.HAL_SYSTICK_Config
                0x0000000008009e5e       0x18 ./Drivers/STM32F1xx_HAL_Driver/Src/stm32f1xx_hal_cortex.o
                0x0000000008009e5e                HAL_SYSTICK_Config
 *fill*         0x0000000008009e76        0x2 
 .text.HAL_DMA_Init
                0x0000000008009e78       0xec ./Drivers/STM32F1xx_HAL_Driver/Src/stm32f1xx_hal_dma.o
                0x0000000008009e78                HAL_DMA_Init
 .text.HAL_DMA_Start_IT
                0x0000000008009f64       0xbe ./Drivers/STM32F1xx_HAL_Driver/Src/stm32f1xx_hal_dma.o
                0x0000000008009f64                HAL_DMA_Start_IT
 *fill*         0x000000000800a022        0x2 
 .text.HAL_DMA_Abort_IT
                0x000000000800a024      0x210 ./Drivers/STM32F1xx_HAL_Driver/Src/stm32f1xx_hal_dma.o
                0x000000000800a024                HAL_DMA_Abort_IT
 .text.HAL_DMA_IRQHandler
                0x000000000800a234      0x478 ./Drivers/STM32F1xx_HAL_Driver/Src/stm32f1xx_hal_dma.o
                0x000000000800a234                HAL_DMA_IRQHandler
 .text.DMA_SetConfig
                0x000000000800a6ac       0x5a ./Drivers/STM32F1xx_HAL_Driver/Src/stm32f1xx_hal_dma.o
 *fill*         0x000000000800a706        0x2 
 .text.HAL_GPIO_Init
                0x000000000800a708      0x330 ./Drivers/STM32F1xx_HAL_Driver/Src/stm32f1xx_hal_gpio.o
                0x000000000800a708                HAL_GPIO_Init
 .text.HAL_GPIO_ReadPin
                0x000000000800aa38       0x2e ./Drivers/STM32F1xx_HAL_Driver/Src/stm32f1xx_hal_gpio.o
                0x000000000800aa38                HAL_GPIO_ReadPin
 .text.HAL_GPIO_WritePin
                0x000000000800aa66       0x30 ./Drivers/STM32F1xx_HAL_Driver/Src/stm32f1xx_hal_gpio.o
                0x000000000800aa66                HAL_GPIO_WritePin
 *fill*         0x000000000800aa96        0x2 
 .text.HAL_GPIO_EXTI_IRQHandler
                0x000000000800aa98       0x30 ./Drivers/STM32F1xx_HAL_Driver/Src/stm32f1xx_hal_gpio.o
                0x000000000800aa98                HAL_GPIO_EXTI_IRQHandler
 .text.HAL_GPIO_EXTI_Callback
                0x000000000800aac8       0x14 ./Drivers/STM32F1xx_HAL_Driver/Src/stm32f1xx_hal_gpio.o
                0x000000000800aac8                HAL_GPIO_EXTI_Callback
 .text.HAL_RCC_OscConfig
                0x000000000800aadc      0x4c8 ./Drivers/STM32F1xx_HAL_Driver/Src/stm32f1xx_hal_rcc.o
                0x000000000800aadc                HAL_RCC_OscConfig
 .text.HAL_RCC_ClockConfig
                0x000000000800afa4      0x218 ./Drivers/STM32F1xx_HAL_Driver/Src/stm32f1xx_hal_rcc.o
                0x000000000800afa4                HAL_RCC_ClockConfig
 .text.HAL_RCC_GetSysClockFreq
                0x000000000800b1bc       0xbc ./Drivers/STM32F1xx_HAL_Driver/Src/stm32f1xx_hal_rcc.o
                0x000000000800b1bc                HAL_RCC_GetSysClockFreq
 .text.HAL_RCC_GetHCLKFreq
                0x000000000800b278       0x14 ./Drivers/STM32F1xx_HAL_Driver/Src/stm32f1xx_hal_rcc.o
                0x000000000800b278                HAL_RCC_GetHCLKFreq
 .text.HAL_RCC_GetPCLK1Freq
                0x000000000800b28c       0x28 ./Drivers/STM32F1xx_HAL_Driver/Src/stm32f1xx_hal_rcc.o
                0x000000000800b28c                HAL_RCC_GetPCLK1Freq
 .text.HAL_RCC_GetPCLK2Freq
                0x000000000800b2b4       0x28 ./Drivers/STM32F1xx_HAL_Driver/Src/stm32f1xx_hal_rcc.o
                0x000000000800b2b4                HAL_RCC_GetPCLK2Freq
 .text.RCC_Delay
                0x000000000800b2dc       0x40 ./Drivers/STM32F1xx_HAL_Driver/Src/stm32f1xx_hal_rcc.o
 .text.HAL_RCCEx_PeriphCLKConfig
                0x000000000800b31c      0x16c ./Drivers/STM32F1xx_HAL_Driver/Src/stm32f1xx_hal_rcc_ex.o
                0x000000000800b31c                HAL_RCCEx_PeriphCLKConfig
 .text.HAL_SRAM_Init
                0x000000000800b488       0x88 ./Drivers/STM32F1xx_HAL_Driver/Src/stm32f1xx_hal_sram.o
                0x000000000800b488                HAL_SRAM_Init
 .text.HAL_TIM_Base_Init
                0x000000000800b510       0x56 ./Drivers/STM32F1xx_HAL_Driver/Src/stm32f1xx_hal_tim.o
                0x000000000800b510                HAL_TIM_Base_Init
 .text.HAL_TIM_Base_Start
                0x000000000800b566       0x34 ./Drivers/STM32F1xx_HAL_Driver/Src/stm32f1xx_hal_tim.o
                0x000000000800b566                HAL_TIM_Base_Start
 .text.HAL_TIM_Base_Stop
                0x000000000800b59a       0x54 ./Drivers/STM32F1xx_HAL_Driver/Src/stm32f1xx_hal_tim.o
                0x000000000800b59a                HAL_TIM_Base_Stop
 .text.HAL_TIM_Base_Start_IT
                0x000000000800b5ee       0x34 ./Drivers/STM32F1xx_HAL_Driver/Src/stm32f1xx_hal_tim.o
                0x000000000800b5ee                HAL_TIM_Base_Start_IT
 .text.HAL_TIM_Base_Stop_IT
                0x000000000800b622       0x54 ./Drivers/STM32F1xx_HAL_Driver/Src/stm32f1xx_hal_tim.o
                0x000000000800b622                HAL_TIM_Base_Stop_IT
 .text.HAL_TIM_PWM_Init
                0x000000000800b676       0x56 ./Drivers/STM32F1xx_HAL_Driver/Src/stm32f1xx_hal_tim.o
                0x000000000800b676                HAL_TIM_PWM_Init
 .text.HAL_TIM_PWM_MspInit
                0x000000000800b6cc       0x12 ./Drivers/STM32F1xx_HAL_Driver/Src/stm32f1xx_hal_tim.o
                0x000000000800b6cc                HAL_TIM_PWM_MspInit
 *fill*         0x000000000800b6de        0x2 
 .text.HAL_TIM_PWM_Start
                0x000000000800b6e0       0x68 ./Drivers/STM32F1xx_HAL_Driver/Src/stm32f1xx_hal_tim.o
                0x000000000800b6e0                HAL_TIM_PWM_Start
 .text.HAL_TIM_PWM_Stop
                0x000000000800b748       0xb0 ./Drivers/STM32F1xx_HAL_Driver/Src/stm32f1xx_hal_tim.o
                0x000000000800b748                HAL_TIM_PWM_Stop
 .text.HAL_TIM_PWM_Start_DMA
                0x000000000800b7f8      0x1c4 ./Drivers/STM32F1xx_HAL_Driver/Src/stm32f1xx_hal_tim.o
                0x000000000800b7f8                HAL_TIM_PWM_Start_DMA
 .text.HAL_TIM_PWM_Stop_DMA
                0x000000000800b9bc      0x13c ./Drivers/STM32F1xx_HAL_Driver/Src/stm32f1xx_hal_tim.o
                0x000000000800b9bc                HAL_TIM_PWM_Stop_DMA
 .text.HAL_TIM_IRQHandler
                0x000000000800baf8      0x210 ./Drivers/STM32F1xx_HAL_Driver/Src/stm32f1xx_hal_tim.o
                0x000000000800baf8                HAL_TIM_IRQHandler
 .text.HAL_TIM_PWM_ConfigChannel
                0x000000000800bd08      0x18c ./Drivers/STM32F1xx_HAL_Driver/Src/stm32f1xx_hal_tim.o
                0x000000000800bd08                HAL_TIM_PWM_ConfigChannel
 .text.HAL_TIM_ConfigClockSource
                0x000000000800be94      0x1d6 ./Drivers/STM32F1xx_HAL_Driver/Src/stm32f1xx_hal_tim.o
                0x000000000800be94                HAL_TIM_ConfigClockSource
 .text.HAL_TIM_PeriodElapsedCallback
                0x000000000800c06a       0x12 ./Drivers/STM32F1xx_HAL_Driver/Src/stm32f1xx_hal_tim.o
                0x000000000800c06a                HAL_TIM_PeriodElapsedCallback
 .text.HAL_TIM_OC_DelayElapsedCallback
                0x000000000800c07c       0x12 ./Drivers/STM32F1xx_HAL_Driver/Src/stm32f1xx_hal_tim.o
                0x000000000800c07c                HAL_TIM_OC_DelayElapsedCallback
 .text.HAL_TIM_IC_CaptureCallback
                0x000000000800c08e       0x12 ./Drivers/STM32F1xx_HAL_Driver/Src/stm32f1xx_hal_tim.o
                0x000000000800c08e                HAL_TIM_IC_CaptureCallback
 .text.HAL_TIM_PWM_PulseFinishedCallback
                0x000000000800c0a0       0x12 ./Drivers/STM32F1xx_HAL_Driver/Src/stm32f1xx_hal_tim.o
                0x000000000800c0a0                HAL_TIM_PWM_PulseFinishedCallback
 .text.HAL_TIM_TriggerCallback
                0x000000000800c0b2       0x12 ./Drivers/STM32F1xx_HAL_Driver/Src/stm32f1xx_hal_tim.o
                0x000000000800c0b2                HAL_TIM_TriggerCallback
 .text.HAL_TIM_ErrorCallback
                0x000000000800c0c4       0x12 ./Drivers/STM32F1xx_HAL_Driver/Src/stm32f1xx_hal_tim.o
                0x000000000800c0c4                HAL_TIM_ErrorCallback
 .text.TIM_DMAError
                0x000000000800c0d6       0x24 ./Drivers/STM32F1xx_HAL_Driver/Src/stm32f1xx_hal_tim.o
                0x000000000800c0d6                TIM_DMAError
 .text.TIM_DMADelayPulseCplt
                0x000000000800c0fa       0x70 ./Drivers/STM32F1xx_HAL_Driver/Src/stm32f1xx_hal_tim.o
                0x000000000800c0fa                TIM_DMADelayPulseCplt
 *fill*         0x000000000800c16a        0x2 
 .text.TIM_Base_SetConfig
                0x000000000800c16c       0xfc ./Drivers/STM32F1xx_HAL_Driver/Src/stm32f1xx_hal_tim.o
                0x000000000800c16c                TIM_Base_SetConfig
 .text.TIM_OC1_SetConfig
                0x000000000800c268       0xec ./Drivers/STM32F1xx_HAL_Driver/Src/stm32f1xx_hal_tim.o
 .text.TIM_OC2_SetConfig
                0x000000000800c354       0xf4 ./Drivers/STM32F1xx_HAL_Driver/Src/stm32f1xx_hal_tim.o
                0x000000000800c354                TIM_OC2_SetConfig
 .text.TIM_OC3_SetConfig
                0x000000000800c448       0xf4 ./Drivers/STM32F1xx_HAL_Driver/Src/stm32f1xx_hal_tim.o
 .text.TIM_OC4_SetConfig
                0x000000000800c53c       0xb4 ./Drivers/STM32F1xx_HAL_Driver/Src/stm32f1xx_hal_tim.o
 .text.TIM_TI1_ConfigInputStage
                0x000000000800c5f0       0x64 ./Drivers/STM32F1xx_HAL_Driver/Src/stm32f1xx_hal_tim.o
 .text.TIM_TI2_ConfigInputStage
                0x000000000800c654       0x66 ./Drivers/STM32F1xx_HAL_Driver/Src/stm32f1xx_hal_tim.o
 .text.TIM_ITRx_SetConfig
                0x000000000800c6ba       0x3e ./Drivers/STM32F1xx_HAL_Driver/Src/stm32f1xx_hal_tim.o
 .text.TIM_ETR_SetConfig
                0x000000000800c6f8       0x42 ./Drivers/STM32F1xx_HAL_Driver/Src/stm32f1xx_hal_tim.o
 .text.TIM_CCxChannelCmd
                0x000000000800c73a       0x44 ./Drivers/STM32F1xx_HAL_Driver/Src/stm32f1xx_hal_tim.o
                0x000000000800c73a                TIM_CCxChannelCmd
 .text.HAL_TIMEx_ConfigBreakDeadTime
                0x000000000800c77e       0xb0 ./Drivers/STM32F1xx_HAL_Driver/Src/stm32f1xx_hal_tim_ex.o
                0x000000000800c77e                HAL_TIMEx_ConfigBreakDeadTime
 .text.HAL_TIMEx_MasterConfigSynchronization
                0x000000000800c82e       0x88 ./Drivers/STM32F1xx_HAL_Driver/Src/stm32f1xx_hal_tim_ex.o
                0x000000000800c82e                HAL_TIMEx_MasterConfigSynchronization
 .text.HAL_TIMEx_CommutationCallback
                0x000000000800c8b6       0x12 ./Drivers/STM32F1xx_HAL_Driver/Src/stm32f1xx_hal_tim_ex.o
                0x000000000800c8b6                HAL_TIMEx_CommutationCallback
 .text.HAL_TIMEx_BreakCallback
                0x000000000800c8c8       0x12 ./Drivers/STM32F1xx_HAL_Driver/Src/stm32f1xx_hal_tim_ex.o
                0x000000000800c8c8                HAL_TIMEx_BreakCallback
 .text.HAL_UART_Init
                0x000000000800c8da       0x9a ./Drivers/STM32F1xx_HAL_Driver/Src/stm32f1xx_hal_uart.o
                0x000000000800c8da                HAL_UART_Init
 .text.HAL_UART_IRQHandler
                0x000000000800c974      0x1f4 ./Drivers/STM32F1xx_HAL_Driver/Src/stm32f1xx_hal_uart.o
                0x000000000800c974                HAL_UART_IRQHandler
 .text.HAL_UART_TxCpltCallback
                0x000000000800cb68       0x12 ./Drivers/STM32F1xx_HAL_Driver/Src/stm32f1xx_hal_uart.o
                0x000000000800cb68                HAL_UART_TxCpltCallback
 .text.HAL_UART_RxCpltCallback
                0x000000000800cb7a       0x12 ./Drivers/STM32F1xx_HAL_Driver/Src/stm32f1xx_hal_uart.o
                0x000000000800cb7a                HAL_UART_RxCpltCallback
 .text.HAL_UART_ErrorCallback
                0x000000000800cb8c       0x12 ./Drivers/STM32F1xx_HAL_Driver/Src/stm32f1xx_hal_uart.o
                0x000000000800cb8c                HAL_UART_ErrorCallback
 .text.UART_EndRxTransfer
                0x000000000800cb9e       0x3a ./Drivers/STM32F1xx_HAL_Driver/Src/stm32f1xx_hal_uart.o
 .text.UART_DMAAbortOnError
                0x000000000800cbd8       0x28 ./Drivers/STM32F1xx_HAL_Driver/Src/stm32f1xx_hal_uart.o
 .text.UART_Transmit_IT
                0x000000000800cc00       0xaa ./Drivers/STM32F1xx_HAL_Driver/Src/stm32f1xx_hal_uart.o
 .text.UART_EndTransmit_IT
                0x000000000800ccaa       0x30 ./Drivers/STM32F1xx_HAL_Driver/Src/stm32f1xx_hal_uart.o
 .text.UART_Receive_IT
                0x000000000800ccda      0x102 ./Drivers/STM32F1xx_HAL_Driver/Src/stm32f1xx_hal_uart.o
 .text.UART_SetConfig
                0x000000000800cddc      0x230 ./Drivers/STM32F1xx_HAL_Driver/Src/stm32f1xx_hal_uart.o
 .text.FSMC_NORSRAM_Init
                0x000000000800d00c      0x100 ./Drivers/STM32F1xx_HAL_Driver/Src/stm32f1xx_ll_fsmc.o
                0x000000000800d00c                FSMC_NORSRAM_Init
 .text.FSMC_NORSRAM_Timing_Init
                0x000000000800d10c       0x68 ./Drivers/STM32F1xx_HAL_Driver/Src/stm32f1xx_ll_fsmc.o
                0x000000000800d10c                FSMC_NORSRAM_Timing_Init
 .text.FSMC_NORSRAM_Extended_Timing_Init
                0x000000000800d174       0x70 ./Drivers/STM32F1xx_HAL_Driver/Src/stm32f1xx_ll_fsmc.o
                0x000000000800d174                FSMC_NORSRAM_Extended_Timing_Init
 .text.__cxa_pure_virtual
                0x000000000800d1e4        0x6 /Applications/STM32CubeIDE 2.app/Contents/Eclipse/plugins/com.st.stm32cube.ide.mcu.externaltools.gnu-tools-for-stm32.10.3-2021.10.macos64_1.0.0.202111181127/tools/bin/../lib/gcc/arm-none-eabi/10.3.1/../../../../arm-none-eabi/lib/thumb/v7-m/nofp/libstdc++_nano.a(pure.o)
                0x000000000800d1e4                __cxa_pure_virtual
 .text._ZN10__cxxabiv111__terminateEPFvvE
                0x000000000800d1ea        0x8 /Applications/STM32CubeIDE 2.app/Contents/Eclipse/plugins/com.st.stm32cube.ide.mcu.externaltools.gnu-tools-for-stm32.10.3-2021.10.macos64_1.0.0.202111181127/tools/bin/../lib/gcc/arm-none-eabi/10.3.1/../../../../arm-none-eabi/lib/thumb/v7-m/nofp/libstdc++_nano.a(eh_terminate.o)
                0x000000000800d1ea                __cxxabiv1::__terminate(void (*)())
 *fill*         0x000000000800d1f2        0x2 
 .text._ZSt13get_terminatev
                0x000000000800d1f4       0x10 /Applications/STM32CubeIDE 2.app/Contents/Eclipse/plugins/com.st.stm32cube.ide.mcu.externaltools.gnu-tools-for-stm32.10.3-2021.10.macos64_1.0.0.202111181127/tools/bin/../lib/gcc/arm-none-eabi/10.3.1/../../../../arm-none-eabi/lib/thumb/v7-m/nofp/libstdc++_nano.a(eh_terminate.o)
                0x000000000800d1f4                std::get_terminate()
 .text._ZSt9terminatev
                0x000000000800d204        0xa /Applications/STM32CubeIDE 2.app/Contents/Eclipse/plugins/com.st.stm32cube.ide.mcu.externaltools.gnu-tools-for-stm32.10.3-2021.10.macos64_1.0.0.202111181127/tools/bin/../lib/gcc/arm-none-eabi/10.3.1/../../../../arm-none-eabi/lib/thumb/v7-m/nofp/libstdc++_nano.a(eh_terminate.o)
                0x000000000800d204                std::terminate()
 *fill*         0x000000000800d20e        0x2 
 .text.floor    0x000000000800d210      0x100 /Applications/STM32CubeIDE 2.app/Contents/Eclipse/plugins/com.st.stm32cube.ide.mcu.externaltools.gnu-tools-for-stm32.10.3-2021.10.macos64_1.0.0.202111181127/tools/bin/../lib/gcc/arm-none-eabi/10.3.1/../../../../arm-none-eabi/lib/thumb/v7-m/nofp/libm.a(lib_a-s_floor.o)
                0x000000000800d210                floor
 .text.sqrtf    0x000000000800d310       0x34 /Applications/STM32CubeIDE 2.app/Contents/Eclipse/plugins/com.st.stm32cube.ide.mcu.externaltools.gnu-tools-for-stm32.10.3-2021.10.macos64_1.0.0.202111181127/tools/bin/../lib/gcc/arm-none-eabi/10.3.1/../../../../arm-none-eabi/lib/thumb/v7-m/nofp/libm.a(lib_a-wf_sqrt.o)
                0x000000000800d310                sqrtf
 .text.__ieee754_sqrtf
                0x000000000800d344       0xa2 /Applications/STM32CubeIDE 2.app/Contents/Eclipse/plugins/com.st.stm32cube.ide.mcu.externaltools.gnu-tools-for-stm32.10.3-2021.10.macos64_1.0.0.202111181127/tools/bin/../lib/gcc/arm-none-eabi/10.3.1/../../../../arm-none-eabi/lib/thumb/v7-m/nofp/libm.a(lib_a-ef_sqrt.o)
                0x000000000800d344                __ieee754_sqrtf
 .text.abort    0x000000000800d3e6        0xe /Applications/STM32CubeIDE 2.app/Contents/Eclipse/plugins/com.st.stm32cube.ide.mcu.externaltools.gnu-tools-for-stm32.10.3-2021.10.macos64_1.0.0.202111181127/tools/bin/../lib/gcc/arm-none-eabi/10.3.1/../../../../arm-none-eabi/lib/thumb/v7-m/nofp/libc_nano.a(lib_a-abort.o)
                0x000000000800d3e6                abort
 .text.__errno  0x000000000800d3f4        0xc /Applications/STM32CubeIDE 2.app/Contents/Eclipse/plugins/com.st.stm32cube.ide.mcu.externaltools.gnu-tools-for-stm32.10.3-2021.10.macos64_1.0.0.202111181127/tools/bin/../lib/gcc/arm-none-eabi/10.3.1/../../../../arm-none-eabi/lib/thumb/v7-m/nofp/libc_nano.a(lib_a-errno.o)
                0x000000000800d3f4                __errno
 .text.__libc_init_array
                0x000000000800d400       0x48 /Applications/STM32CubeIDE 2.app/Contents/Eclipse/plugins/com.st.stm32cube.ide.mcu.externaltools.gnu-tools-for-stm32.10.3-2021.10.macos64_1.0.0.202111181127/tools/bin/../lib/gcc/arm-none-eabi/10.3.1/../../../../arm-none-eabi/lib/thumb/v7-m/nofp/libc_nano.a(lib_a-init.o)
                0x000000000800d400                __libc_init_array
 .text.memset   0x000000000800d448       0x10 /Applications/STM32CubeIDE 2.app/Contents/Eclipse/plugins/com.st.stm32cube.ide.mcu.externaltools.gnu-tools-for-stm32.10.3-2021.10.macos64_1.0.0.202111181127/tools/bin/../lib/gcc/arm-none-eabi/10.3.1/../../../../arm-none-eabi/lib/thumb/v7-m/nofp/libc_nano.a(lib_a-memset.o)
                0x000000000800d448                memset
 .text._raise_r
                0x000000000800d458       0x50 /Applications/STM32CubeIDE 2.app/Contents/Eclipse/plugins/com.st.stm32cube.ide.mcu.externaltools.gnu-tools-for-stm32.10.3-2021.10.macos64_1.0.0.202111181127/tools/bin/../lib/gcc/arm-none-eabi/10.3.1/../../../../arm-none-eabi/lib/thumb/v7-m/nofp/libc_nano.a(lib_a-signal.o)
                0x000000000800d458                _raise_r
 .text.raise    0x000000000800d4a8       0x10 /Applications/STM32CubeIDE 2.app/Contents/Eclipse/plugins/com.st.stm32cube.ide.mcu.externaltools.gnu-tools-for-stm32.10.3-2021.10.macos64_1.0.0.202111181127/tools/bin/../lib/gcc/arm-none-eabi/10.3.1/../../../../arm-none-eabi/lib/thumb/v7-m/nofp/libc_nano.a(lib_a-signal.o)
                0x000000000800d4a8                raise
 .text._kill_r  0x000000000800d4b8       0x24 /Applications/STM32CubeIDE 2.app/Contents/Eclipse/plugins/com.st.stm32cube.ide.mcu.externaltools.gnu-tools-for-stm32.10.3-2021.10.macos64_1.0.0.202111181127/tools/bin/../lib/gcc/arm-none-eabi/10.3.1/../../../../arm-none-eabi/lib/thumb/v7-m/nofp/libc_nano.a(lib_a-signalr.o)
                0x000000000800d4b8                _kill_r
 .text._getpid_r
                0x000000000800d4dc        0x4 /Applications/STM32CubeIDE 2.app/Contents/Eclipse/plugins/com.st.stm32cube.ide.mcu.externaltools.gnu-tools-for-stm32.10.3-2021.10.macos64_1.0.0.202111181127/tools/bin/../lib/gcc/arm-none-eabi/10.3.1/../../../../arm-none-eabi/lib/thumb/v7-m/nofp/libc_nano.a(lib_a-signalr.o)
                0x000000000800d4dc                _getpid_r
 .text.strcpy   0x000000000800d4e0       0x10 /Applications/STM32CubeIDE 2.app/Contents/Eclipse/plugins/com.st.stm32cube.ide.mcu.externaltools.gnu-tools-for-stm32.10.3-2021.10.macos64_1.0.0.202111181127/tools/bin/../lib/gcc/arm-none-eabi/10.3.1/../../../../arm-none-eabi/lib/thumb/v7-m/nofp/libc_nano.a(lib_a-strcpy.o)
                0x000000000800d4e0                strcpy
 *(.glue_7)
 .glue_7        0x000000000800d4f0        0x0 linker stubs
 *(.glue_7t)
 .glue_7t       0x000000000800d4f0        0x0 linker stubs
 *(.eh_frame)
 .eh_frame      0x000000000800d4f0        0x0 /Applications/STM32CubeIDE 2.app/Contents/Eclipse/plugins/com.st.stm32cube.ide.mcu.externaltools.gnu-tools-for-stm32.10.3-2021.10.macos64_1.0.0.202111181127/tools/bin/../lib/gcc/arm-none-eabi/10.3.1/thumb/v7-m/nofp/crtbegin.o
 *(.init)
 .init          0x000000000800d4f0        0x4 /Applications/STM32CubeIDE 2.app/Contents/Eclipse/plugins/com.st.stm32cube.ide.mcu.externaltools.gnu-tools-for-stm32.10.3-2021.10.macos64_1.0.0.202111181127/tools/bin/../lib/gcc/arm-none-eabi/10.3.1/thumb/v7-m/nofp/crti.o
                0x000000000800d4f0                _init
 .init          0x000000000800d4f4        0x8 /Applications/STM32CubeIDE 2.app/Contents/Eclipse/plugins/com.st.stm32cube.ide.mcu.externaltools.gnu-tools-for-stm32.10.3-2021.10.macos64_1.0.0.202111181127/tools/bin/../lib/gcc/arm-none-eabi/10.3.1/thumb/v7-m/nofp/crtn.o
 *(.fini)
 .fini          0x000000000800d4fc        0x4 /Applications/STM32CubeIDE 2.app/Contents/Eclipse/plugins/com.st.stm32cube.ide.mcu.externaltools.gnu-tools-for-stm32.10.3-2021.10.macos64_1.0.0.202111181127/tools/bin/../lib/gcc/arm-none-eabi/10.3.1/thumb/v7-m/nofp/crti.o
                0x000000000800d4fc                _fini
 .fini          0x000000000800d500        0x8 /Applications/STM32CubeIDE 2.app/Contents/Eclipse/plugins/com.st.stm32cube.ide.mcu.externaltools.gnu-tools-for-stm32.10.3-2021.10.macos64_1.0.0.202111181127/tools/bin/../lib/gcc/arm-none-eabi/10.3.1/thumb/v7-m/nofp/crtn.o
                0x000000000800d508                . = ALIGN (0x4)
                0x000000000800d508                _etext = .

.vfp11_veneer   0x000000000800d508        0x0
 .vfp11_veneer  0x000000000800d508        0x0 linker stubs

.v4_bx          0x000000000800d508        0x0
 .v4_bx         0x000000000800d508        0x0 linker stubs

.iplt           0x000000000800d508        0x0
 .iplt          0x000000000800d508        0x0 /Applications/STM32CubeIDE 2.app/Contents/Eclipse/plugins/com.st.stm32cube.ide.mcu.externaltools.gnu-tools-for-stm32.10.3-2021.10.macos64_1.0.0.202111181127/tools/bin/../lib/gcc/arm-none-eabi/10.3.1/thumb/v7-m/nofp/crtbegin.o

.rodata         0x000000000800d508    0x22030
                0x000000000800d508                . = ALIGN (0x4)
 *(.rodata)
 .rodata        0x000000000800d508       0x12 ./Core/Src/SERVO42C.o
 *fill*         0x000000000800d51a        0x2 
 .rodata        0x000000000800d51c       0xea ./Core/Src/interface.o
 *fill*         0x000000000800d606        0x2 
 .rodata        0x000000000800d608       0x18 ./Core/Src/printf.o
 .rodata        0x000000000800d620       0x19 ./Core/Src/utils.o
 *fill*         0x000000000800d639        0x3 
 .rodata        0x000000000800d63c       0x10 ./Drivers/STM32F1xx_HAL_Driver/Src/stm32f1xx_hal_rcc.o
 *(.rodata*)
 .rodata.PulseDMABuff
                0x000000000800d64c    0x13880 ./Core/Src/SERVO42C.o
                0x000000000800d64c                PulseDMABuff
 .rodata._ZL8sinTable
                0x0000000008020ecc      0x168 ./Core/Src/interface.o
 .rodata._ZL17gcodeCenterOfMass
                0x0000000008021034        0xc ./Core/Src/interface.o
 .rodata._ZL5gcode
                0x0000000008021040      0x1b0 ./Core/Src/interface.o
 .rodata._ZL28gcodeCenterOfMass_ENTERPRIZE
                0x00000000080211f0        0xc ./Core/Src/interface.o
 .rodata._ZL16gcode_ENTERPRIZE
                0x00000000080211fc     0x4a40 ./Core/Src/interface.o
 .rodata._ZL25gcodeCenterOfMass_PYRAMID
                0x0000000008025c3c        0xc ./Core/Src/interface.o
 .rodata._ZL13gcode_PYRAMID
                0x0000000008025c48       0xb0 ./Core/Src/interface.o
 .rodata._ZL25gcodeCenterOfMass_GENSHIN
                0x0000000008025cf8        0xc ./Core/Src/interface.o
 .rodata._ZL13gcode_GENSHIN
                0x0000000008025d04     0x5ae0 ./Core/Src/interface.o
 .rodata._ZL23gcodeCenterOfMass_HKUST
                0x000000000802b7e4        0xc ./Core/Src/interface.o
 .rodata._ZL11gcode_HKUST
                0x000000000802b7f0     0x36a0 ./Core/Src/interface.o
 .rodata._ZTV14PreviewDisplay
                0x000000000802ee90       0x10 ./Core/Src/interface.o
                0x000000000802ee90                vtable for PreviewDisplay
 .rodata._ZTV8Joystick
                0x000000000802eea0       0x10 ./Core/Src/interface.o
                0x000000000802eea0                vtable for Joystick
 .rodata._ZTV6Slider
                0x000000000802eeb0       0x10 ./Core/Src/interface.o
                0x000000000802eeb0                vtable for Slider
 .rodata._ZTV6Button
                0x000000000802eec0       0x10 ./Core/Src/interface.o
                0x000000000802eec0                vtable for Button
 .rodata._ZTV9UIElement
                0x000000000802eed0       0x10 ./Core/Src/interface.o
                0x000000000802eed0                vtable for UIElement
 .rodata.ucAscii_1608
                0x000000000802eee0      0x5f0 ./Core/Src/lcdtp.o
                0x000000000802eee0                ucAscii_1608
 .rodata.pow10.0
                0x000000000802f4d0       0x50 ./Core/Src/printf.o
 .rodata.AHBPrescTable
                0x000000000802f520       0x10 ./Core/Src/system_stm32f1xx.o
                0x000000000802f520                AHBPrescTable
 .rodata.APBPrescTable
                0x000000000802f530        0x8 ./Core/Src/system_stm32f1xx.o
                0x000000000802f530                APBPrescTable
                0x000000000802f538                . = ALIGN (0x4)

.ARM.extab      0x000000000802f538        0x0
                0x000000000802f538                . = ALIGN (0x4)
 *(.ARM.extab* .gnu.linkonce.armextab.*)
                0x000000000802f538                . = ALIGN (0x4)

.ARM            0x000000000802f538        0x8
                0x000000000802f538                . = ALIGN (0x4)
                0x000000000802f538                __exidx_start = .
 *(.ARM.exidx*)
 .ARM.exidx     0x000000000802f538        0x8 /Applications/STM32CubeIDE 2.app/Contents/Eclipse/plugins/com.st.stm32cube.ide.mcu.externaltools.gnu-tools-for-stm32.10.3-2021.10.macos64_1.0.0.202111181127/tools/bin/../lib/gcc/arm-none-eabi/10.3.1/thumb/v7-m/nofp/libgcc.a(_udivmoddi4.o)
                0x000000000802f540                __exidx_end = .
                0x000000000802f540                . = ALIGN (0x4)

.rel.dyn        0x000000000802f540        0x0
 .rel.iplt      0x000000000802f540        0x0 /Applications/STM32CubeIDE 2.app/Contents/Eclipse/plugins/com.st.stm32cube.ide.mcu.externaltools.gnu-tools-for-stm32.10.3-2021.10.macos64_1.0.0.202111181127/tools/bin/../lib/gcc/arm-none-eabi/10.3.1/thumb/v7-m/nofp/crtbegin.o

.preinit_array  0x000000000802f540        0x0
                0x000000000802f540                . = ALIGN (0x4)
                0x000000000802f540                PROVIDE (__preinit_array_start = .)
 *(.preinit_array*)
                0x000000000802f540                PROVIDE (__preinit_array_end = .)
                0x000000000802f540                . = ALIGN (0x4)

.init_array     0x000000000802f540       0x10
                0x000000000802f540                . = ALIGN (0x4)
                0x000000000802f540                PROVIDE (__init_array_start = .)
 *(SORT_BY_NAME(.init_array.*))
 *(.init_array*)
 .init_array    0x000000000802f540        0x4 /Applications/STM32CubeIDE 2.app/Contents/Eclipse/plugins/com.st.stm32cube.ide.mcu.externaltools.gnu-tools-for-stm32.10.3-2021.10.macos64_1.0.0.202111181127/tools/bin/../lib/gcc/arm-none-eabi/10.3.1/thumb/v7-m/nofp/crtbegin.o
 .init_array    0x000000000802f544        0x4 ./Core/Src/LightController.o
 .init_array    0x000000000802f548        0x4 ./Core/Src/SERVO42C.o
 .init_array    0x000000000802f54c        0x4 ./Core/Src/interface.o
                0x000000000802f550                PROVIDE (__init_array_end = .)
                0x000000000802f550                . = ALIGN (0x4)

.fini_array     0x000000000802f550        0x4
                0x000000000802f550                . = ALIGN (0x4)
                [!provide]                        PROVIDE (__fini_array_start = .)
 *(SORT_BY_NAME(.fini_array.*))
 *(.fini_array*)
 .fini_array    0x000000000802f550        0x4 /Applications/STM32CubeIDE 2.app/Contents/Eclipse/plugins/com.st.stm32cube.ide.mcu.externaltools.gnu-tools-for-stm32.10.3-2021.10.macos64_1.0.0.202111181127/tools/bin/../lib/gcc/arm-none-eabi/10.3.1/thumb/v7-m/nofp/crtbegin.o
                [!provide]                        PROVIDE (__fini_array_end = .)
                0x000000000802f554                . = ALIGN (0x4)
                0x000000000802f554                _sidata = LOADADDR (.data)

.data           0x0000000020000000       0xc8 load address 0x000000000802f554
                0x0000000020000000                . = ALIGN (0x4)
                0x0000000020000000                _sdata = .
 *(.data)
 *(.data*)
 .data._ZZN9UIElement17updateAllElementsEvE9firstCall
                0x0000000020000000        0x1 ./Core/Src/EasyUI.o
 *fill*         0x0000000020000001        0x3 
 .data.length   0x0000000020000004        0x4 ./Core/Src/LightController.o
                0x0000000020000004                length
 .data.current_l
                0x0000000020000008        0x4 ./Core/Src/LightController.o
                0x0000000020000008                current_l
 .data.current_l_2
                0x000000002000000c        0x4 ./Core/Src/LightController.o
                0x000000002000000c                current_l_2
 .data.current_mid
                0x0000000020000010        0x4 ./Core/Src/LightController.o
                0x0000000020000010                current_mid
 .data.current_mid_2
                0x0000000020000014        0x4 ./Core/Src/LightController.o
                0x0000000020000014                current_mid_2
 .data.lightStatus
                0x0000000020000018        0x1 ./Core/Src/LightController.o
                0x0000000020000018                lightStatus
 *fill*         0x0000000020000019        0x3 
 .data.pTargetMotor
                0x000000002000001c        0x4 ./Core/Src/interface.o
                0x000000002000001c                pTargetMotor
 .data.DHT11_SCHEDULE_FLAG
                0x0000000020000020        0x1 ./Core/Src/main.o
                0x0000000020000020                DHT11_SCHEDULE_FLAG
 *fill*         0x0000000020000021        0x3 
 .data.SystemCoreClock
                0x0000000020000024        0x4 ./Core/Src/system_stm32f1xx.o
                0x0000000020000024                SystemCoreClock
 .data.strXPT2046_TouchPara
                0x0000000020000028       0x30 ./Core/Src/xpt2046.o
                0x0000000020000028                strXPT2046_TouchPara
 .data.uwTickPrio
                0x0000000020000058        0x4 ./Drivers/STM32F1xx_HAL_Driver/Src/stm32f1xx_hal.o
                0x0000000020000058                uwTickPrio
 .data.uwTickFreq
                0x000000002000005c        0x1 ./Drivers/STM32F1xx_HAL_Driver/Src/stm32f1xx_hal.o
                0x000000002000005c                uwTickFreq
 *fill*         0x000000002000005d        0x3 
 .data._ZN10__cxxabiv119__terminate_handlerE