../Core/Inc/utils.hpp:19:5:String::String(const char*)	16	static
../Core/Inc/SERVO42C.hpp:51:10:void PulseMotor::setFrequency(uint16_t)	16	static
../Core/Inc/SERVO42C.hpp:63:10:void PulseMotor::setDirection(uint8_t)	16	static
../Core/Inc/SERVO42C.hpp:68:10:void PulseMotor::pulse(uint16_t)	16	static
../Core/Inc/SERVO42C.hpp:74:10:void PulseMotor::spinStart()	16	static
../Core/Inc/SERVO42C.hpp:79:10:void PulseMotor::spinStop()	16	static
../Core/Inc/SERVO42C.hpp:84:10:void PulseMotor::emergencyStop()	16	static
../Core/Inc/SERVO42C.hpp:98:10:void PulseMotor::step(uint8_t, uint32_t)	96	static
../Core/Inc/SERVO42C.hpp:210:11:float SERVO42C_Pulse::getPosition()	24	static
../Core/Inc/SERVO42C.hpp:230:10:void SERVO42C_Pulse::resetStepSum()	16	static
../Core/Inc/EasyUI.hpp:35:5:Screen::Screen(void (*)())	16	static
../Core/Inc/EasyUI.hpp:43:10:void Screen::setActive()	16	static
../Core/Inc/EasyUI.hpp:64:10:bool UIElement::isInvalidInput(uint16_t, uint16_t)	16	static
../Core/Inc/EasyUI.hpp:76:5:UIElement::UIElement(Screen*, uint16_t, uint16_t, uint16_t, uint16_t)	24	static
../Core/Inc/EasyUI.hpp:85:10:bool UIElement::checkTouch(uint16_t, uint16_t)	16	static
../Core/Inc/EasyUI.hpp:106:5:Button::Button(Screen*, uint16_t, uint16_t, char*, uint16_t, uint16_t, uint16_t, uint16_t)	32	static
../Core/Inc/EasyUI.hpp:130:10:void Button::setText(const char*)	16	static
../Core/Inc/EasyUI.hpp:134:10:virtual void Button::render()	32	static
../Core/Inc/EasyUI.hpp:148:10:virtual void Button::update(u_int16_t, u_int16_t)	16	static
../Core/Inc/EasyUI.hpp:193:5:Slider::Slider(Screen*, uint16_t, uint16_t, uint16_t, uint16_t, uint16_t, uint16_t)	32	static
../Core/Inc/EasyUI.hpp:208:10:virtual void Slider::render()	16	static
../Core/Inc/EasyUI.hpp:219:14:uint16_t Slider::wrapY(u_int16_t)	16	static
../Core/Inc/EasyUI.hpp:230:10:virtual void Slider::update(u_int16_t, u_int16_t)	24	static
../Core/Inc/EasyUI.hpp:249:11:float Slider::getValue()	24	static
../Core/Inc/EasyUI.hpp:382:5:Joystick::Joystick(Screen*, uint16_t, uint16_t, uint16_t, uint16_t, uint16_t, void (*)())	32	static
../Core/Inc/EasyUI.hpp:395:10:virtual void Joystick::render()	16	static
../Core/Inc/EasyUI.hpp:407:10:void Joystick::clearDot()	16	static
../Core/Inc/EasyUI.hpp:413:10:void Joystick::renderDot()	16	static
../Core/Inc/EasyUI.hpp:418:10:void Joystick::renderDeadZone()	40	static
../Core/Inc/EasyUI.hpp:427:10:bool Joystick::insideDeadZone_X()	24	static
../Core/Inc/EasyUI.hpp:430:10:bool Joystick::insideDeadZone_Y()	24	static
../Core/Inc/EasyUI.hpp:434:14:uint16_t Joystick::wrapX(u_int16_t)	16	static
../Core/Inc/EasyUI.hpp:445:15:u_int16_t Joystick::wrapY(u_int16_t)	16	static
../Core/Inc/EasyUI.hpp:456:14:uint16_t Joystick::getInitialDotX()	16	static
../Core/Inc/EasyUI.hpp:461:14:uint16_t Joystick::getInitialDotY()	16	static
../Core/Inc/EasyUI.hpp:467:10:virtual void Joystick::update(u_int16_t, u_int16_t)	24	static
../Core/Inc/EasyUI.hpp:517:11:float Joystick::get_dX()	24	static
../Core/Inc/EasyUI.hpp:524:11:float Joystick::get_dX_dt()	24	static
../Core/Inc/EasyUI.hpp:530:11:float Joystick::get_dY()	24	static
../Core/Inc/EasyUI.hpp:537:11:float Joystick::get_dY_dt()	24	static
../Core/Src/PathPreview.hpp:11:7:float fastsin(int)	16	static
../Core/Src/PathPreview.hpp:25:7:float fastcos(int)	16	static
../Core/Src/PathPreview.hpp:44:9:Point3D rotatePoint(const Point3D&, Axis)	32	static
../Core/Src/PathPreview.hpp:73:6:void setPixel(int, int, uint16_t, float)	48	static
../Core/Src/PathPreview.hpp:93:6:void drawLineToVRAM(uint16_t, uint16_t, uint16_t, uint16_t, uint16_t)	48	static
../Core/Src/PathPreview.hpp:117:6:void drawLineToVRAM_AA(uint16_t, uint16_t, uint16_t, uint16_t, uint16_t)	72	static
../Core/Src/PathPreview.hpp:159:6:void resetVRAM()	16	static
../Core/Src/PathPreview.hpp:176:6:void renderVRAM(int, int)	24	static
../Core/Src/PathPreview.hpp:215:6:void drawReferenceLine(int, int)	32	static
../Core/Src/PathPreview.hpp:240:5:PreviewDisplay::PreviewDisplay(Screen*, uint16_t, uint16_t, uint16_t)	40	static
../Core/Src/PathPreview.hpp:250:10:void PreviewDisplay::map2d(float, float, float)	96	static
../Core/Src/PathPreview.hpp:281:10:void PreviewDisplay::map3d(int, int)	112	static
../Core/Src/PathPreview.hpp:316:10:virtual void PreviewDisplay::render()	24	static
../Core/Src/PathPreview.hpp:331:10:virtual void PreviewDisplay::update(uint16_t, uint16_t)	16	static
../Core/Src/interface.cpp:58:6:void printTargetMotor()	112	static
../Core/Src/interface.cpp:76:6:void printPosition()	144	static
../Core/Src/interface.cpp:84:6:bool isMotorStuck_X()	8	static
../Core/Src/interface.cpp:87:6:bool isMotorStuck_Y()	8	static
../Core/Src/interface.cpp:90:6:bool isMotorStuck_Z()	8	static
../Core/Src/interface.cpp:94:6:void setActiveScreen0()	8	static
../Core/Src/interface.cpp:98:6:void setActiveScreen1()	8	static
../Core/Src/interface.cpp:115:6:void setGcodeSource(GCODE_SOURCE)	16	static
../Core/Src/interface.cpp:149:24:setupUI()::<lambda()>	16	static
../Core/Src/interface.cpp:149:24:static void setupUI()::<lambda()>::_FUN()	8	static
../Core/Src/interface.cpp:149:24:setupUI()::<lambda()>::operator void (*)()() const	16	static
../Core/Src/interface.cpp:155:25:setupUI()::<lambda()>	16	static
../Core/Src/interface.cpp:155:25:static void setupUI()::<lambda()>::_FUN()	8	static
../Core/Src/interface.cpp:155:25:setupUI()::<lambda()>::operator void (*)()() const	16	static
../Core/Src/interface.cpp:160:25:setupUI()::<lambda()>	16	static
../Core/Src/interface.cpp:160:25:static void setupUI()::<lambda()>::_FUN()	8	static
../Core/Src/interface.cpp:160:25:setupUI()::<lambda()>::operator void (*)()() const	16	static
../Core/Src/interface.cpp:166:26:setupUI()::<lambda()>	16	static
../Core/Src/interface.cpp:166:26:static void setupUI()::<lambda()>::_FUN()	8	static
../Core/Src/interface.cpp:166:26:setupUI()::<lambda()>::operator void (*)()() const	16	static
../Core/Src/interface.cpp:171:28:setupUI()::<lambda()>	16	static
../Core/Src/interface.cpp:171:28:static void setupUI()::<lambda()>::_FUN()	8	static
../Core/Src/interface.cpp:171:28:setupUI()::<lambda()>::operator void (*)()() const	16	static
../Core/Src/interface.cpp:189:27:setupUI()::<lambda()>	48	static
../Core/Src/interface.cpp:189:27:static void setupUI()::<lambda()>::_FUN()	8	static
../Core/Src/interface.cpp:189:27:setupUI()::<lambda()>::operator void (*)()() const	16	static
../Core/Src/interface.cpp:231:27:setupUI()::<lambda()>	16	static
../Core/Src/interface.cpp:231:27:static void setupUI()::<lambda()>::_FUN()	8	static
../Core/Src/interface.cpp:231:27:setupUI()::<lambda()>::operator void (*)()() const	16	static
../Core/Src/interface.cpp:261:32:setupUI()::<lambda()>	112	static
../Core/Src/interface.cpp:261:32:static void setupUI()::<lambda()>::_FUN()	8	static
../Core/Src/interface.cpp:261:32:setupUI()::<lambda()>::operator void (*)()() const	16	static
../Core/Src/interface.cpp:271:29:setupUI()::<lambda()>	32	static
../Core/Src/interface.cpp:271:29:static void setupUI()::<lambda()>::_FUN()	8	static
../Core/Src/interface.cpp:271:29:setupUI()::<lambda()>::operator void (*)()() const	16	static
../Core/Src/interface.cpp:277:29:setupUI()::<lambda()>	16	static
../Core/Src/interface.cpp:277:29:static void setupUI()::<lambda()>::_FUN()	8	static
../Core/Src/interface.cpp:277:29:setupUI()::<lambda()>::operator void (*)()() const	16	static
../Core/Src/interface.cpp:288:30:setupUI()::<lambda()>	16	static
../Core/Src/interface.cpp:288:30:static void setupUI()::<lambda()>::_FUN()	8	static
../Core/Src/interface.cpp:288:30:setupUI()::<lambda()>::operator void (*)()() const	16	static
../Core/Src/interface.cpp:293:35:setupUI()::<lambda()>	24	static
../Core/Src/interface.cpp:293:35:static void setupUI()::<lambda()>::_FUN()	8	static
../Core/Src/interface.cpp:293:35:setupUI()::<lambda()>::operator void (*)()() const	16	static
../Core/Src/interface.cpp:308:33:setupUI()::<lambda()>	16	static
../Core/Src/interface.cpp:308:33:static void setupUI()::<lambda()>::_FUN()	8	static
../Core/Src/interface.cpp:308:33:setupUI()::<lambda()>::operator void (*)()() const	16	static
../Core/Src/interface.cpp:311:37:setupUI()::<lambda()>	16	static
../Core/Src/interface.cpp:311:37:static void setupUI()::<lambda()>::_FUN()	8	static
../Core/Src/interface.cpp:311:37:setupUI()::<lambda()>::operator void (*)()() const	16	static
../Core/Src/interface.cpp:319:32:setupUI()::<lambda()>	16	static
../Core/Src/interface.cpp:319:32:static void setupUI()::<lambda()>::_FUN()	8	static
../Core/Src/interface.cpp:319:32:setupUI()::<lambda()>::operator void (*)()() const	16	static
../Core/Src/interface.cpp:327:34:setupUI()::<lambda()>	16	static
../Core/Src/interface.cpp:327:34:static void setupUI()::<lambda()>::_FUN()	8	static
../Core/Src/interface.cpp:327:34:setupUI()::<lambda()>::operator void (*)()() const	16	static
../Core/Src/interface.cpp:339:31:setupUI()::<lambda()>	32	static
../Core/Src/interface.cpp:339:31:static void setupUI()::<lambda()>::_FUN()	8	static
../Core/Src/interface.cpp:339:31:setupUI()::<lambda()>::operator void (*)()() const	16	static
../Core/Src/interface.cpp:360:27:setupUI()::<lambda()>	16	static
../Core/Src/interface.cpp:360:27:static void setupUI()::<lambda()>::_FUN()	8	static
../Core/Src/interface.cpp:360:27:setupUI()::<lambda()>::operator void (*)()() const	16	static
../Core/Src/interface.cpp:364:27:setupUI()::<lambda()>	16	static
../Core/Src/interface.cpp:364:27:static void setupUI()::<lambda()>::_FUN()	8	static
../Core/Src/interface.cpp:364:27:setupUI()::<lambda()>::operator void (*)()() const	16	static
../Core/Src/interface.cpp:368:27:setupUI()::<lambda()>	16	static
../Core/Src/interface.cpp:368:27:static void setupUI()::<lambda()>::_FUN()	8	static
../Core/Src/interface.cpp:368:27:setupUI()::<lambda()>::operator void (*)()() const	16	static
../Core/Src/interface.cpp:372:27:setupUI()::<lambda()>	16	static
../Core/Src/interface.cpp:372:27:static void setupUI()::<lambda()>::_FUN()	8	static
../Core/Src/interface.cpp:372:27:setupUI()::<lambda()>::operator void (*)()() const	16	static
../Core/Src/interface.cpp:376:34:setupUI()::<lambda()>	16	static
../Core/Src/interface.cpp:376:34:static void setupUI()::<lambda()>::_FUN()	8	static
../Core/Src/interface.cpp:376:34:setupUI()::<lambda()>::operator void (*)()() const	16	static
../Core/Src/interface.cpp:148:6:void setupUI()	96	static
../Core/Src/interface.cpp:382:6:void myfunc()	88	static
../Core/Src/interface.cpp:450:1:void __static_initialization_and_destruction_0(int, int)	40	static
../Core/Src/interface.cpp:450:1:cpp)	8	static
