../Core/Inc/WS2812.hpp:39:5:RGB::RGB(uint8_t, uint8_t, uint8_t)	16	static
../Core/Inc/WS2812.hpp:40:5:RGB::RGB(uint8_t, uint8_t, uint8_t, float)	16	static
../Core/Src/LightController.cpp:18:16:playStartAnimation()::<lambda(int, int)>	24	static
../Core/Src/LightController.cpp:19:16:playStartAnimation()::<lambda(int, int)>	24	static
../Core/Src/LightController.cpp:5:6:void playStartAnimation()	40	static
../Core/Src/LightController.cpp:45:6:void updateBreathAnimation(int, RGB)	64	static
../Core/Src/LightController.cpp:77:16:updateLightStream(int, int, bool, int&)::<lambda(int, int)>	24	static
../Core/Src/LightController.cpp:78:16:updateLightStream(int, int, bool, int&)::<lambda(int, int)>	24	static
../Core/Src/LightController.cpp:71:6:void updateLightStream(int, int, bool, int&)	40	static
../Core/Src/LightController.cpp:115:6:void updateResettingAnimation()	24	static
../Core/Src/LightController.cpp:150:6:void updateLightEffect()	32	static
../Core/Src/LightController.cpp:189:2:void __static_initialization_and_destruction_0(int, int)	24	static
../Core/Src/LightController.cpp:189:2:cpp)	8	static
