../Core/Src/stm32f1xx_it.c:84:6:NMI_Handler	4	static
../Core/Src/stm32f1xx_it.c:97:6:HardFault_Handler	4	static
../Core/Src/stm32f1xx_it.c:112:6:MemManage_Handler	4	static
../Core/Src/stm32f1xx_it.c:127:6:BusFault_Handler	4	static
../Core/Src/stm32f1xx_it.c:142:6:UsageFault_Handler	4	static
../Core/Src/stm32f1xx_it.c:157:6:SVC_Handler	4	static
../Core/Src/stm32f1xx_it.c:170:6:DebugMon_Handler	4	static
../Core/Src/stm32f1xx_it.c:183:6:PendSV_Handler	4	static
../Core/Src/stm32f1xx_it.c:196:6:SysTick_Handler	8	static
../Core/Src/stm32f1xx_it.c:218:6:EXTI0_IRQHandler	8	static
../Core/Src/stm32f1xx_it.c:233:6:EXTI4_IRQHandler	8	static
../Core/Src/stm32f1xx_it.c:253:6:DMA1_Channel1_IRQHandler	8	static
../Core/Src/stm32f1xx_it.c:270:6:DMA1_Channel2_IRQHandler	8	static
../Core/Src/stm32f1xx_it.c:288:6:DMA1_Channel6_IRQHandler	8	static
../Core/Src/stm32f1xx_it.c:306:6:TIM3_IRQHandler	8	static
../Core/Src/stm32f1xx_it.c:328:6:USART1_IRQHandler	16	static
../Core/Src/stm32f1xx_it.c:348:6:EXTI15_10_IRQHandler	8	static
../Core/Src/stm32f1xx_it.c:362:6:TIM5_IRQHandler	8	static
../Core/Src/stm32f1xx_it.c:377:6:DMA2_Channel3_IRQHandler	8	static
